{
  "native_records_reconciled": 1,
  "sources": [
    {
      "locale": "en-US",
      "source": "runs/SC-data-002/train.jsonl",
      "sha256": "5aed4e184d6f7b79208390f049f3f5acf270c56fb840b951ca67bc446c0ef7a2",
      "counts": {
        "fit": 768,
        "check": 768,
        "final": 768
      }
    },
    {
      "locale": "es-ES",
      "source": "runs/SS-language-data/es-ES-train.jsonl",
      "sha256": "d0874a1ee983a4596a55b55db1abf90f75aeb77991c84126508cb171f0fff78c",
      "counts": {
        "fit": 0,
        "check": 0,
        "final": 0
      }
    },
    {
      "locale": "fr-FR",
      "source": "runs/SS-language-data/fr-FR-train.jsonl",
      "sha256": "65b58a974305623c7e572d58d85a290b5a6daa929b5fa72f9e7bd54df478da0e",
      "counts": {
        "fit": 0,
        "check": 0,
        "final": 0
      }
    },
    {
      "locale": "de-DE",
      "source": "runs/SS-language-data/de-DE-train.jsonl",
      "sha256": "d444db0acd6b1b72d28304d183bc191951fbbb69fc15737e6b979961570524ab",
      "counts": {
        "fit": 0,
        "check": 0,
        "final": 0
      }
    }
  ]
}
