{
  "passed": true,
  "owner": "1e165b7877d37d8b0828c7de10780a0623db285d86b8703892f1f8414beecec8",
  "independent_proposals": {
    "learned-4101": 512,
    "balanced-4101": 512,
    "learned-4102": 512,
    "balanced-4102": 512
  },
  "proposal_checks": 2048,
  "exact_resume_decisions": 64,
  "protected_tensors": 224,
  "protected_equal": true,
  "twelve_strand_predictions_unchanged": true,
  "source_gate": false,
  "same_actual_owner": true,
  "tamper_rejected": true,
  "fresh_owned_route_tasks": 180,
  "selected_checkpoint": "132e8e23db4818cd6e788ae80e228d0e57d1a0904374b89d35ade7f92659b8c0"
}
