{
  "learned-4101": {
    "exact_pass": true,
    "exact_routes": 60,
    "exact_cases": 5760,
    "language_confirmed": 5,
    "language_attempted": 6
  },
  "balanced-4101": {
    "exact_pass": true,
    "exact_routes": 49,
    "exact_cases": 4704,
    "language_confirmed": 8,
    "language_attempted": 9
  },
  "learned-4102": {
    "exact_pass": true,
    "exact_routes": 58,
    "exact_cases": 5568,
    "language_confirmed": 4,
    "language_attempted": 5
  },
  "balanced-4102": {
    "exact_pass": true,
    "exact_routes": 49,
    "exact_cases": 4704,
    "language_confirmed": 8,
    "language_attempted": 9
  }
}
