{
  "selected": "learned-4101",
  "candidates": {
    "learned-4101": {
      "decisions": 256,
      "candidate_attempts": 512,
      "retained": 66,
      "reward": 55.059999999999995,
      "unique_connections": 34,
      "unique_routes": 66,
      "rejected": 307,
      "domains": {
        "motion_0": {
          "decisions": 46,
          "retained": 12
        },
        "motion_1": {
          "decisions": 72,
          "retained": 23
        },
        "motion_2": {
          "decisions": 75,
          "retained": 25
        },
        "polynomials": {
          "decisions": 9,
          "retained": 0
        },
        "en-US": {
          "decisions": 20,
          "retained": 3
        },
        "es-ES": {
          "decisions": 18,
          "retained": 3
        },
        "fr-FR": {
          "decisions": 8,
          "retained": 0
        },
        "de-DE": {
          "decisions": 8,
          "retained": 0
        }
      },
      "checkpoint": "132e8e23db4818cd6e788ae80e228d0e57d1a0904374b89d35ade7f92659b8c0"
    },
    "balanced-4101": {
      "decisions": 256,
      "candidate_attempts": 512,
      "retained": 58,
      "reward": 52.209999999999994,
      "unique_connections": 35,
      "unique_routes": 58,
      "rejected": 359,
      "domains": {
        "motion_0": {
          "decisions": 43,
          "retained": 12
        },
        "motion_1": {
          "decisions": 44,
          "retained": 18
        },
        "motion_2": {
          "decisions": 44,
          "retained": 18
        },
        "polynomials": {
          "decisions": 41,
          "retained": 1
        },
        "en-US": {
          "decisions": 31,
          "retained": 5
        },
        "es-ES": {
          "decisions": 18,
          "retained": 3
        },
        "fr-FR": {
          "decisions": 15,
          "retained": 0
        },
        "de-DE": {
          "decisions": 20,
          "retained": 1
        }
      },
      "checkpoint": "a8eb4843eb96d059143d59c83258c9eccce1f6aae7ff23194eed65ccb0b83f18"
    },
    "learned-4102": {
      "decisions": 256,
      "candidate_attempts": 512,
      "retained": 63,
      "reward": 50.669999999999995,
      "unique_connections": 31,
      "unique_routes": 63,
      "rejected": 313,
      "domains": {
        "motion_0": {
          "decisions": 47,
          "retained": 12
        },
        "motion_1": {
          "decisions": 73,
          "retained": 23
        },
        "motion_2": {
          "decisions": 59,
          "retained": 23
        },
        "polynomials": {
          "decisions": 15,
          "retained": 0
        },
        "en-US": {
          "decisions": 15,
          "retained": 2
        },
        "es-ES": {
          "decisions": 18,
          "retained": 3
        },
        "fr-FR": {
          "decisions": 14,
          "retained": 0
        },
        "de-DE": {
          "decisions": 15,
          "retained": 0
        }
      },
      "checkpoint": "3847322abb0ba5c89557e9edb3e37caa543e3ecfc0c58a3d68e4fb2e6a4030a8"
    },
    "balanced-4102": {
      "decisions": 256,
      "candidate_attempts": 512,
      "retained": 58,
      "reward": 52.209999999999994,
      "unique_connections": 35,
      "unique_routes": 58,
      "rejected": 359,
      "domains": {
        "motion_0": {
          "decisions": 43,
          "retained": 12
        },
        "motion_1": {
          "decisions": 44,
          "retained": 18
        },
        "motion_2": {
          "decisions": 44,
          "retained": 18
        },
        "polynomials": {
          "decisions": 41,
          "retained": 1
        },
        "en-US": {
          "decisions": 31,
          "retained": 5
        },
        "es-ES": {
          "decisions": 18,
          "retained": 3
        },
        "fr-FR": {
          "decisions": 15,
          "retained": 0
        },
        "de-DE": {
          "decisions": 20,
          "retained": 1
        }
      },
      "checkpoint": "085c18fa32d1cae233b95772d16daff3249c57cea560b4df849c7ccfedf6d09e"
    }
  }
}
