{
  "distinct_worlds": 48,
  "episodes": 144,
  "supported_information_worlds": 40,
  "qualified_supported_information_worlds": 40,
  "original_initial_mse": 0.01291411421521188,
  "original_final_mse": 2.030408546786527e-05,
  "original_error_reduction_percent": 99.84277601135084,
  "supported_final_mse": 1.4288801430241172e-05,
  "supported_control_mse": {
    "initial_passive": 0.00435588463448975,
    "classical_temporal": 0.0002355079542901227,
    "classical_pulse_loss": 1.7096074369038184e-05,
    "classical_selection": 1.615932140270501e-05,
    "trust_command": 0.00021994979134068058,
    "current_r1_readout": 0.01612408981177208,
    "current_r2_fitted": 0.005194554328610647
  },
  "final_unseen_programs_per_world": 71,
  "final_distinct_world_programs": 3408,
  "final_prediction_exposures": 10224,
  "wide_prediction_exposures": 2160,
  "all_false_admissions": [
    "omitted-47102-balanced"
  ],
  "supported_rejections": [
    "pulse_loss-47102-balanced"
  ]
}
