{'subject': 'static-47101-information', 'accepted': True, 'selected': 'temporal', 'mse': 4.954250679413008e-07, 'elapsed_seconds': 2.481378600001335}
{'subject': 'static-47101-balanced', 'accepted': True, 'selected': 'temporal', 'mse': 2.529471612225954e-06, 'elapsed_seconds': 0.8340984999667853}
{'subject': 'static-47101-passive', 'accepted': False, 'selected': 'temporal', 'mse': 0.017775844559559655, 'elapsed_seconds': 0.2632342999568209}
{'subject': 'static-47102-information', 'accepted': True, 'selected': 'temporal', 'mse': 1.0683217185930117e-07, 'elapsed_seconds': 2.071273799985647}
{'subject': 'static-47102-balanced', 'accepted': True, 'selected': 'temporal', 'mse': 2.3233898309241458e-06, 'elapsed_seconds': 0.5917451999848709}
{'subject': 'static-47102-passive', 'accepted': False, 'selected': 'temporal', 'mse': 0.01600676898892939, 'elapsed_seconds': 0.2238838000339456}
{'subject': 'static-47103-information', 'accepted': True, 'selected': 'temporal', 'mse': 4.728526784974601e-06, 'elapsed_seconds': 1.9962471000035293}
{'subject': 'static-47103-balanced', 'accepted': True, 'selected': 'temporal', 'mse': 5.3780242084160274e-08, 'elapsed_seconds': 0.6888323000166565}
{'subject': 'static-47103-passive', 'accepted': False, 'selected': 'temporal', 'mse': 0.012541462401127088, 'elapsed_seconds': 0.22986899997340515}
{'subject': 'static-47104-information', 'accepted': True, 'selected': 'temporal', 'mse': 9.795976014266227e-06, 'elapsed_seconds': 2.0269482000148855}
{'subject': 'static-47104-balanced', 'accepted': True, 'selected': 'temporal', 'mse': 7.208181993493863e-06, 'elapsed_seconds': 0.624448399990797}
{'subject': 'static-47104-passive', 'accepted': False, 'selected': 'temporal', 'mse': 0.017180428916976652, 'elapsed_seconds': 0.22839849995216355}
{'subject': 'static-47105-information', 'accepted': True, 'selected': 'temporal', 'mse': 1.4424161481937421e-06, 'elapsed_seconds': 1.9537565999780782}
{'subject': 'static-47105-balanced', 'accepted': True, 'selected': 'temporal', 'mse': 9.146970503574184e-06, 'elapsed_seconds': 0.6086993999779224}
{'subject': 'static-47105-passive', 'accepted': False, 'selected': 'temporal', 'mse': 0.011377253034811081, 'elapsed_seconds': 0.22980540001299232}
{'subject': 'static-47106-information', 'accepted': True, 'selected': 'temporal', 'mse': 3.068051387916067e-05, 'elapsed_seconds': 2.1635305999661796}
{'subject': 'static-47106-balanced', 'accepted': True, 'selected': 'temporal', 'mse': 2.69110806045297e-07, 'elapsed_seconds': 0.5876272000023164}
{'subject': 'static-47106-passive', 'accepted': False, 'selected': 'temporal', 'mse': 0.012838246290937622, 'elapsed_seconds': 0.228186399966944}
{'subject': 'static-47107-information', 'accepted': True, 'selected': 'temporal', 'mse': 9.329574288912396e-07, 'elapsed_seconds': 2.119778399995994}
{'subject': 'static-47107-balanced', 'accepted': True, 'selected': 'temporal', 'mse': 1.5277595292790925e-06, 'elapsed_seconds': 0.6248170000035316}
{'subject': 'static-47107-passive', 'accepted': False, 'selected': 'temporal', 'mse': 0.01393633821967827, 'elapsed_seconds': 0.2276990999816917}
{'subject': 'static-47108-information', 'accepted': True, 'selected': 'temporal', 'mse': 2.8577862609884134e-06, 'elapsed_seconds': 2.0591861000284553}
{'subject': 'static-47108-balanced', 'accepted': True, 'selected': 'temporal', 'mse': 3.706237359059889e-06, 'elapsed_seconds': 0.5707320999936201}
{'subject': 'static-47108-passive', 'accepted': False, 'selected': 'temporal', 'mse': 0.010239884681863844, 'elapsed_seconds': 0.2244568999740295}
{'subject': 'markov-47101-information', 'accepted': True, 'selected': 'temporal', 'mse': 4.808629713840039e-07, 'elapsed_seconds': 2.0407495999825187}
{'subject': 'markov-47101-balanced', 'accepted': True, 'selected': 'temporal', 'mse': 1.5600365448728804e-07, 'elapsed_seconds': 0.70223709999118}
{'subject': 'markov-47101-passive', 'accepted': False, 'selected': 'pulse_loss', 'mse': 0.003154503863340152, 'elapsed_seconds': 0.22558610001578927}
{'subject': 'markov-47102-information', 'accepted': True, 'selected': 'temporal', 'mse': 8.962605939129938e-06, 'elapsed_seconds': 1.7830873999628238}
{'subject': 'markov-47102-balanced', 'accepted': True, 'selected': 'temporal', 'mse': 6.399404056504386e-05, 'elapsed_seconds': 0.5105405999929644}
{'subject': 'markov-47102-passive', 'accepted': False, 'selected': 'pulse_loss', 'mse': 0.00255874521140273, 'elapsed_seconds': 0.22199310001451522}
{'subject': 'markov-47103-information', 'accepted': True, 'selected': 'temporal', 'mse': 4.231657198297245e-06, 'elapsed_seconds': 1.943980999989435}
{'subject': 'markov-47103-balanced', 'accepted': True, 'selected': 'temporal', 'mse': 2.594981024413782e-05, 'elapsed_seconds': 0.552013500011526}
{'subject': 'markov-47103-passive', 'accepted': False, 'selected': 'pulse_loss', 'mse': 0.0027109357920882247, 'elapsed_seconds': 0.23792779998620972}
{'subject': 'markov-47104-information', 'accepted': True, 'selected': 'temporal', 'mse': 6.494022661219587e-07, 'elapsed_seconds': 1.8015763000003062}
{'subject': 'markov-47104-balanced', 'accepted': True, 'selected': 'temporal', 'mse': 2.7817744296802472e-05, 'elapsed_seconds': 0.6425186999840662}
{'subject': 'markov-47104-passive', 'accepted': False, 'selected': 'pulse_loss', 'mse': 0.0028737271415428416, 'elapsed_seconds': 0.22975330002373084}
{'subject': 'markov-47105-information', 'accepted': True, 'selected': 'temporal', 'mse': 7.616026084541672e-06, 'elapsed_seconds': 2.2059323999565095}
{'subject': 'markov-47105-balanced', 'accepted': True, 'selected': 'temporal', 'mse': 1.0766143405708856e-05, 'elapsed_seconds': 0.513192499987781}
{'subject': 'markov-47105-passive', 'accepted': False, 'selected': 'pulse_loss', 'mse': 0.0027939482133036994, 'elapsed_seconds': 0.2691460999776609}
{'subject': 'markov-47106-information', 'accepted': True, 'selected': 'temporal', 'mse': 1.235064344073424e-06, 'elapsed_seconds': 2.0219501999672502}
{'subject': 'markov-47106-balanced', 'accepted': True, 'selected': 'temporal', 'mse': 2.361926231721765e-05, 'elapsed_seconds': 0.619101700023748}
{'subject': 'markov-47106-passive', 'accepted': False, 'selected': 'pulse_loss', 'mse': 0.003638148914388593, 'elapsed_seconds': 0.22153939999407157}
{'subject': 'markov-47107-information', 'accepted': True, 'selected': 'temporal', 'mse': 5.458158985443998e-08, 'elapsed_seconds': 2.0986510000075214}
{'subject': 'markov-47107-balanced', 'accepted': True, 'selected': 'temporal', 'mse': 8.007818442071172e-06, 'elapsed_seconds': 0.42225790000520647}
{'subject': 'markov-47107-passive', 'accepted': False, 'selected': 'pulse_loss', 'mse': 0.0031371887105019597, 'elapsed_seconds': 0.23193389998050407}
{'subject': 'markov-47108-information', 'accepted': True, 'selected': 'temporal', 'mse': 1.7929403280313627e-05, 'elapsed_seconds': 2.0169112000148743}
{'subject': 'markov-47108-balanced', 'accepted': True, 'selected': 'temporal', 'mse': 3.8347171380904847e-05, 'elapsed_seconds': 0.5563928000046872}
{'subject': 'markov-47108-passive', 'accepted': False, 'selected': 'pulse_loss', 'mse': 0.0025128572877963318, 'elapsed_seconds': 0.23577789997216314}
{'subject': 'mixed-47101-information', 'accepted': True, 'selected': 'temporal', 'mse': 3.110272465082006e-06, 'elapsed_seconds': 1.9333589999587275}
{'subject': 'mixed-47101-balanced', 'accepted': True, 'selected': 'temporal', 'mse': 1.2347040454356932e-06, 'elapsed_seconds': 0.4051266000024043}
{'subject': 'mixed-47101-passive', 'accepted': False, 'selected': 'temporal', 'mse': 0.0008003163098451122, 'elapsed_seconds': 0.22327270003734156}
{'subject': 'mixed-47102-information', 'accepted': True, 'selected': 'temporal', 'mse': 3.432693224221654e-05, 'elapsed_seconds': 1.88348809996387}
{'subject': 'mixed-47102-balanced', 'accepted': True, 'selected': 'temporal', 'mse': 7.291586260956528e-06, 'elapsed_seconds': 0.3729314000229351}
{'subject': 'mixed-47102-passive', 'accepted': False, 'selected': 'temporal', 'mse': 0.00011996061212283564, 'elapsed_seconds': 0.2219026000238955}
{'subject': 'mixed-47103-information', 'accepted': True, 'selected': 'temporal', 'mse': 7.031243805202473e-07, 'elapsed_seconds': 1.7693181000067852}
{'subject': 'mixed-47103-balanced', 'accepted': True, 'selected': 'temporal', 'mse': 7.87411528771099e-06, 'elapsed_seconds': 0.4375518999877386}
{'subject': 'mixed-47103-passive', 'accepted': False, 'selected': 'temporal', 'mse': 0.0007668649968161212, 'elapsed_seconds': 0.23404329997720197}
{'subject': 'mixed-47104-information', 'accepted': True, 'selected': 'temporal', 'mse': 3.326898131549337e-06, 'elapsed_seconds': 2.112894200021401}
{'subject': 'mixed-47104-balanced', 'accepted': True, 'selected': 'temporal', 'mse': 1.874617826293655e-05, 'elapsed_seconds': 0.4900653000222519}
{'subject': 'mixed-47104-passive', 'accepted': False, 'selected': 'temporal', 'mse': 6.831088895250235e-05, 'elapsed_seconds': 0.2299885000102222}
{'subject': 'mixed-47105-information', 'accepted': True, 'selected': 'temporal', 'mse': 1.387726349926032e-06, 'elapsed_seconds': 1.8374728000489995}
{'subject': 'mixed-47105-balanced', 'accepted': True, 'selected': 'temporal', 'mse': 1.612225137134057e-05, 'elapsed_seconds': 0.45236840000143275}
{'subject': 'mixed-47105-passive', 'accepted': False, 'selected': 'temporal', 'mse': 0.00011996889271593267, 'elapsed_seconds': 0.2430445000063628}
{'subject': 'mixed-47106-information', 'accepted': True, 'selected': 'temporal', 'mse': 3.2934888623494544e-06, 'elapsed_seconds': 2.069786500011105}
{'subject': 'mixed-47106-balanced', 'accepted': True, 'selected': 'temporal', 'mse': 5.750215306960149e-06, 'elapsed_seconds': 0.29931669996585697}
{'subject': 'mixed-47106-passive', 'accepted': False, 'selected': 'temporal', 'mse': 3.142949529886045e-05, 'elapsed_seconds': 0.2446207000175491}
{'subject': 'mixed-47107-information', 'accepted': True, 'selected': 'temporal', 'mse': 5.189608553924077e-06, 'elapsed_seconds': 2.1007382000098005}
{'subject': 'mixed-47107-balanced', 'accepted': True, 'selected': 'temporal', 'mse': 4.606541288034552e-06, 'elapsed_seconds': 0.46549579995917156}
{'subject': 'mixed-47107-passive', 'accepted': False, 'selected': 'temporal', 'mse': 0.00030614891302362286, 'elapsed_seconds': 0.2759444999974221}
{'subject': 'mixed-47108-information', 'accepted': True, 'selected': 'temporal', 'mse': 1.8822934822949109e-06, 'elapsed_seconds': 2.334570500010159}
{'subject': 'mixed-47108-balanced', 'accepted': True, 'selected': 'temporal', 'mse': 1.447548281356822e-05, 'elapsed_seconds': 0.2879295000457205}
{'subject': 'mixed-47108-passive', 'accepted': False, 'selected': 'temporal', 'mse': 0.0002091599648514673, 'elapsed_seconds': 0.27660280000418425}
{'subject': 'pulse_loss-47101-information', 'accepted': True, 'selected': 'pulse_loss', 'mse': 2.007234230938134e-05, 'elapsed_seconds': 2.4046769000124186}
{'subject': 'pulse_loss-47101-balanced', 'accepted': True, 'selected': 'pulse_loss', 'mse': 1.4144631892113372e-05, 'elapsed_seconds': 0.2747704000212252}
{'subject': 'pulse_loss-47101-passive', 'accepted': False, 'selected': 'pulse_loss', 'mse': 0.0003706223745633114, 'elapsed_seconds': 0.2542680999613367}
{'subject': 'pulse_loss-47102-information', 'accepted': True, 'selected': 'pulse_loss', 'mse': 0.00012576477747753317, 'elapsed_seconds': 1.8939585000043735}
{'subject': 'pulse_loss-47102-balanced', 'accepted': False, 'selected': 'temporal', 'mse': 0.0007992017007213461, 'elapsed_seconds': 0.28571339999325573}
{'subject': 'pulse_loss-47102-passive', 'accepted': False, 'selected': 'pulse_loss', 'mse': 0.0006245663348812518, 'elapsed_seconds': 0.2561493000248447}
{'subject': 'pulse_loss-47103-information', 'accepted': True, 'selected': 'pulse_loss', 'mse': 3.3465730174091165e-05, 'elapsed_seconds': 1.963750800001435}
{'subject': 'pulse_loss-47103-balanced', 'accepted': True, 'selected': 'pulse_loss', 'mse': 2.907672322970747e-06, 'elapsed_seconds': 0.34063599997898564}
{'subject': 'pulse_loss-47103-passive', 'accepted': False, 'selected': 'pulse_loss', 'mse': 0.0019043038303011807, 'elapsed_seconds': 0.23743149999063462}
{'subject': 'pulse_loss-47104-information', 'accepted': True, 'selected': 'pulse_loss', 'mse': 1.3521238043157212e-05, 'elapsed_seconds': 1.8537769000395201}
{'subject': 'pulse_loss-47104-balanced', 'accepted': True, 'selected': 'pulse_loss', 'mse': 9.604354942510503e-06, 'elapsed_seconds': 0.3197245999472216}
{'subject': 'pulse_loss-47104-passive', 'accepted': False, 'selected': 'pulse_loss', 'mse': 0.0003102936908337201, 'elapsed_seconds': 0.2578549000318162}
{'subject': 'pulse_loss-47105-information', 'accepted': True, 'selected': 'pulse_loss', 'mse': 5.2471270650533004e-05, 'elapsed_seconds': 1.8792014999780804}
{'subject': 'pulse_loss-47105-balanced', 'accepted': True, 'selected': 'pulse_loss', 'mse': 0.00012077884089962984, 'elapsed_seconds': 0.2750683999620378}
{'subject': 'pulse_loss-47105-passive', 'accepted': False, 'selected': 'pulse_loss', 'mse': 0.001508900021234269, 'elapsed_seconds': 0.2393277999944985}
{'subject': 'pulse_loss-47106-information', 'accepted': True, 'selected': 'pulse_loss', 'mse': 2.590557601218089e-07, 'elapsed_seconds': 1.8648875000071712}
{'subject': 'pulse_loss-47106-balanced', 'accepted': True, 'selected': 'pulse_loss', 'mse': 0.00021937544625500501, 'elapsed_seconds': 0.2795555000193417}
{'subject': 'pulse_loss-47106-passive', 'accepted': False, 'selected': 'pulse_loss', 'mse': 0.0012559454724209026, 'elapsed_seconds': 0.23956080002244562}
{'subject': 'pulse_loss-47107-information', 'accepted': True, 'selected': 'pulse_loss', 'mse': 6.2708321318786425e-06, 'elapsed_seconds': 1.8521634000353515}
{'subject': 'pulse_loss-47107-balanced', 'accepted': True, 'selected': 'pulse_loss', 'mse': 0.0001976059264033949, 'elapsed_seconds': 0.408940099994652}
{'subject': 'pulse_loss-47107-passive', 'accepted': False, 'selected': 'pulse_loss', 'mse': 0.0013939708251112658, 'elapsed_seconds': 0.23983350000344217}
{'subject': 'pulse_loss-47108-information', 'accepted': True, 'selected': 'pulse_loss', 'mse': 5.9811787332253776e-05, 'elapsed_seconds': 1.8859481000108644}
{'subject': 'pulse_loss-47108-balanced', 'accepted': True, 'selected': 'pulse_loss', 'mse': 1.2947741291455531e-05, 'elapsed_seconds': 0.29792450001696125}
{'subject': 'pulse_loss-47108-passive', 'accepted': False, 'selected': 'pulse_loss', 'mse': 0.0014269316849555163, 'elapsed_seconds': 0.23859910003375262}
{'subject': 'unreliable_pulses-47101-information', 'accepted': True, 'selected': 'temporal', 'mse': 1.2274441767797727e-05, 'elapsed_seconds': 3.5196067999931984}
{'subject': 'unreliable_pulses-47101-balanced', 'accepted': True, 'selected': 'temporal', 'mse': 1.917273044942838e-05, 'elapsed_seconds': 0.47120040003210306}
{'subject': 'unreliable_pulses-47101-passive', 'accepted': False, 'selected': 'temporal', 'mse': 3.145352522021431e-05, 'elapsed_seconds': 0.25769930001115426}
{'subject': 'unreliable_pulses-47102-information', 'accepted': True, 'selected': 'temporal', 'mse': 2.466429407926698e-05, 'elapsed_seconds': 3.931990700017195}
{'subject': 'unreliable_pulses-47102-balanced', 'accepted': True, 'selected': 'temporal', 'mse': 1.565134015829936e-05, 'elapsed_seconds': 0.4017526999814436}
{'subject': 'unreliable_pulses-47102-passive', 'accepted': False, 'selected': 'temporal', 'mse': 0.00013128106352074578, 'elapsed_seconds': 0.25104689999716356}
{'subject': 'unreliable_pulses-47103-information', 'accepted': True, 'selected': 'temporal', 'mse': 7.97248995157608e-06, 'elapsed_seconds': 3.681694000028074}
{'subject': 'unreliable_pulses-47103-balanced', 'accepted': True, 'selected': 'temporal', 'mse': 8.668780592318226e-07, 'elapsed_seconds': 0.40947549999691546}
{'subject': 'unreliable_pulses-47103-passive', 'accepted': False, 'selected': 'temporal', 'mse': 8.154571441763447e-05, 'elapsed_seconds': 0.2628604000201449}
{'subject': 'unreliable_pulses-47104-information', 'accepted': True, 'selected': 'temporal', 'mse': 2.959932927227988e-06, 'elapsed_seconds': 3.1660154000273906}
{'subject': 'unreliable_pulses-47104-balanced', 'accepted': True, 'selected': 'temporal', 'mse': 2.203759234675438e-05, 'elapsed_seconds': 0.4315195999806747}
{'subject': 'unreliable_pulses-47104-passive', 'accepted': False, 'selected': 'temporal', 'mse': 0.0014396816058852607, 'elapsed_seconds': 0.25518179999198765}
{'subject': 'unreliable_pulses-47105-information', 'accepted': True, 'selected': 'temporal', 'mse': 2.577412886202692e-05, 'elapsed_seconds': 4.166340700001456}
{'subject': 'unreliable_pulses-47105-balanced', 'accepted': True, 'selected': 'temporal', 'mse': 0.00013165370426572527, 'elapsed_seconds': 0.3530298999976367}
{'subject': 'unreliable_pulses-47105-passive', 'accepted': False, 'selected': 'temporal', 'mse': 2.5889158737469566e-06, 'elapsed_seconds': 0.24472369998693466}
{'subject': 'unreliable_pulses-47106-information', 'accepted': True, 'selected': 'temporal', 'mse': 8.853388272693189e-06, 'elapsed_seconds': 4.2226689999806695}
{'subject': 'unreliable_pulses-47106-balanced', 'accepted': True, 'selected': 'temporal', 'mse': 4.7749117704696695e-06, 'elapsed_seconds': 0.5871013000141829}
{'subject': 'unreliable_pulses-47106-passive', 'accepted': False, 'selected': 'temporal', 'mse': 9.249523818193433e-05, 'elapsed_seconds': 0.41103419999126345}
{'subject': 'unreliable_pulses-47107-information', 'accepted': True, 'selected': 'temporal', 'mse': 1.8734081549974846e-05, 'elapsed_seconds': 3.315312599996105}
{'subject': 'unreliable_pulses-47107-balanced', 'accepted': True, 'selected': 'temporal', 'mse': 1.3960047163560396e-05, 'elapsed_seconds': 0.47249359998386353}
{'subject': 'unreliable_pulses-47107-passive', 'accepted': False, 'selected': 'temporal', 'mse': 0.0013422791051470894, 'elapsed_seconds': 0.3028564999694936}
{'subject': 'unreliable_pulses-47108-information', 'accepted': True, 'selected': 'temporal', 'mse': 1.3261884022278561e-05, 'elapsed_seconds': 3.961295200046152}
{'subject': 'unreliable_pulses-47108-balanced', 'accepted': True, 'selected': 'temporal', 'mse': 3.9869913197637315e-05, 'elapsed_seconds': 0.3294615999911912}
{'subject': 'unreliable_pulses-47108-passive', 'accepted': False, 'selected': 'temporal', 'mse': 2.978878766350167e-05, 'elapsed_seconds': 0.2670273000258021}
{'subject': 'omitted-47101-information', 'accepted': False, 'selected': 'pulse_loss', 'mse': 0.0010808733170511477, 'elapsed_seconds': 2.048955499951262}
{'subject': 'omitted-47101-balanced', 'accepted': False, 'selected': 'pulse_loss', 'mse': 0.0009103380865791656, 'elapsed_seconds': 0.29446309997001663}
{'subject': 'omitted-47101-passive', 'accepted': False, 'selected': 'pulse_loss', 'mse': 0.01599593809577175, 'elapsed_seconds': 0.2592214000178501}
{'subject': 'omitted-47102-information', 'accepted': False, 'selected': 'pulse_loss', 'mse': 0.00035592084354128285, 'elapsed_seconds': 1.948950899997726}
{'subject': 'omitted-47102-balanced', 'accepted': True, 'selected': 'pulse_loss', 'mse': 0.00032710864011846735, 'elapsed_seconds': 0.2812015999807045}
{'subject': 'omitted-47102-passive', 'accepted': False, 'selected': 'pulse_loss', 'mse': 0.004507756706757917, 'elapsed_seconds': 0.24657780001871288}
{'subject': 'omitted-47103-information', 'accepted': False, 'selected': 'pulse_loss', 'mse': 0.0008189053830648453, 'elapsed_seconds': 1.9637388000264764}
{'subject': 'omitted-47103-balanced', 'accepted': False, 'selected': 'pulse_loss', 'mse': 0.0005530891845967581, 'elapsed_seconds': 0.28501009999308735}
{'subject': 'omitted-47103-passive', 'accepted': False, 'selected': 'pulse_loss', 'mse': 0.01084610093268332, 'elapsed_seconds': 0.22841600002720952}
{'subject': 'omitted-47104-information', 'accepted': False, 'selected': 'pulse_loss', 'mse': 0.0007355649541055145, 'elapsed_seconds': 2.175517600029707}
{'subject': 'omitted-47104-balanced', 'accepted': False, 'selected': 'pulse_loss', 'mse': 0.0004519742477888339, 'elapsed_seconds': 0.4116452999878675}
{'subject': 'omitted-47104-passive', 'accepted': False, 'selected': 'pulse_loss', 'mse': 0.008185617258045948, 'elapsed_seconds': 0.28195830003824085}
{'subject': 'omitted-47105-information', 'accepted': False, 'selected': 'pulse_loss', 'mse': 0.0007179949491639498, 'elapsed_seconds': 1.8813944999710657}
{'subject': 'omitted-47105-balanced', 'accepted': False, 'selected': 'pulse_loss', 'mse': 0.0004952258603494034, 'elapsed_seconds': 0.3078842000104487}
{'subject': 'omitted-47105-passive', 'accepted': False, 'selected': 'pulse_loss', 'mse': 0.009324976423503072, 'elapsed_seconds': 0.23582509998232126}
{'subject': 'omitted-47106-information', 'accepted': False, 'selected': 'pulse_loss', 'mse': 0.0005834458958912039, 'elapsed_seconds': 1.9232713000383228}
{'subject': 'omitted-47106-balanced', 'accepted': False, 'selected': 'pulse_loss', 'mse': 0.00048690990739611956, 'elapsed_seconds': 0.31602219998603687}
{'subject': 'omitted-47106-passive', 'accepted': False, 'selected': 'pulse_loss', 'mse': 0.008984122676404704, 'elapsed_seconds': 0.28848530002869666}
{'subject': 'omitted-47107-information', 'accepted': False, 'selected': 'pulse_loss', 'mse': 0.0006132845086922449, 'elapsed_seconds': 2.51792369998293}
{'subject': 'omitted-47107-balanced', 'accepted': False, 'selected': 'pulse_loss', 'mse': 0.00047754313023301635, 'elapsed_seconds': 0.27822109998669475}
{'subject': 'omitted-47107-passive', 'accepted': False, 'selected': 'pulse_loss', 'mse': 0.005353048594446574, 'elapsed_seconds': 0.2363220999832265}
{'subject': 'omitted-47108-information', 'accepted': False, 'selected': 'pulse_loss', 'mse': 0.0006946457552911587, 'elapsed_seconds': 1.9064617000403814}
{'subject': 'omitted-47108-balanced', 'accepted': False, 'selected': 'pulse_loss', 'mse': 0.00046434730681796583, 'elapsed_seconds': 0.28923210001084954}
{'subject': 'omitted-47108-passive', 'accepted': False, 'selected': 'pulse_loss', 'mse': 0.008469417337604035, 'elapsed_seconds': 0.24782910000067204}
{'integration_gate': True, 'episodes': 144, 'rows': [{'family': 'static', 'policy': 'information', 'worlds': 8, 'accepted': 8, 'pulse_loss_selected': 0, 'mse': 6.380054219534437e-06, 'wide_mse': 6.403707879785775e-06, 'original_initial_squared_error': 0.04762968757131785, 'original_final_squared_error': 4.7059905048616745e-21, 'controls': {'initial_passive': 0.013924048005962779, 'classical_temporal': 6.380361828186645e-06, 'classical_pulse_loss': 6.380360956987945e-06, 'classical_selection': 6.38036098368384e-06, 'trust_command': 6.380360956987945e-06, 'current_r1_readout': 0.021311856068351093, 'current_r2_fitted': 0.014748369109307399}}, {'family': 'static', 'policy': 'balanced', 'worlds': 8, 'accepted': 8, 'pulse_loss_selected': 0, 'mse': 3.3456127345858233e-06, 'wide_mse': 3.4893081951388206e-06, 'original_initial_squared_error': 0.047449980414836924, 'original_final_squared_error': 5.2058402725970975e-22}, {'family': 'static', 'policy': 'passive', 'worlds': 8, 'accepted': 0, 'pulse_loss_selected': 0, 'mse': 0.013987028386735451, 'wide_mse': 0.04536368128472111, 'original_initial_squared_error': 0.047429148234256584, 'original_final_squared_error': 0.047821032332309873}, {'family': 'markov', 'policy': 'information', 'worlds': 8, 'accepted': 8, 'pulse_loss_selected': 0, 'mse': 5.144950459214539e-06, 'wide_mse': 3.2081153574182915e-06, 'original_initial_squared_error': 0.014898783815915247, 'original_final_squared_error': 4.6226611360996435e-06, 'controls': {'initial_passive': 0.005042555793933986, 'classical_temporal': 5.129999989682912e-06, 'classical_pulse_loss': 1.0493316677653687e-05, 'classical_selection': 9.098889730036749e-06, 'trust_command': 1.0493316677653687e-05, 'current_r1_readout': 0.009921923738220094, 'current_r2_fitted': 0.0006896031452924452}}, {'family': 'markov', 'policy': 'balanced', 'worlds': 8, 'accepted': 8, 'pulse_loss_selected': 0, 'mse': 2.4832249288296747e-05, 'wide_mse': 1.3079343647336317e-05, 'original_initial_squared_error': 0.015084791248199149, 'original_final_squared_error': 3.4776502283557324e-05}, {'family': 'markov', 'policy': 'passive', 'worlds': 8, 'accepted': 0, 'pulse_loss_selected': 8, 'mse': 0.0029225068917955663, 'wide_mse': 0.0035828872727149946, 'original_initial_squared_error': 0.01476715061934383, 'original_final_squared_error': 0.012521847477909298}, {'family': 'mixed', 'policy': 'information', 'worlds': 8, 'accepted': 8, 'pulse_loss_selected': 0, 'mse': 6.652543058482826e-06, 'wide_mse': 5.143862179710611e-06, 'original_initial_squared_error': 0.0006869742652986416, 'original_final_squared_error': 8.049377468672019e-06, 'controls': {'initial_passive': 0.00017938148089225228, 'classical_temporal': 6.652652146696665e-06, 'classical_pulse_loss': 1.2089488442865766e-05, 'classical_selection': 8.626940198054004e-06, 'trust_command': 1.2089488442865766e-05, 'current_r1_readout': 0.019093684911423603, 'current_r2_fitted': 0.003972795758060423}}, {'family': 'mixed', 'policy': 'balanced', 'worlds': 8, 'accepted': 8, 'pulse_loss_selected': 0, 'mse': 9.512634329617907e-06, 'wide_mse': 1.3526963027994466e-05, 'original_initial_squared_error': 0.0009302884463480391, 'original_final_squared_error': 2.144174424585982e-05}, {'family': 'mixed', 'policy': 'passive', 'worlds': 8, 'accepted': 0, 'pulse_loss_selected': 0, 'mse': 0.00030277000920330685, 'wide_mse': 0.0005220674314500639, 'original_initial_squared_error': 0.0008428433245718058, 'original_final_squared_error': 0.000945600920888164}, {'family': 'pulse_loss', 'policy': 'information', 'worlds': 8, 'accepted': 8, 'pulse_loss_selected': 8, 'mse': 3.8954629234868766e-05, 'wide_mse': 2.3987093480968273e-05, 'original_initial_squared_error': 0.00021581760123332803, 'original_final_squared_error': 4.039615779700228e-05, 'controls': {'initial_passive': 0.002300041484693236, 'classical_temporal': 0.0011450649467623542, 'classical_pulse_loss': 3.895445653997467e-05, 'classical_selection': 3.895445653997467e-05, 'trust_command': 3.895445653997467e-05, 'current_r1_readout': 0.0159886578300143, 'current_r2_fitted': 0.0038473002311092525}}, {'family': 'pulse_loss', 'policy': 'balanced', 'worlds': 8, 'accepted': 7, 'pulse_loss_selected': 7, 'mse': 0.00017207078934105327, 'wide_mse': 6.423071120109622e-05, 'original_initial_squared_error': 0.0002463981684776525, 'original_final_squared_error': 8.054156255900142e-05}, {'family': 'pulse_loss', 'policy': 'passive', 'worlds': 8, 'accepted': 0, 'pulse_loss_selected': 8, 'mse': 0.0010994417792876772, 'wide_mse': 0.00034548889568802795, 'original_initial_squared_error': 0.00031256242391829896, 'original_final_squared_error': 0.0002437649135157112}, {'family': 'unreliable_pulses', 'policy': 'information', 'worlds': 8, 'accepted': 8, 'pulse_loss_selected': 0, 'mse': 1.4311830179105286e-05, 'wide_mse': 2.0189116830186583e-05, 'original_initial_squared_error': 0.0011393078222943344, 'original_final_squared_error': 4.8452230937552396e-05, 'controls': {'initial_passive': 0.00033339640696649584, 'classical_temporal': 1.4311810723693105e-05, 'classical_pulse_loss': 1.756274922770885e-05, 'classical_selection': 1.7735959561775783e-05, 'trust_command': 0.0010318313340859208, 'current_r1_readout': 0.014304326510851333, 'current_r2_fitted': 0.0027147033992837135}}, {'family': 'unreliable_pulses', 'policy': 'balanced', 'worlds': 8, 'accepted': 8, 'pulse_loss_selected': 0, 'mse': 3.099838967638833e-05, 'wide_mse': 3.54956155988799e-05, 'original_initial_squared_error': 0.001207200553144005, 'original_final_squared_error': 8.915085014263063e-05}, {'family': 'unreliable_pulses', 'policy': 'passive', 'worlds': 8, 'accepted': 0, 'pulse_loss_selected': 0, 'mse': 0.00039388924448876595, 'wide_mse': 0.0006628380282638053, 'original_initial_squared_error': 0.0013194380521931622, 'original_final_squared_error': 0.0012745446943016642}, {'family': 'omitted', 'policy': 'information', 'worlds': 8, 'accepted': 0, 'pulse_loss_selected': 8, 'mse': 0.0007000794508501685, 'wide_mse': 0.00017567871215170612, 'original_initial_squared_error': 0.0007235785137868271, 'original_final_squared_error': 0.0006394432039777847, 'controls': {'initial_passive': 0.011826527315537775, 'classical_temporal': 0.006022216039064136, 'classical_pulse_loss': 0.0007000795335133498, 'classical_selection': 0.0007000795335133498, 'trust_command': 0.0007000795335133498, 'current_r1_readout': 0.013141504901206455, 'current_r2_fitted': 0.005764376031789338}}, {'family': 'omitted', 'policy': 'balanced', 'worlds': 8, 'accepted': 1, 'pulse_loss_selected': 8, 'mse': 0.0005208170454849663, 'wide_mse': 0.00031541531980760075, 'original_initial_squared_error': 0.0004805773950277601, 'original_final_squared_error': 0.0002436500900884264}, {'family': 'omitted', 'policy': 'passive', 'worlds': 8, 'accepted': 0, 'pulse_loss_selected': 8, 'mse': 0.008958372253152165, 'wide_mse': 0.0028676942201936147, 'original_initial_squared_error': 0.000670933502819519, 'original_final_squared_error': 0.0007975546698289789}], 'exposed_shots': 10616832, 'closure_evaluations': 25815, 'final_predictions': 10224, 'independent_duplicate_max_error': 1.1102230246251565e-16, 'owner': '62ea82cff82b88d1eb3848f7246494979c63894d869db603007e3d06111063ec'}
