START r1_frozen 2801
{"step": 40, "train_loss": 0.04536927491426468, "dev_mse": 0.070773646235466, "elapsed_seconds": 4.628506499982905}
{"step": 80, "train_loss": 0.04217364266514778, "dev_mse": 0.06358271092176437, "elapsed_seconds": 9.059298199979821}
{"step": 120, "train_loss": 0.032698772847652435, "dev_mse": 0.06340596079826355, "elapsed_seconds": 13.031062399997609}
{"step": 160, "train_loss": 0.06694226711988449, "dev_mse": 0.07423772662878036, "elapsed_seconds": 17.15132989999256}
{"step": 200, "train_loss": 0.04365701600909233, "dev_mse": 0.0748848170042038, "elapsed_seconds": 21.11113539998769}
{"step": 240, "train_loss": 0.01793983019888401, "dev_mse": 0.04297521710395813, "elapsed_seconds": 25.203979399986565}
START r1_frozen 2802
{"step": 40, "train_loss": 0.02411574311554432, "dev_mse": 0.058242421597242355, "elapsed_seconds": 4.330076000012923}
{"step": 80, "train_loss": 0.037214089184999466, "dev_mse": 0.045127324759960175, "elapsed_seconds": 8.422259699989809}
{"step": 120, "train_loss": 0.055418711155653, "dev_mse": 0.09452503174543381, "elapsed_seconds": 12.490120700007537}
{"step": 160, "train_loss": 0.04787588119506836, "dev_mse": 0.03467704355716705, "elapsed_seconds": 16.487790200015297}
{"step": 200, "train_loss": 0.026595842093229294, "dev_mse": 0.036860499531030655, "elapsed_seconds": 20.566571900009876}
{"step": 240, "train_loss": 0.031095152720808983, "dev_mse": 0.02911921963095665, "elapsed_seconds": 24.825424100010423}
START r1_adapted 2801
{"step": 40, "train_loss": 0.036846231669187546, "dev_mse": 0.07399346679449081, "elapsed_seconds": 4.756196100002853}
{"step": 80, "train_loss": 0.030240759253501892, "dev_mse": 0.05388271063566208, "elapsed_seconds": 9.476187899999786}
{"step": 120, "train_loss": 0.027241142466664314, "dev_mse": 0.04328571632504463, "elapsed_seconds": 14.377058299985947}
{"step": 160, "train_loss": 0.036572374403476715, "dev_mse": 0.03837539255619049, "elapsed_seconds": 19.308564600010868}
{"step": 200, "train_loss": 0.020869720727205276, "dev_mse": 0.024556178599596024, "elapsed_seconds": 24.75393740000436}
{"step": 240, "train_loss": 0.023952947929501534, "dev_mse": 0.020341776311397552, "elapsed_seconds": 29.75308640001458}
START r1_adapted 2802
{"step": 40, "train_loss": 0.07223618030548096, "dev_mse": 0.07684503495693207, "elapsed_seconds": 6.113109700003406}
{"step": 80, "train_loss": 0.04645881801843643, "dev_mse": 0.058974940329790115, "elapsed_seconds": 10.963633400009712}
{"step": 120, "train_loss": 0.04348187893629074, "dev_mse": 0.06638167053461075, "elapsed_seconds": 15.683459899999434}
{"step": 160, "train_loss": 0.06022484973073006, "dev_mse": 0.030110513791441917, "elapsed_seconds": 20.41335459999391}
{"step": 200, "train_loss": 0.02243804931640625, "dev_mse": 0.02819925546646118, "elapsed_seconds": 25.337609800015343}
{"step": 240, "train_loss": 0.016470085829496384, "dev_mse": 0.02196001447737217, "elapsed_seconds": 30.098114599997643}
START r1_reset 2801
{"step": 40, "train_loss": 0.031134214252233505, "dev_mse": 0.07390720397233963, "elapsed_seconds": 4.915521399991121}
{"step": 80, "train_loss": 0.07666894048452377, "dev_mse": 0.08093689382076263, "elapsed_seconds": 9.308261800004402}
{"step": 120, "train_loss": 0.05342816561460495, "dev_mse": 0.06636195629835129, "elapsed_seconds": 13.670889000000898}
{"step": 160, "train_loss": 0.09500449895858765, "dev_mse": 0.08276193588972092, "elapsed_seconds": 18.012543599994387}
{"step": 200, "train_loss": 0.12166212499141693, "dev_mse": 0.06361904740333557, "elapsed_seconds": 22.32827030000044}
{"step": 240, "train_loss": 0.11321121454238892, "dev_mse": 0.11971330642700195, "elapsed_seconds": 26.531477600015933}
START r1_reset 2802
{"step": 40, "train_loss": 0.11012812703847885, "dev_mse": 0.1450452208518982, "elapsed_seconds": 4.370923000009498}
{"step": 80, "train_loss": 0.057151488959789276, "dev_mse": 0.08171327412128448, "elapsed_seconds": 8.734415999992052}
{"step": 120, "train_loss": 0.0640416070818901, "dev_mse": 0.08550629019737244, "elapsed_seconds": 12.979145399993286}
{"step": 160, "train_loss": 0.0686870887875557, "dev_mse": 0.1160929799079895, "elapsed_seconds": 17.2428857999912}
{"step": 200, "train_loss": 0.03535940498113632, "dev_mse": 0.08257540315389633, "elapsed_seconds": 21.499839600000996}
{"step": 240, "train_loss": 0.10129062831401825, "dev_mse": 0.07353855669498444, "elapsed_seconds": 25.854515199986054}
START gru 2801
{"step": 40, "train_loss": 0.14624564349651337, "dev_mse": 0.21403944492340088, "elapsed_seconds": 0.4290706999890972}
{"step": 80, "train_loss": 0.08958958089351654, "dev_mse": 0.08171188831329346, "elapsed_seconds": 0.8937212000018917}
{"step": 120, "train_loss": 0.07367346435785294, "dev_mse": 0.05713905394077301, "elapsed_seconds": 1.325562899990473}
{"step": 160, "train_loss": 0.059798721224069595, "dev_mse": 0.04756217449903488, "elapsed_seconds": 1.7633832999854349}
{"step": 200, "train_loss": 0.0587463453412056, "dev_mse": 0.039272598922252655, "elapsed_seconds": 2.209136099991156}
{"step": 240, "train_loss": 0.01620466634631157, "dev_mse": 0.03853454813361168, "elapsed_seconds": 2.6496222999994643}
START gru 2802
{"step": 40, "train_loss": 0.18765030801296234, "dev_mse": 0.19237583875656128, "elapsed_seconds": 0.45474060002015904}
{"step": 80, "train_loss": 0.10156238824129105, "dev_mse": 0.0762363150715828, "elapsed_seconds": 0.8988926000020001}
{"step": 120, "train_loss": 0.05039403215050697, "dev_mse": 0.06331093609333038, "elapsed_seconds": 1.3436401000071783}
{"step": 160, "train_loss": 0.05113201588392258, "dev_mse": 0.05480596795678139, "elapsed_seconds": 1.7796591000223998}
{"step": 200, "train_loss": 0.046204712241888046, "dev_mse": 0.04442155733704567, "elapsed_seconds": 2.219370600010734}
{"step": 240, "train_loss": 0.06458396464586258, "dev_mse": 0.03633422777056694, "elapsed_seconds": 2.6569988999981433}
START window 2801
{"step": 40, "train_loss": 0.058587897568941116, "dev_mse": 0.07387736439704895, "elapsed_seconds": 0.09785429999465123}
{"step": 80, "train_loss": 0.05201931670308113, "dev_mse": 0.06025489792227745, "elapsed_seconds": 0.2018439999956172}
{"step": 120, "train_loss": 0.058219414204359055, "dev_mse": 0.06756173819303513, "elapsed_seconds": 0.3001112999918405}
{"step": 160, "train_loss": 0.05385569855570793, "dev_mse": 0.04681418091058731, "elapsed_seconds": 0.40238280000630766}
{"step": 200, "train_loss": 0.07220876216888428, "dev_mse": 0.0399298258125782, "elapsed_seconds": 0.5028840999875683}
{"step": 240, "train_loss": 0.040538061410188675, "dev_mse": 0.048575811088085175, "elapsed_seconds": 0.6018643999996129}
START window 2802
{"step": 40, "train_loss": 0.04825134947896004, "dev_mse": 0.07911057025194168, "elapsed_seconds": 0.12077490001684055}
{"step": 80, "train_loss": 0.07930673658847809, "dev_mse": 0.0631130039691925, "elapsed_seconds": 0.23346439999295399}
{"step": 120, "train_loss": 0.04817892983555794, "dev_mse": 0.057967446744441986, "elapsed_seconds": 0.37166760000400245}
{"step": 160, "train_loss": 0.040981147438287735, "dev_mse": 0.0522366464138031, "elapsed_seconds": 0.48549769999226555}
{"step": 200, "train_loss": 0.03691079840064049, "dev_mse": 0.045591000467538834, "elapsed_seconds": 0.5993110999988858}
{"step": 240, "train_loss": 0.08035535365343094, "dev_mse": 0.036908332258462906, "elapsed_seconds": 0.7164457000035327}
