{
  "passed": true,
  "owner": "6387f8496878a30cf9a4ccba6e036bfb6ce28a2cb408a098da1c97b4350911a0",
  "checks": {
    "learned-4201": {
      "proposals": 1152,
      "composition_candidates": 71
    },
    "learned-4202": {
      "proposals": 1152,
      "composition_candidates": 66
    },
    "balanced-4201": {
      "proposals": 1152,
      "composition_candidates": 33
    }
  },
  "proposal_checks": 3456,
  "exact_resume_decisions": 64,
  "protected_tensors": 292,
  "inherited_equal": true,
  "twelve_strand_predictions_unchanged": true,
  "fresh_owned_route_tasks": 240,
  "old_human_groups_excluded": true,
  "source_gate": false,
  "same_actual_owner": true,
  "selected_checkpoint": "88eed3e1055fdb0efd2cd6b2035abdb8d7518f2ec5cea153718fc1e4bf66b989"
}
