{"subject": "radial-46101-disagreement", "accepted": true, "selected": "radial", "mse": 1.0074742532006155e-05, "wide_mse": 3.177325175806067e-05, "seconds": 2.4132039000396617}
{"subject": "radial-46101-balanced", "accepted": true, "selected": "radial", "mse": 1.7929985265610322e-06, "wide_mse": 6.959916211330966e-05, "seconds": 2.732243800011929}
{"subject": "radial-46102-disagreement", "accepted": true, "selected": "radial", "mse": 1.563352469657178e-06, "wide_mse": 9.85113563575169e-06, "seconds": 3.103716900048312}
{"subject": "radial-46102-balanced", "accepted": true, "selected": "radial", "mse": 3.3516687786657493e-06, "wide_mse": 8.609177339698934e-05, "seconds": 3.9087709999876097}
{"subject": "radial-46103-disagreement", "accepted": true, "selected": "radial", "mse": 6.462969981899638e-06, "wide_mse": 0.0005228774354081734, "seconds": 3.8459140000049956}
{"subject": "radial-46103-balanced", "accepted": true, "selected": "radial", "mse": 7.38971773637858e-06, "wide_mse": 0.0009599411293403918, "seconds": 3.930644600011874}
{"subject": "radial-46104-disagreement", "accepted": true, "selected": "radial", "mse": 8.0289549745094e-06, "wide_mse": 9.515204002071316e-05, "seconds": 4.521175000001676}
{"subject": "radial-46104-balanced", "accepted": true, "selected": "radial", "mse": 7.088252531474973e-06, "wide_mse": 5.863413587524156e-05, "seconds": 5.159748899983242}
{"subject": "radial-46105-disagreement", "accepted": true, "selected": "radial", "mse": 2.8178446830028264e-07, "wide_mse": 6.447906327577036e-07, "seconds": 4.9431589000159875}
{"subject": "radial-46105-balanced", "accepted": true, "selected": "radial", "mse": 3.696379615479458e-06, "wide_mse": 6.477250243929103e-05, "seconds": 5.367747100011911}
{"subject": "radial-46106-disagreement", "accepted": true, "selected": "radial", "mse": 3.008506738264083e-06, "wide_mse": 5.902780897430834e-06, "seconds": 6.1320261000073515}
{"subject": "radial-46106-balanced", "accepted": true, "selected": "radial", "mse": 8.781409893550951e-06, "wide_mse": 0.0003918134612377342, "seconds": 6.465458900027443}
{"subject": "radial-46107-disagreement", "accepted": true, "selected": "radial", "mse": 5.3494560119989474e-06, "wide_mse": 0.00024246647737827845, "seconds": 6.831085599958897}
{"subject": "radial-46107-balanced", "accepted": true, "selected": "radial", "mse": 1.1648684514123255e-05, "wide_mse": 0.0005988606695381229, "seconds": 7.047729199985042}
{"subject": "radial-46108-disagreement", "accepted": true, "selected": "radial", "mse": 4.851931625346166e-06, "wide_mse": 2.2013882796438155e-05, "seconds": 7.781118999992032}
{"subject": "radial-46108-balanced", "accepted": true, "selected": "radial", "mse": 5.540956422213356e-06, "wide_mse": 1.589688404997513e-05, "seconds": 7.589878899976611}
{"subject": "radial-46109-disagreement", "accepted": true, "selected": "radial", "mse": 8.812291404725997e-06, "wide_mse": 3.040977292233563e-05, "seconds": 8.459316699998453}
{"subject": "radial-46109-balanced", "accepted": true, "selected": "radial", "mse": 3.03117498510621e-06, "wide_mse": 0.00013132187545768725, "seconds": 8.239902999950573}
{"subject": "radial-46110-disagreement", "accepted": true, "selected": "radial", "mse": 2.153191345521133e-06, "wide_mse": 0.00012454290314742797, "seconds": 9.255747999995947}
{"subject": "radial-46110-balanced", "accepted": true, "selected": "radial", "mse": 1.2209637129355965e-05, "wide_mse": 0.0013743813645024842, "seconds": 9.648919400002342}
{"subject": "radial-46111-disagreement", "accepted": true, "selected": "radial", "mse": 2.794453297265638e-06, "wide_mse": 0.000157052654227506, "seconds": 10.141414200013969}
{"subject": "radial-46111-balanced", "accepted": true, "selected": "radial", "mse": 9.98327076312755e-06, "wide_mse": 0.00045824993465549475, "seconds": 11.412601999996696}
{"subject": "radial-46112-disagreement", "accepted": true, "selected": "radial", "mse": 1.1548664996239556e-05, "wide_mse": 0.0001565432240249783, "seconds": 11.78455700003542}
{"subject": "radial-46112-balanced", "accepted": true, "selected": "radial", "mse": 9.826640910632688e-06, "wide_mse": 0.0005401197765894878, "seconds": 11.976904699986335}
{"subject": "directional-46101-disagreement", "accepted": true, "selected": "directional", "mse": 2.1209044766451952e-05, "wide_mse": 0.00023544097767067864, "seconds": 12.657621900027152}
{"subject": "directional-46101-balanced", "accepted": true, "selected": "directional", "mse": 1.0417364041099137e-05, "wide_mse": 3.9494010958666224e-05, "seconds": 12.782265099987853}
{"subject": "directional-46102-disagreement", "accepted": true, "selected": "directional", "mse": 4.992531687115625e-06, "wide_mse": 4.731851925573994e-05, "seconds": 12.903236799989827}
{"subject": "directional-46102-balanced", "accepted": true, "selected": "directional", "mse": 1.2079815419692893e-05, "wide_mse": 3.0930837309753355e-05, "seconds": 13.436197799979709}
{"subject": "directional-46103-disagreement", "accepted": true, "selected": "directional", "mse": 1.9926313777797637e-06, "wide_mse": 8.064971408198004e-05, "seconds": 13.95060400001239}
{"subject": "directional-46103-balanced", "accepted": true, "selected": "directional", "mse": 4.437585147499864e-06, "wide_mse": 3.2595729221835194e-05, "seconds": 14.351315200037789}
{"subject": "directional-46104-disagreement", "accepted": true, "selected": "directional", "mse": 1.077999423768362e-05, "wide_mse": 4.6759150364626475e-05, "seconds": 14.323312899970915}
{"subject": "directional-46104-balanced", "accepted": true, "selected": "directional", "mse": 1.4929606542694534e-05, "wide_mse": 6.251443112463689e-05, "seconds": 15.013229799980763}
{"subject": "directional-46105-disagreement", "accepted": true, "selected": "directional", "mse": 8.19785331736506e-06, "wide_mse": 5.400866181559775e-05, "seconds": 15.8369873999618}
{"subject": "directional-46105-balanced", "accepted": true, "selected": "directional", "mse": 6.070121801102554e-06, "wide_mse": 0.00029998633397517946, "seconds": 15.650258700014092}
{"subject": "directional-46106-disagreement", "accepted": true, "selected": "directional", "mse": 5.489361738679508e-06, "wide_mse": 1.9119369473767364e-05, "seconds": 16.4026787999901}
{"subject": "directional-46106-balanced", "accepted": true, "selected": "directional", "mse": 1.4383465025966916e-05, "wide_mse": 0.00033132690694086296, "seconds": 17.853472899994813}
{"subject": "directional-46107-disagreement", "accepted": true, "selected": "directional", "mse": 7.826247486455057e-07, "wide_mse": 3.000557017685224e-05, "seconds": 16.728819200012367}
{"subject": "directional-46107-balanced", "accepted": true, "selected": "directional", "mse": 2.583328236275703e-06, "wide_mse": 1.3948224276749544e-05, "seconds": 17.552508599997964}
{"subject": "directional-46108-disagreement", "accepted": true, "selected": "directional", "mse": 1.533563719629489e-05, "wide_mse": 6.0549589004436545e-05, "seconds": 17.99427470000228}
{"subject": "directional-46108-balanced", "accepted": true, "selected": "directional", "mse": 1.2600717946911531e-05, "wide_mse": 0.000338752114134817, "seconds": 18.53243510000175}
{"subject": "directional-46109-disagreement", "accepted": true, "selected": "directional", "mse": 1.1393751360631269e-05, "wide_mse": 0.0001559276284493633, "seconds": 18.87287220003782}
{"subject": "directional-46109-balanced", "accepted": true, "selected": "directional", "mse": 9.196765565380202e-06, "wide_mse": 0.0002593801588021566, "seconds": 19.4570609999937}
{"subject": "directional-46110-disagreement", "accepted": true, "selected": "directional", "mse": 9.522693853517693e-06, "wide_mse": 2.6297424633127477e-05, "seconds": 20.121094799949788}
{"subject": "directional-46110-balanced", "accepted": true, "selected": "directional", "mse": 1.2952292377078202e-05, "wide_mse": 0.0002727508549119225, "seconds": 19.753614499990363}
{"subject": "directional-46111-disagreement", "accepted": true, "selected": "directional", "mse": 3.3540874415389225e-05, "wide_mse": 0.0006444998504217452, "seconds": 20.04988119995687}
{"subject": "directional-46111-balanced", "accepted": true, "selected": "directional", "mse": 2.9940015778473825e-05, "wide_mse": 0.0006156189347618006, "seconds": 21.694628600031137}
{"subject": "directional-46112-disagreement", "accepted": true, "selected": "directional", "mse": 7.410824333516354e-06, "wide_mse": 0.0001690568576070629, "seconds": 21.787079699977767}
{"subject": "directional-46112-balanced", "accepted": true, "selected": "directional", "mse": 5.056508468521557e-06, "wide_mse": 0.00011100402382731414, "seconds": 22.0729748000158}
{"subject": "omitted-46101-disagreement", "accepted": false, "selected": "directional", "mse": 0.12093783738030298, "wide_mse": 0.21230694255194027, "seconds": 23.880161200009752}
{"subject": "omitted-46101-balanced", "accepted": false, "selected": "directional", "mse": 0.12135787065783128, "wide_mse": 0.2026065966242358, "seconds": 24.20584480004618}
{"subject": "omitted-46102-disagreement", "accepted": false, "selected": "directional", "mse": 0.11853105151813545, "wide_mse": 0.2517482268751473, "seconds": 23.10175710002659}
{"subject": "omitted-46102-balanced", "accepted": false, "selected": "directional", "mse": 0.12209558510811303, "wide_mse": 0.6326954039986024, "seconds": 22.998254300036933}
{"subject": "omitted-46103-disagreement", "accepted": false, "selected": "directional", "mse": 0.11760930198540344, "wide_mse": 0.6233488000687208, "seconds": 24.40527630003635}
{"subject": "omitted-46103-balanced", "accepted": false, "selected": "directional", "mse": 0.11760825468698416, "wide_mse": 0.8217417525438541, "seconds": 23.693587200017646}
{"subject": "omitted-46104-disagreement", "accepted": false, "selected": "directional", "mse": 0.11309942998008646, "wide_mse": 0.23171791816105702, "seconds": 24.66307589999633}
{"subject": "omitted-46104-balanced", "accepted": false, "selected": "directional", "mse": 0.1197537123593305, "wide_mse": 0.20636453311024494, "seconds": 25.3971180000226}
{"subject": "omitted-46105-disagreement", "accepted": false, "selected": "directional", "mse": 0.108723559369148, "wide_mse": 0.3936278768751789, "seconds": 26.313671699957922}
{"subject": "omitted-46105-balanced", "accepted": false, "selected": "directional", "mse": 0.11435631137222751, "wide_mse": 0.3508434151814299, "seconds": 26.428358399949502}
{"subject": "omitted-46106-disagreement", "accepted": false, "selected": "directional", "mse": 0.1328398865434479, "wide_mse": 0.29563867797472404, "seconds": 26.301166300021578}
{"subject": "omitted-46106-balanced", "accepted": false, "selected": "directional", "mse": 0.12644078942739811, "wide_mse": 0.20350198772261133, "seconds": 26.82173209998291}
{"subject": "omitted-46107-disagreement", "accepted": false, "selected": "directional", "mse": 0.13817875777451039, "wide_mse": 0.278893865233969, "seconds": 28.127201800001785}
{"subject": "omitted-46107-balanced", "accepted": false, "selected": "directional", "mse": 0.1398257557335011, "wide_mse": 0.5505157032908976, "seconds": 28.98730139998952}
{"subject": "omitted-46108-disagreement", "accepted": false, "selected": "directional", "mse": 0.12344344200240358, "wide_mse": 0.5375161148521881, "seconds": 29.164185700006783}
{"subject": "omitted-46108-balanced", "accepted": false, "selected": "directional", "mse": 0.125455860261185, "wide_mse": 0.24396025995991644, "seconds": 28.928989899985027}
{"subject": "omitted-46109-disagreement", "accepted": false, "selected": "directional", "mse": 0.11427934163650202, "wide_mse": 0.30478396014685416, "seconds": 30.51526409998769}
{"subject": "omitted-46109-balanced", "accepted": false, "selected": "directional", "mse": 0.11837380659119626, "wide_mse": 0.21129647204851532, "seconds": 29.54314099997282}
{"subject": "omitted-46110-disagreement", "accepted": false, "selected": "directional", "mse": 0.13231659785886585, "wide_mse": 0.2030722449473624, "seconds": 29.319592999992892}
{"subject": "omitted-46110-balanced", "accepted": false, "selected": "directional", "mse": 0.13696558603358847, "wide_mse": 0.2152688821887478, "seconds": 31.785309099999722}
{"subject": "omitted-46111-disagreement", "accepted": false, "selected": "directional", "mse": 0.12414559108660958, "wide_mse": 0.20873020911885046, "seconds": 29.468348999973387}
{"subject": "omitted-46111-balanced", "accepted": false, "selected": "directional", "mse": 0.12521295287310094, "wide_mse": 0.26932257852819086, "seconds": 29.45621500001289}
{"subject": "omitted-46112-disagreement", "accepted": false, "selected": "directional", "mse": 0.14031583389977076, "wide_mse": 0.2546938788231111, "seconds": 32.673007800010964}
{"subject": "omitted-46112-balanced", "accepted": false, "selected": "directional", "mse": 0.1368893190823567, "wide_mse": 0.34359903640450434, "seconds": 32.97496319998754}
{
  "rows": [
    {
      "family": "radial",
      "policy": "disagreement",
      "worlds": 12,
      "accepted": 12,
      "directional_selected": 0,
      "mse": 5.4108583204778474e-06,
      "wide_mse": 0.00011660252907082099,
      "trajectory_position_rmse_m": 0.0002171659594571828,
      "trajectory_velocity_rmse_m_s": 0.0005108930563566326,
      "controls": {
        "frozen_radial": 7.897206177292842e-05,
        "radial_extra_data": 2.8853182746589782e-06,
        "always_directional": 8.562922401736045e-06,
        "current_r1_readout": 0.10129416206116819
      }
    },
    {
      "family": "radial",
      "policy": "balanced",
      "worlds": 12,
      "accepted": 12,
      "directional_selected": 0,
      "mse": 7.028399317222482e-06,
      "wide_mse": 0.00039580688909968413,
      "trajectory_position_rmse_m": 0.00026369382815248855,
      "trajectory_velocity_rmse_m_s": 0.0006152890133886442
    },
    {
      "family": "directional",
      "policy": "disagreement",
      "worlds": 12,
      "accepted": 12,
      "directional_selected": 12,
      "mse": 1.0887318586089205e-05,
      "wide_mse": 0.0001308027760795815,
      "trajectory_position_rmse_m": 0.0002552643224222211,
      "trajectory_velocity_rmse_m_s": 0.0006034660419158074,
      "controls": {
        "frozen_radial": 0.8064412650771305,
        "radial_extra_data": 0.4520071942571901,
        "always_directional": 1.0887318586090402e-05,
        "current_r1_readout": 0.09421693312291973
      }
    },
    {
      "family": "directional",
      "policy": "balanced",
      "worlds": 12,
      "accepted": 12,
      "directional_selected": 12,
      "mse": 1.1220632195891407e-05,
      "wide_mse": 0.00020069188002047456,
      "trajectory_position_rmse_m": 0.00026152137567278023,
      "trajectory_velocity_rmse_m_s": 0.0006152181472312339
    },
    {
      "family": "omitted",
      "policy": "disagreement",
      "worlds": 12,
      "accepted": 0,
      "directional_selected": 12,
      "mse": 0.1237017192529322,
      "wide_mse": 0.316339892969092,
      "trajectory_position_rmse_m": 0.03916124276415369,
      "trajectory_velocity_rmse_m_s": 0.09069044120415339,
      "controls": {
        "frozen_radial": 0.8283945429415397,
        "radial_extra_data": 0.485384229377067,
        "always_directional": 0.12370171925293229,
        "current_r1_readout": 0.28723411805906973
      }
    },
    {
      "family": "omitted",
      "policy": "balanced",
      "worlds": 12,
      "accepted": 0,
      "directional_selected": 12,
      "mse": 0.12536131701556777,
      "wide_mse": 0.35430971846681264,
      "trajectory_position_rmse_m": 0.03964474196132365,
      "trajectory_velocity_rmse_m_s": 0.09179327481457585
    }
  ],
  "integration_gate": true,
  "episodes": 72,
  "observed_pairs": 5184,
  "final_predictions": 18432,
  "independent_duplicate_max_error": 1.7763568394002505e-15,
  "owner": "376b3d076294ac5b92f9360bb27553edbd96d1aa2b12ae22913b55c0b135fa94",
  "phase": "final"
}
