{
  "owner": "a883c07bd128a5eafd3db3f16cd4a275133cda433a8b1db61bb7f1b3586795c6",
  "parent_current": "457dacb1896c31724c7c9fd40080ceb58396f71efe7807fb81a5bdd3e426b3ce",
  "repositories": {
    "sera": {
      "head": "20e836e702102cf531d641c2142e578e76e2f65d",
      "branch": "research/v3-calibration-consolidation",
      "dirty_files": [
        "M .github/workflows/ci.yml",
        " M README.md",
        " M docs/REPOSITORY_MAP.md",
        " M docs/RESEARCH_ARCHIVE.md",
        " M docs/START_HERE.md",
        " M research-continuation/FAILURE_LEDGER.jsonl",
        " M research-continuation/NEXT_ACTIONS.md",
        " M research-continuation/RESEARCH_STATE.json",
        "?? experiments/counterfactual_challenge.py",
        "?? experiments/counterfactual_check.py",
        "?? experiments/counterfactual_core.py",
        "?? experiments/counterfactual_loop.py",
        "?? experiments/counterfactual_owner.py",
        "?? experiments/structural_check.py",
        "?? experiments/structural_field.py",
        "?? experiments/structural_inquiry.py",
        "?? research-continuation/45_counterfactual_inquiry/",
        "?? research-continuation/46_structural_refinement/",
        "?? scripts/counterfactual_artifacts.py",
        "?? scripts/counterfactual_inventory.py",
        "?? scripts/counterfactual_live.py",
        "?? scripts/counterfactual_qualification.py",
        "?? scripts/counterfactual_replay.py",
        "?? scripts/counterfactual_study.py",
        "?? scripts/counterfactual_use.py",
        "?? scripts/run_counterfactual_persistent.py",
        "?? scripts/run_structural_persistent.py",
        "?? scripts/sera_current.py",
        "?? scripts/structural_artifacts.py",
        "?? scripts/structural_checks.py",
        "?? scripts/structural_packet_verify.py",
        "?? scripts/structural_replay.py",
        "?? scripts/structural_study.py",
        "?? scripts/structural_use.py",
        "?? tests/test_counterfactual_challenge.py",
        "?? tests/test_counterfactual_inquiry.py",
        "?? tests/test_counterfactual_owner.py",
        "?? tests/test_counterfactual_runner.py",
        "?? tests/test_structural_field.py"
      ]
    },
    "kavi": {
      "head": "50f743cc44794b67bc1d30b927e25991197edce2",
      "branch": "",
      "dirty_files": []
    }
  },
  "resource_ledger_sha256": "423fd02d8c78ab702020a8feac5503b45ea4a9608debea017ca0e3c7b2a341aa",
  "resource_authorization": {
    "authorized": true,
    "authority": "User: well the take off the limit since its running on this device keep this deice on till then ill keep the plug coonected",
    "recorded_utc": "2026-09-18T19:09:22.573705+00:00",
    "previous_ledger_sha256": "3bfa2090905848a2391152c775bc6a5c8de285acb480399f9fc92ce4f000e759",
    "historical_remaining_seconds": 3925.114909299955,
    "cpu_threads": 1,
    "memory_limit_bytes": 2147483648,
    "time_limit_seconds": null,
    "paid_services": false,
    "charged_seconds": 8368.714498999761
  },
  "owned_job": {
    "pid": 2788,
    "output": "D:\\ai\\projects\\sera\\runs\\SF-reconcile-001",
    "time_limit": null
  },
  "source_gate": {
    "threshold": 1.1,
    "development_admitted": 0,
    "autonomous": false
  },
  "shared_language_owner": true,
  "practical_tasks": 29,
  "practical_results": "473aee4ef6ab3d9c39b01d063f4b3d5e8fbe017597a4935f7294e4db3dbe9061",
  "state_bytes": 32768,
  "taught_meanings": 26,
  "binding_results": "c141fae4bd24ee364aabdea628c6a90870770bb10d4ef3b407d313f985c4e4de",
  "parent_audit": "3a62c5e86a2f4c83492654c0157dbe71168535c1fbec6480cbbc481045cdee0a"
}
