START r1_frozen 2801
{"step": 40, "train_loss": 0.03189069405198097, "dev_mse": 0.07478191703557968, "elapsed_seconds": 3.9066056000010576}
{"step": 80, "train_loss": 0.04343997314572334, "dev_mse": 0.089505635201931, "elapsed_seconds": 7.873389500018675}
{"step": 120, "train_loss": 0.03889618441462517, "dev_mse": 0.09018191695213318, "elapsed_seconds": 12.121416400012095}
{"step": 160, "train_loss": 0.07000367343425751, "dev_mse": 0.06402387470006943, "elapsed_seconds": 16.125560899992706}
{"step": 200, "train_loss": 0.042425744235515594, "dev_mse": 0.06285537034273148, "elapsed_seconds": 20.21760390000418}
{"step": 240, "train_loss": 0.05180042237043381, "dev_mse": 0.0724513828754425, "elapsed_seconds": 24.179502500017406}
START r1_frozen 2802
{"step": 40, "train_loss": 0.042199067771434784, "dev_mse": 0.05897269397974014, "elapsed_seconds": 5.203906599985203}
{"step": 80, "train_loss": 0.04230562970042229, "dev_mse": 0.04286766052246094, "elapsed_seconds": 9.589320600003703}
{"step": 120, "train_loss": 0.05456405505537987, "dev_mse": 0.07506905496120453, "elapsed_seconds": 13.554096100007882}
{"step": 160, "train_loss": 0.0576636902987957, "dev_mse": 0.031847819685935974, "elapsed_seconds": 17.73506669999915}
{"step": 200, "train_loss": 0.02705826237797737, "dev_mse": 0.04625062271952629, "elapsed_seconds": 21.68692030000966}
{"step": 240, "train_loss": 0.01248120330274105, "dev_mse": 0.03623103350400925, "elapsed_seconds": 25.612602899986086}
START r1_adapted 2801
{"step": 40, "train_loss": 0.03664126619696617, "dev_mse": 0.06819438189268112, "elapsed_seconds": 4.624750499991933}
{"step": 80, "train_loss": 0.03317352384328842, "dev_mse": 0.06528323888778687, "elapsed_seconds": 9.21347919999971}
{"step": 120, "train_loss": 0.035439420491456985, "dev_mse": 0.07852497696876526, "elapsed_seconds": 13.530127499980154}
{"step": 160, "train_loss": 0.03603215888142586, "dev_mse": 0.03458847850561142, "elapsed_seconds": 17.837230199977057}
{"step": 200, "train_loss": 0.023499134927988052, "dev_mse": 0.02587174065411091, "elapsed_seconds": 22.202196600002935}
{"step": 240, "train_loss": 0.023589283227920532, "dev_mse": 0.024261483922600746, "elapsed_seconds": 26.560529799986398}
START r1_adapted 2802
{"step": 40, "train_loss": 0.03614655137062073, "dev_mse": 0.07755015790462494, "elapsed_seconds": 4.4633428000088315}
{"step": 80, "train_loss": 0.041721221059560776, "dev_mse": 0.04316752031445503, "elapsed_seconds": 8.835886800021399}
{"step": 120, "train_loss": 0.04006769135594368, "dev_mse": 0.08206981420516968, "elapsed_seconds": 13.214981700002681}
{"step": 160, "train_loss": 0.0935138538479805, "dev_mse": 0.06201331689953804, "elapsed_seconds": 17.599145000014687}
{"step": 200, "train_loss": 0.015133275650441647, "dev_mse": 0.02986018732190132, "elapsed_seconds": 22.07310320000397}
{"step": 240, "train_loss": 0.03374146297574043, "dev_mse": 0.03133661299943924, "elapsed_seconds": 26.458643000019947}
START r1_reset 2801
{"step": 40, "train_loss": 0.036411114037036896, "dev_mse": 0.07217893749475479, "elapsed_seconds": 4.014006799989147}
{"step": 80, "train_loss": 0.044785041362047195, "dev_mse": 0.06932856142520905, "elapsed_seconds": 7.935513100004755}
{"step": 120, "train_loss": 0.047947268933057785, "dev_mse": 0.07996586710214615, "elapsed_seconds": 11.813861200003885}
{"step": 160, "train_loss": 0.10504394769668579, "dev_mse": 0.08919402956962585, "elapsed_seconds": 15.714892499992857}
{"step": 200, "train_loss": 0.15166489779949188, "dev_mse": 0.06588524580001831, "elapsed_seconds": 19.625842599984026}
{"step": 240, "train_loss": 0.06636246293783188, "dev_mse": 0.08154042810201645, "elapsed_seconds": 23.50255659999675}
START r1_reset 2802
{"step": 40, "train_loss": 0.10785753279924393, "dev_mse": 0.14340649545192719, "elapsed_seconds": 4.0240334999980405}
{"step": 80, "train_loss": 0.05914103612303734, "dev_mse": 0.07713952660560608, "elapsed_seconds": 7.939900600002147}
{"step": 120, "train_loss": 0.08219534158706665, "dev_mse": 0.0932125598192215, "elapsed_seconds": 11.848019900004147}
{"step": 160, "train_loss": 0.06705864518880844, "dev_mse": 0.11558017879724503, "elapsed_seconds": 15.767051400005585}
{"step": 200, "train_loss": 0.03618979454040527, "dev_mse": 0.0820421651005745, "elapsed_seconds": 19.685911200009286}
{"step": 240, "train_loss": 0.10370274633169174, "dev_mse": 0.07057920098304749, "elapsed_seconds": 23.626002600009087}
START gru 2801
{"step": 40, "train_loss": 0.14582808315753937, "dev_mse": 0.21400700509548187, "elapsed_seconds": 0.42367530000046827}
{"step": 80, "train_loss": 0.08769742399454117, "dev_mse": 0.08238467574119568, "elapsed_seconds": 0.8679740999941714}
{"step": 120, "train_loss": 0.0731772780418396, "dev_mse": 0.05747883394360542, "elapsed_seconds": 1.3122031000093557}
{"step": 160, "train_loss": 0.05947963148355484, "dev_mse": 0.047972992062568665, "elapsed_seconds": 1.7773094000003766}
{"step": 200, "train_loss": 0.058556947857141495, "dev_mse": 0.039573900401592255, "elapsed_seconds": 2.228766899992479}
{"step": 240, "train_loss": 0.016364429146051407, "dev_mse": 0.038799673318862915, "elapsed_seconds": 2.7016971000120975}
START gru 2802
{"step": 40, "train_loss": 0.18722625076770782, "dev_mse": 0.1923418939113617, "elapsed_seconds": 0.4013196000014432}
{"step": 80, "train_loss": 0.10460110753774643, "dev_mse": 0.07670942693948746, "elapsed_seconds": 0.8277080999978352}
{"step": 120, "train_loss": 0.050338346511125565, "dev_mse": 0.06393660604953766, "elapsed_seconds": 1.2302238999982364}
{"step": 160, "train_loss": 0.0505017451941967, "dev_mse": 0.05531599372625351, "elapsed_seconds": 1.6367381000018213}
{"step": 200, "train_loss": 0.046576958149671555, "dev_mse": 0.04465491697192192, "elapsed_seconds": 2.045924699981697}
{"step": 240, "train_loss": 0.06523497402667999, "dev_mse": 0.036378659307956696, "elapsed_seconds": 2.4478728999965824}
START window 2801
{"step": 40, "train_loss": 0.058759238570928574, "dev_mse": 0.07462731003761292, "elapsed_seconds": 0.1305399000120815}
{"step": 80, "train_loss": 0.05054694414138794, "dev_mse": 0.06077825278043747, "elapsed_seconds": 0.22153070001513697}
{"step": 120, "train_loss": 0.056924086064100266, "dev_mse": 0.06806061416864395, "elapsed_seconds": 0.31704780002473854}
{"step": 160, "train_loss": 0.05411258339881897, "dev_mse": 0.047455403953790665, "elapsed_seconds": 0.4088970000157133}
{"step": 200, "train_loss": 0.0715864896774292, "dev_mse": 0.04015028476715088, "elapsed_seconds": 0.5041465000249445}
{"step": 240, "train_loss": 0.03967343643307686, "dev_mse": 0.047978561371564865, "elapsed_seconds": 0.5981757000263315}
START window 2802
{"step": 40, "train_loss": 0.047384146600961685, "dev_mse": 0.07966840267181396, "elapsed_seconds": 0.0894274000020232}
{"step": 80, "train_loss": 0.08050832897424698, "dev_mse": 0.06343667954206467, "elapsed_seconds": 0.1849037999927532}
{"step": 120, "train_loss": 0.047947678714990616, "dev_mse": 0.05801049992442131, "elapsed_seconds": 0.2759076999791432}
{"step": 160, "train_loss": 0.04023892804980278, "dev_mse": 0.05239766091108322, "elapsed_seconds": 0.37064700000337325}
{"step": 200, "train_loss": 0.03643327206373215, "dev_mse": 0.04614343121647835, "elapsed_seconds": 0.46323369999299757}
{"step": 240, "train_loss": 0.08052855730056763, "dev_mse": 0.03686358779668808, "elapsed_seconds": 0.5549913999857381}
