{
  "contracts": {
    "common.py": "6bc2895b5aec254f6b460d5bbca1b6f458240837434d2de24c3cb77bb1bd2260",
    "data.py": "97d6d8929383fb3918a2a68a3b2c5518682ee5c41826bb0447ad74dfef30babe",
    "model.py": "8b5faf615c58f80c6d38ba46461399cfe03c60ad09818cb3715c5cc297ba8f14",
    "runtime.py": "2d8ecd7615815931a856a15f9873db97ba6b04787b021126360e860040ad2e3e",
    "protocol": "6e64f2085155c3e1e6eedba2f875c257dd530c3b6054a8ff801399b5d300a525"
  },
  "numpy_scored_predictions": 23832,
  "maximum_score_error": 1.1848469609887502e-06,
  "exact_midpoint_continuation": true,
  "snapshot_equal": true,
  "protected_tensors": 190,
  "protected_equal": true,
  "language_equal": true,
  "language_probes": 128,
  "mechanics_checks": 64,
  "owner": "dadac2a173615ec980ca52e1e3d5dbad85f1503138213f16c6906cb0224375b7",
  "store": "runs/sera-learning-live",
  "selected": "learned-3401",
  "default_controller": "balanced",
  "novel_definition_gate": false,
  "original_goal": "Improve verified acquisition across human reading and checked mechanics while preserving valid approaches."
}
