.FF.........F                                                            [100%]
================================== FAILURES ===================================
____ test_online_posterior_matches_independent_observation_space_gaussian _____

solver = Solver(
  (neural): SharedSequenceView()
  (components): ModuleDict(
    (r1): GenerativeSharedR1(
      (memory): Sta...)
      (sequence_decoder): Linear(in_features=8, out_features=4, bias=True)
    )
    (typed): SharedTypedView()
  )
)

    def test_online_posterior_matches_independent_observation_space_gaussian(solver):
        session = SharedGenerativeSession(solver)
        phases = [-.7, -.2, .15, .55, .9]
        ys = np.array([[.2, -.7], [1.1, .3], [.7, 1.2], [-.4, .5], [-.8, -.2]])
        for i, (phase, xy) in enumerate(zip(phases, ys)):
>           session.observe(event(i, phase, xy))
                            ^^^^^^^^^^^^^^^^^^^

tests\test_shared_generative.py:84: 
_ _ _ _ _ _ _ _ _ _ _ _ _ _ _ _ _ _ _ _ _ _ _ _ _ _ _ _ _ _ _ _ _ _ _ _ _ _ _ _
tests\test_shared_generative.py:28: in event
    return Event(SCHEMA, position, (phase, *xy),
<string>:10: in __init__
    ???
_ _ _ _ _ _ _ _ _ _ _ _ _ _ _ _ _ _ _ _ _ _ _ _ _ _ _ _ _ _ _ _ _ _ _ _ _ _ _ _

self = Event(schema=EventSchema(name='phase-world', version=1, modality='numeric', width=3, units='dimensionless', entity_slo...: 'simulator_ground_truth'>), available=None, entity_refs=('trajectory',), role=<EventRole.OBSERVATION: 'observation'>)

    def __post_init__(self):
        if type(self.schema) is not EventSchema or type(self.provenance) is not Provenance:
            raise ValueError("Events require validated schema and provenance objects")
        if any(type(value) is not str or not value
               for value in (self.provenance.source, self.provenance.record_id)):
            raise ValueError("Event provenance needs stable string identifiers")
        if not isinstance(self.role, EventRole):
            raise ValueError("An explicit event role is required")
        if type(self.sequence) is not int or self.sequence < 0:
            raise ValueError("Event sequence must be a nonnegative integer")
        values = tuple(self.values)
        mask = (True,) * len(values) if self.available is None else tuple(self.available)
        if len(values) != self.schema.width or len(mask) != len(values):
            raise ValueError("Event values and availability must match the schema width")
        if any(type(value) is not bool for value in mask):
            raise ValueError("Availability entries must be booleans")
        normalized = []
        for value, visible in zip(values, mask):
            if not visible:
                # Unavailable content has no feature or identity channel.
                normalized.append(0.0)
            elif type(value) not in (int, float) or not math.isfinite(value):
>               raise ValueError("Available event values must be finite real numbers")
E               ValueError: Available event values must be finite real numbers

src\sera\event_ir.py:95: ValueError
_______ test_predictions_branches_and_old_routes_retain_the_same_owner ________

solver = Solver(
  (neural): SharedSequenceView()
  (components): ModuleDict(
    (r1): GenerativeSharedR1(
      (memory): Sta...)
      (sequence_decoder): Linear(in_features=8, out_features=4, bias=True)
    )
    (typed): SharedTypedView()
  )
)

    def test_predictions_branches_and_old_routes_retain_the_same_owner(solver):
        session = SharedGenerativeSession(solver)
        inputs = torch.randn(3, 4, 20)
        before = solver.neural(inputs).detach().clone()
        old_bytes = {k: v.clone() for k, v in solver.components["r1"].state_dict().items()
                     if not k.startswith("generator_")}
        for i, t in enumerate([-.5, 0., .5]):
            session.observe(event(i, t, [math.cos(math.pi*t), math.sin(math.pi*t)]))
        assert torch.equal(before, solver.neural(inputs))
        for key, value in old_bytes.items():
            assert torch.equal(value, solver.components["r1"].state_dict()[key])
        identity, factual = solver.identity(), session.snapshot()["sha256"]
        direct = session.predict([.2, .7])
        branch = session.fork()
        predicted = branch.predict([.2, .7])
        for key in direct:
>           assert torch.equal(direct[key], predicted[key])
E           assert False
E            +  where False = <built-in method equal of type object at 0x00007FFEF161EA70>(tensor([[ 0.8089,  0.5876],\n        [-0.5876,  0.8088]], dtype=torch.float64), tensor([[ 0.8089,  0.5876],\n        [-0.5876,  0.8088]], dtype=torch.float64))
E            +    where <built-in method equal of type object at 0x00007FFEF161EA70> = torch.equal

tests\test_shared_generative.py:122: AssertionError
___ test_restore_checks_numerical_evidence_not_only_self_consistent_hashes ____

solver = Solver(
  (neural): SharedSequenceView()
  (components): ModuleDict(
    (r1): GenerativeSharedR1(
      (memory): Sta...)
      (sequence_decoder): Linear(in_features=8, out_features=4, bias=True)
    )
    (typed): SharedTypedView()
  )
)

    def test_restore_checks_numerical_evidence_not_only_self_consistent_hashes(solver):
        session = SharedGenerativeSession(solver)
        session.observe(event(0, 0., [1., 0.]))
        record = session.snapshot()
        owner = solver.components["r1"]
        owner.generator_rhs.mul_(2)
        owner._refresh_posterior()  # internally self-consistent, but no longer explains recorded evidence
        record["payload"]["mechanism"] = session.situation.mechanism.bind(
            owner.generator_graph(), SharedOwnerRef.from_solver(solver)).record()
        record["sha256"] = digest(record["payload"])
>       with pytest.raises(ValueError, match="sufficient statistics"):
             ^^^^^^^^^^^^^^^^^^^^^^^^^^^^^^^^^^^^^^^^^^^^^^^^^^^^^^^^
E       Failed: DID NOT RAISE ValueError

tests\test_shared_generative.py:245: Failed
=========================== short test summary info ===========================
FAILED tests/test_shared_generative.py::test_online_posterior_matches_independent_observation_space_gaussian
FAILED tests/test_shared_generative.py::test_predictions_branches_and_old_routes_retain_the_same_owner
FAILED tests/test_shared_generative.py::test_restore_checks_numerical_evidence_not_only_self_consistent_hashes
