{
  "status": "CERTIFIED_DISCOVERED_ALTERNATIVES",
  "acceleration": [
    "2"
  ],
  "position_polynomial": [
    "0",
    "0",
    "1",
    "0",
    "0",
    "0",
    "0",
    "0",
    "0",
    "0",
    "0",
    "0",
    "0"
  ],
  "alternative_routes": [
    {
      "rule": "96ad73f645033b5e6147f628e163998576bcaa0afb2626df144040c8e7af8e5f",
      "result": [
        "0",
        "0",
        "1",
        "0",
        "0",
        "0",
        "0",
        "0",
        "0",
        "0",
        "0",
        "0",
        "0"
      ],
      "scope": "all rational-coefficient polynomials of degree at most three; I anchored at zero; M multiplies by time"
    }
  ],
  "initial_conditions": {
    "velocity": "0",
    "position": "0"
  },
  "factual_updates": 0
}
