F
================================== FAILURES ===================================
___________________________ test_independent_audit ____________________________

    def test_independent_audit():
        root = Path(__file__).resolve().parents[2]
        run = Path(os.environ["SERA_GUARD_RUN"]).resolve()
        output = Path(os.environ["SERA_GUARD_AUDIT_OUTPUT"]).resolve()
        if not run.is_relative_to(root/"runs") or not output.is_relative_to(root/"runs"):
            raise ValueError("Local audit paths must stay within runs")
>       audit(run, output)

experiments\generative_memory\applicability_check.py:15: 
_ _ _ _ _ _ _ _ _ _ _ _ _ _ _ _ _ _ _ _ _ _ _ _ _ _ _ _ _ _ _ _ _ _ _ _ _ _ _ _

run = WindowsPath('D:/ai/projects/sera/runs/GG-GUARD-001-final')
output = WindowsPath('D:/ai/projects/sera/runs/GG-GUARD-001-audit-v2/independent.json')

    def audit(run, output):
        if output.exists():
            raise ValueError("Audit output must be fresh")
        started = time.perf_counter()
        protocol = json.loads((run/"protocol.json").read_text())
        config = protocol["payload"]
        if digest(config) != protocol["sha256"]:
            raise ValueError("Protocol integrity failure")
        model_record = json.loads((run/"guard-model.json").read_text())
        if digest(model_record["payload"]) != model_record["sha256"]:
            raise ValueError("Model integrity failure")
        model = model_record["payload"]
        summary = json.loads((run/"summary.json").read_text())
        raw = (run/"records.json.gz").read_bytes()
        if hashlib.sha256(raw).hexdigest() != summary["records_sha256"]:
            raise ValueError("Evidence archive changed")
        data = json.loads(gzip.decompress(raw))
        expected = {(split, family, BASES[split]+1000*FAMILIES.index(family)+i)
                    for split, n in config["worlds_per_family"].items()
                    for family in (FAMILIES if split == "final" else FAMILIES[:6]) for i in range(n)}
        actual = {(r["split"], r["assessor"]["family"], r["assessor"]["environment_seed"]) for r in data["records"]}
        if actual != expected or len(actual) != len(data["records"]):
            raise ValueError("Episode count, partition or future-family coverage mismatch")
        if len({r["episode_id"] for r in data["records"]}) != len(actual):
            raise ValueError("Episode identities repeat")
        threshold_data = json.loads((run/"thresholds.json").read_text())
        before = json.loads((run/"before-final.json").read_text())
        if before != {"model_sha256": model_record["sha256"], "selections_sha256": digest(threshold_data["selections"])}:
            raise ValueError("Pre-final model or thresholds differ")
        max_error = {"features": 0., "prediction_means": 0., "guard_probability": 0., "coefficients": 0., "covariance": 0.}
        teaching_by_id = {r["episode_id"]: r for rows in data["teaching"].values() for r in rows}
        final_counts = {}
        for row in data["records"]:
            events = row["posterior"]["payload"]["observed_events"]
            if len(events) != 10 or [r["values"][0] for r in events] != config["support_indices"]:
                raise ValueError("Unequal or mismatched observation access")
            for index, event in enumerate(events):
                validate_observed_event(event, index,
                                        row["assessor"]["support_observed"][int(event["values"][0])])
            query = row["witness"]["query_t"]
            features, means, models, _ = features_from_evidence(events, query, .05**2)
            max_error["features"] = max(max_error["features"], float(np.max(np.abs(features-row["features"]))))
            max_error["prediction_means"] = max(max_error["prediction_means"], float(np.max(np.abs(means-row["predicted_means"]))))
            for (mu, cov), original in zip(models, row["posterior"]["payload"]["models"]):
                max_error["coefficients"] = max(max_error["coefficients"], float(np.max(np.abs(mu-original["mean"]))))
                max_error["covariance"] = max(max_error["covariance"], float(np.max(np.abs(cov-original["covariance"]))))
            valid = (np.sum((np.array(row["predicted_means"])-row["assessor"]["query_observed"])**2, axis=1) <= .2**2)
            clean_mse = np.mean((np.array(row["predicted_means"])-row["assessor"]["query_truth"])**2, axis=1)
            if valid.astype(int).tolist() != row["observed_valid"] or clean_mse.tolist() != row["clean_mse"]:
                raise ValueError("Outcome label or clean MSE mismatch")
            if (row["witness"]["query_observed"] != row["assessor"]["query_observed"]
                    or row["witness"]["prediction_means_before_query_observation"] != row["predicted_means"]
                    or row["witness"]["evidence_role"] != "synthetic_observed_outcome"):
                raise ValueError("Factual target witness differs")
            if row["split"] != "final":
                teaching = teaching_by_id[row["episode_id"]]
                if (teaching["features"] != row["features"] or teaching["observed_valid"] != row["observed_valid"]
                        or teaching["witness_sha256"] != digest(row["witness"]) or teaching["split"] != row["split"]):
                    raise ValueError("Fitting data differ from witnessed evidence")
            else:
                predicted_probability = probability(np.array(row["features"]), model)
                max_error["guard_probability"] = max(max_error["guard_probability"],
                                                      float(np.max(np.abs(predicted_probability-row["scores"]["learned"]))))
                x = np.array(row["features"])
                expected_scores = {
                    "always_predict": np.ones(len(valid)), "always_abstain": np.zeros(len(valid)),
                    "support_distance": -x[:, 2],
                    "residual_uncertainty": -np.log1p(np.maximum.reduce([
                        np.expm1(x[:, 9])/2, np.expm1(x[:, 10])/9.210340372, np.expm1(x[:, 4])/.04]))}
                if any(not np.array_equal(score, row["scores"][method])
                       for method, score in expected_scores.items()):
                    raise ValueError("Independent fixed-control scores differ")
                for method, scores in row["scores"].items():
                    threshold = .5 if method == "always_predict" else 1. if method == "always_abstain" else threshold_data["selections"][method]["selected"]["threshold"]
                    accepted = np.array(scores) >= threshold
                    m = row["methods"][method]
                    if (m["accepted"] != int(accepted.sum()) or m["wrong_accepted"] != int((accepted & ~valid).sum())
                            or m["valid_rejected"] != int((~accepted & valid).sum())
                            or abs(m["utility"]-float(np.mean(accepted*np.where(valid, 1., -4.)))) > 1e-12):
                        raise ValueError("Guard decisions or risk metrics differ")
                    key = (row["assessor"]["family"], method)
                    counters = final_counts.setdefault(key, [0, 0, 0])
                    counters[0] += len(valid)
                    counters[1] += int(accepted.sum())
                    counters[2] += int((accepted & ~valid).sum())
        for (family, method), (queries, accepted, wrong) in final_counts.items():
            report = summary["by_family"][family][method]
            if (queries, accepted, wrong) != (report["queries"], report["accepted"], report["wrong_accepted"]):
                raise ValueError("Published aggregate differs from per-world evidence")
        if max(max_error.values()) > 2e-8:
>           raise ValueError(f"Independent algebra failed frozen tolerance: {max_error}")
E           ValueError: Independent algebra failed frozen tolerance: {'features': 1.8270196466829702e-10, 'prediction_means': 2.0893714536285302e-10, 'guard_probability': 2.220446049250313e-16, 'coefficients': 4.094750426794022, 'covariance': 0.00022591956405429762}

experiments\generative_memory\applicability_audit.py:221: ValueError
=========================== short test summary info ===========================
FAILED experiments/generative_memory/applicability_check.py::test_independent_audit
