{
  "status": "PASS",
  "argv": [
    "D:\\ai\\projects\\sera\\.venv\\Scripts\\python.exe",
    "-X",
    "utf8",
    "-m",
    "experiments.cross_route_transfer.study",
    "run",
    "--name",
    "A06-TRANSFER-001",
    "--arm",
    "observed_only",
    "--seed",
    "181"
  ],
  "reserved_seconds": 150.0,
  "charged_seconds": 45.59510810000211,
  "memory_limit_bytes": 2147483648,
  "peak_job_committed_bytes": 689668096,
  "peak_process_committed_bytes": 688836608,
  "observed_process_ids": [
    3168,
    14056
  ],
  "worker_threads": 1,
  "runner_sha256": "6f602735056b3e468c1b945d1e358d857e95ed12349c910eacc542122fc1de3b",
  "job_helper_sha256": "95c48725b0e1a44e1d5e22614e8499644b0c96d35b7df2c9f66443a3932648c2",
  "boundary": "Wall allowance and job COMMITTED memory, not RSS. All descendant processes belong to this owned job. Full reservation persists if the supervisor is externally interrupted.",
  "child_pid": 14056,
  "returncode": 0,
  "log_sha256": "a96e0ce20123ebe8eb8af339b3cfed4bce68f571637213b43f70ce964b6a8e1c"
}
{
  "status": "PASS",
  "argv": [
    "D:\\ai\\projects\\sera\\.venv\\Scripts\\python.exe",
    "-X",
    "utf8",
    "-m",
    "experiments.cross_route_transfer.study",
    "run",
    "--name",
    "A06-TRANSFER-001",
    "--arm",
    "detached",
    "--seed",
    "181"
  ],
  "reserved_seconds": 150.0,
  "charged_seconds": 41.81482420000248,
  "memory_limit_bytes": 2147483648,
  "peak_job_committed_bytes": 710828032,
  "peak_process_committed_bytes": 710000640,
  "observed_process_ids": [
    11988,
    16812
  ],
  "worker_threads": 1,
  "runner_sha256": "6f602735056b3e468c1b945d1e358d857e95ed12349c910eacc542122fc1de3b",
  "job_helper_sha256": "95c48725b0e1a44e1d5e22614e8499644b0c96d35b7df2c9f66443a3932648c2",
  "boundary": "Wall allowance and job COMMITTED memory, not RSS. All descendant processes belong to this owned job. Full reservation persists if the supervisor is externally interrupted.",
  "child_pid": 16812,
  "returncode": 0,
  "log_sha256": "775b00a32e93945a085c76ad41046b63c5ae66235aaf80cb127f679d95f07045"
}
{
  "status": "PASS",
  "argv": [
    "D:\\ai\\projects\\sera\\.venv\\Scripts\\python.exe",
    "-X",
    "utf8",
    "-m",
    "experiments.cross_route_transfer.study",
    "run",
    "--name",
    "A06-TRANSFER-001",
    "--arm",
    "integrated",
    "--seed",
    "181"
  ],
  "reserved_seconds": 150.0,
  "charged_seconds": 43.14345509999839,
  "memory_limit_bytes": 2147483648,
  "peak_job_committed_bytes": 688828416,
  "peak_process_committed_bytes": 687992832,
  "observed_process_ids": [
    8876,
    17896
  ],
  "worker_threads": 1,
  "runner_sha256": "6f602735056b3e468c1b945d1e358d857e95ed12349c910eacc542122fc1de3b",
  "job_helper_sha256": "95c48725b0e1a44e1d5e22614e8499644b0c96d35b7df2c9f66443a3932648c2",
  "boundary": "Wall allowance and job COMMITTED memory, not RSS. All descendant processes belong to this owned job. Full reservation persists if the supervisor is externally interrupted.",
  "child_pid": 17896,
  "returncode": 0,
  "log_sha256": "919e75e8ae3453e11c5ad5f56d4653194d8d5e8e8e670cd397d259f73eff0ace"
}
{
  "status": "PASS",
  "argv": [
    "D:\\ai\\projects\\sera\\.venv\\Scripts\\python.exe",
    "-X",
    "utf8",
    "-m",
    "experiments.cross_route_transfer.study",
    "run",
    "--name",
    "A06-TRANSFER-001",
    "--arm",
    "extra_capacity",
    "--seed",
    "181"
  ],
  "reserved_seconds": 150.0,
  "charged_seconds": 45.54890890000388,
  "memory_limit_bytes": 2147483648,
  "peak_job_committed_bytes": 709304320,
  "peak_process_committed_bytes": 708472832,
  "observed_process_ids": [
    2100,
    8444
  ],
  "worker_threads": 1,
  "runner_sha256": "6f602735056b3e468c1b945d1e358d857e95ed12349c910eacc542122fc1de3b",
  "job_helper_sha256": "95c48725b0e1a44e1d5e22614e8499644b0c96d35b7df2c9f66443a3932648c2",
  "boundary": "Wall allowance and job COMMITTED memory, not RSS. All descendant processes belong to this owned job. Full reservation persists if the supervisor is externally interrupted.",
  "child_pid": 8444,
  "returncode": 0,
  "log_sha256": "4a99a3c0a733bf589c65ab622ab3b5da3900ee417abc782ab0b6c2da5a9f6e4d"
}
{
  "status": "PASS",
  "argv": [
    "D:\\ai\\projects\\sera\\.venv\\Scripts\\python.exe",
    "-X",
    "utf8",
    "-m",
    "experiments.cross_route_transfer.study",
    "run",
    "--name",
    "A06-TRANSFER-001",
    "--arm",
    "oracle_exposure",
    "--seed",
    "181"
  ],
  "reserved_seconds": 150.0,
  "charged_seconds": 49.976530800006,
  "memory_limit_bytes": 2147483648,
  "peak_job_committed_bytes": 709578752,
  "peak_process_committed_bytes": 708759552,
  "observed_process_ids": [
    3212,
    13256
  ],
  "worker_threads": 1,
  "runner_sha256": "6f602735056b3e468c1b945d1e358d857e95ed12349c910eacc542122fc1de3b",
  "job_helper_sha256": "95c48725b0e1a44e1d5e22614e8499644b0c96d35b7df2c9f66443a3932648c2",
  "boundary": "Wall allowance and job COMMITTED memory, not RSS. All descendant processes belong to this owned job. Full reservation persists if the supervisor is externally interrupted.",
  "child_pid": 3212,
  "returncode": 0,
  "log_sha256": "67ac164821c91fe082771a7b3143e78ed1ec2b2f57f6c98029e558f952e45a3d"
}
{
  "status": "PASS",
  "argv": [
    "D:\\ai\\projects\\sera\\.venv\\Scripts\\python.exe",
    "-X",
    "utf8",
    "-m",
    "experiments.cross_route_transfer.study",
    "run",
    "--name",
    "A06-TRANSFER-001",
    "--arm",
    "observed_only",
    "--seed",
    "191"
  ],
  "reserved_seconds": 150.0,
  "charged_seconds": 51.36119509999844,
  "memory_limit_bytes": 2147483648,
  "peak_job_committed_bytes": 689938432,
  "peak_process_committed_bytes": 689111040,
  "observed_process_ids": [
    14040,
    18348
  ],
  "worker_threads": 1,
  "runner_sha256": "6f602735056b3e468c1b945d1e358d857e95ed12349c910eacc542122fc1de3b",
  "job_helper_sha256": "95c48725b0e1a44e1d5e22614e8499644b0c96d35b7df2c9f66443a3932648c2",
  "boundary": "Wall allowance and job COMMITTED memory, not RSS. All descendant processes belong to this owned job. Full reservation persists if the supervisor is externally interrupted.",
  "child_pid": 14040,
  "returncode": 0,
  "log_sha256": "908d6fb842d03140c9f2ed16f62556df46e95a79e7aee57b59d2e9e51f3282fd"
}
{
  "status": "PASS",
  "argv": [
    "D:\\ai\\projects\\sera\\.venv\\Scripts\\python.exe",
    "-X",
    "utf8",
    "-m",
    "experiments.cross_route_transfer.study",
    "run",
    "--name",
    "A06-TRANSFER-001",
    "--arm",
    "detached",
    "--seed",
    "191"
  ],
  "reserved_seconds": 150.0,
  "charged_seconds": 46.58784040000319,
  "memory_limit_bytes": 2147483648,
  "peak_job_committed_bytes": 688922624,
  "peak_process_committed_bytes": 688140288,
  "observed_process_ids": [
    2940,
    12676
  ],
  "worker_threads": 1,
  "runner_sha256": "6f602735056b3e468c1b945d1e358d857e95ed12349c910eacc542122fc1de3b",
  "job_helper_sha256": "95c48725b0e1a44e1d5e22614e8499644b0c96d35b7df2c9f66443a3932648c2",
  "boundary": "Wall allowance and job COMMITTED memory, not RSS. All descendant processes belong to this owned job. Full reservation persists if the supervisor is externally interrupted.",
  "child_pid": 12676,
  "returncode": 0,
  "log_sha256": "de107d8cfe647f12303734a63b2b89cbbf332139b8185ae9940cf810fb19173b"
}
{
  "status": "PASS",
  "argv": [
    "D:\\ai\\projects\\sera\\.venv\\Scripts\\python.exe",
    "-X",
    "utf8",
    "-m",
    "experiments.cross_route_transfer.study",
    "run",
    "--name",
    "A06-TRANSFER-001",
    "--arm",
    "integrated",
    "--seed",
    "191"
  ],
  "reserved_seconds": 150.0,
  "charged_seconds": 47.18513820000226,
  "memory_limit_bytes": 2147483648,
  "peak_job_committed_bytes": 709300224,
  "peak_process_committed_bytes": 708460544,
  "observed_process_ids": [
    10048,
    15140
  ],
  "worker_threads": 1,
  "runner_sha256": "6f602735056b3e468c1b945d1e358d857e95ed12349c910eacc542122fc1de3b",
  "job_helper_sha256": "95c48725b0e1a44e1d5e22614e8499644b0c96d35b7df2c9f66443a3932648c2",
  "boundary": "Wall allowance and job COMMITTED memory, not RSS. All descendant processes belong to this owned job. Full reservation persists if the supervisor is externally interrupted.",
  "child_pid": 15140,
  "returncode": 0,
  "log_sha256": "326a6d7c8ff27f13147126fa0e2bab4d64df7ea3dcc2edc477be918cc72f2682"
}
{
  "status": "PASS",
  "argv": [
    "D:\\ai\\projects\\sera\\.venv\\Scripts\\python.exe",
    "-X",
    "utf8",
    "-m",
    "experiments.cross_route_transfer.study",
    "run",
    "--name",
    "A06-TRANSFER-001",
    "--arm",
    "extra_capacity",
    "--seed",
    "191"
  ],
  "reserved_seconds": 150.0,
  "charged_seconds": 47.21472760000324,
  "memory_limit_bytes": 2147483648,
  "peak_job_committed_bytes": 690262016,
  "peak_process_committed_bytes": 689430528,
  "observed_process_ids": [
    10580,
    16912
  ],
  "worker_threads": 1,
  "runner_sha256": "6f602735056b3e468c1b945d1e358d857e95ed12349c910eacc542122fc1de3b",
  "job_helper_sha256": "95c48725b0e1a44e1d5e22614e8499644b0c96d35b7df2c9f66443a3932648c2",
  "boundary": "Wall allowance and job COMMITTED memory, not RSS. All descendant processes belong to this owned job. Full reservation persists if the supervisor is externally interrupted.",
  "child_pid": 16912,
  "returncode": 0,
  "log_sha256": "71b518b7a6d511b9fb6a98db14899d2aa165cc47ae7cc0b2e22d793deab42bec"
}
{
  "status": "PASS",
  "argv": [
    "D:\\ai\\projects\\sera\\.venv\\Scripts\\python.exe",
    "-X",
    "utf8",
    "-m",
    "experiments.cross_route_transfer.study",
    "run",
    "--name",
    "A06-TRANSFER-001",
    "--arm",
    "oracle_exposure",
    "--seed",
    "191"
  ],
  "reserved_seconds": 150.0,
  "charged_seconds": 46.492340999997396,
  "memory_limit_bytes": 2147483648,
  "peak_job_committed_bytes": 690110464,
  "peak_process_committed_bytes": 689340416,
  "observed_process_ids": [
    1948,
    14508
  ],
  "worker_threads": 1,
  "runner_sha256": "6f602735056b3e468c1b945d1e358d857e95ed12349c910eacc542122fc1de3b",
  "job_helper_sha256": "95c48725b0e1a44e1d5e22614e8499644b0c96d35b7df2c9f66443a3932648c2",
  "boundary": "Wall allowance and job COMMITTED memory, not RSS. All descendant processes belong to this owned job. Full reservation persists if the supervisor is externally interrupted.",
  "child_pid": 14508,
  "returncode": 0,
  "log_sha256": "d2c05bec39bf83e53ccec12917987637b1a9b0370bf7eb37e2da8ca30a6a5c4b"
}
{
  "status": "PASS",
  "argv": [
    "D:\\ai\\projects\\sera\\.venv\\Scripts\\python.exe",
    "-X",
    "utf8",
    "-m",
    "experiments.cross_route_transfer.study",
    "run",
    "--name",
    "A06-TRANSFER-001",
    "--arm",
    "observed_only",
    "--seed",
    "211"
  ],
  "reserved_seconds": 150.0,
  "charged_seconds": 55.80965380000271,
  "memory_limit_bytes": 2147483648,
  "peak_job_committed_bytes": 689410048,
  "peak_process_committed_bytes": 688570368,
  "observed_process_ids": [
    13120,
    16644,
    16964
  ],
  "worker_threads": 1,
  "runner_sha256": "6f602735056b3e468c1b945d1e358d857e95ed12349c910eacc542122fc1de3b",
  "job_helper_sha256": "95c48725b0e1a44e1d5e22614e8499644b0c96d35b7df2c9f66443a3932648c2",
  "boundary": "Wall allowance and job COMMITTED memory, not RSS. All descendant processes belong to this owned job. Full reservation persists if the supervisor is externally interrupted.",
  "child_pid": 16964,
  "returncode": 0,
  "log_sha256": "70a508c7d1726b9a2e924705114bec10a1aabafa27d0914936e14189c21cd704"
}
{
  "status": "PASS",
  "argv": [
    "D:\\ai\\projects\\sera\\.venv\\Scripts\\python.exe",
    "-X",
    "utf8",
    "-m",
    "experiments.cross_route_transfer.study",
    "run",
    "--name",
    "A06-TRANSFER-001",
    "--arm",
    "detached",
    "--seed",
    "211"
  ],
  "reserved_seconds": 150.0,
  "charged_seconds": 47.74966139999742,
  "memory_limit_bytes": 2147483648,
  "peak_job_committed_bytes": 689123328,
  "peak_process_committed_bytes": 688287744,
  "observed_process_ids": [
    7872,
    14032
  ],
  "worker_threads": 1,
  "runner_sha256": "6f602735056b3e468c1b945d1e358d857e95ed12349c910eacc542122fc1de3b",
  "job_helper_sha256": "95c48725b0e1a44e1d5e22614e8499644b0c96d35b7df2c9f66443a3932648c2",
  "boundary": "Wall allowance and job COMMITTED memory, not RSS. All descendant processes belong to this owned job. Full reservation persists if the supervisor is externally interrupted.",
  "child_pid": 14032,
  "returncode": 0,
  "log_sha256": "7bf19b11acdda44ff99896293ceb99cc42034916322a53f7144efd93209f0471"
}
{
  "status": "PASS",
  "argv": [
    "D:\\ai\\projects\\sera\\.venv\\Scripts\\python.exe",
    "-X",
    "utf8",
    "-m",
    "experiments.cross_route_transfer.study",
    "run",
    "--name",
    "A06-TRANSFER-001",
    "--arm",
    "integrated",
    "--seed",
    "211"
  ],
  "reserved_seconds": 150.0,
  "charged_seconds": 46.66467499999999,
  "memory_limit_bytes": 2147483648,
  "peak_job_committed_bytes": 689377280,
  "peak_process_committed_bytes": 688603136,
  "observed_process_ids": [
    7904,
    13480
  ],
  "worker_threads": 1,
  "runner_sha256": "6f602735056b3e468c1b945d1e358d857e95ed12349c910eacc542122fc1de3b",
  "job_helper_sha256": "95c48725b0e1a44e1d5e22614e8499644b0c96d35b7df2c9f66443a3932648c2",
  "boundary": "Wall allowance and job COMMITTED memory, not RSS. All descendant processes belong to this owned job. Full reservation persists if the supervisor is externally interrupted.",
  "child_pid": 7904,
  "returncode": 0,
  "log_sha256": "3bfbff6e317d64a58f286dd4855ab1a4f206f535ebe9b56be517c9d71b79f605"
}
{
  "status": "PASS",
  "argv": [
    "D:\\ai\\projects\\sera\\.venv\\Scripts\\python.exe",
    "-X",
    "utf8",
    "-m",
    "experiments.cross_route_transfer.study",
    "run",
    "--name",
    "A06-TRANSFER-001",
    "--arm",
    "extra_capacity",
    "--seed",
    "211"
  ],
  "reserved_seconds": 150.0,
  "charged_seconds": 46.67436650000309,
  "memory_limit_bytes": 2147483648,
  "peak_job_committed_bytes": 689127424,
  "peak_process_committed_bytes": 688357376,
  "observed_process_ids": [
    3476,
    9972
  ],
  "worker_threads": 1,
  "runner_sha256": "6f602735056b3e468c1b945d1e358d857e95ed12349c910eacc542122fc1de3b",
  "job_helper_sha256": "95c48725b0e1a44e1d5e22614e8499644b0c96d35b7df2c9f66443a3932648c2",
  "boundary": "Wall allowance and job COMMITTED memory, not RSS. All descendant processes belong to this owned job. Full reservation persists if the supervisor is externally interrupted.",
  "child_pid": 3476,
  "returncode": 0,
  "log_sha256": "64f1b963c079c9b225cff2ec64d34db089e1a4d5d97990c0fb66a093f63a9801"
}
{
  "status": "PASS",
  "argv": [
    "D:\\ai\\projects\\sera\\.venv\\Scripts\\python.exe",
    "-X",
    "utf8",
    "-m",
    "experiments.cross_route_transfer.study",
    "run",
    "--name",
    "A06-TRANSFER-001",
    "--arm",
    "oracle_exposure",
    "--seed",
    "211"
  ],
  "reserved_seconds": 150.0,
  "charged_seconds": 49.30540689999907,
  "memory_limit_bytes": 2147483648,
  "peak_job_committed_bytes": 689045504,
  "peak_process_committed_bytes": 688209920,
  "observed_process_ids": [
    7672,
    16480
  ],
  "worker_threads": 1,
  "runner_sha256": "6f602735056b3e468c1b945d1e358d857e95ed12349c910eacc542122fc1de3b",
  "job_helper_sha256": "95c48725b0e1a44e1d5e22614e8499644b0c96d35b7df2c9f66443a3932648c2",
  "boundary": "Wall allowance and job COMMITTED memory, not RSS. All descendant processes belong to this owned job. Full reservation persists if the supervisor is externally interrupted.",
  "child_pid": 16480,
  "returncode": 0,
  "log_sha256": "08a2b4b1151a3d5c2aabde32f2ad0b4f283c7fb423faf591bdf2b9f162a0527e"
}
{
  "status": "PASS",
  "argv": [
    "D:\\ai\\projects\\sera\\.venv\\Scripts\\python.exe",
    "-X",
    "utf8",
    "-m",
    "experiments.cross_route_transfer.study",
    "run",
    "--name",
    "A06-TRANSFER-001",
    "--arm",
    "observed_only",
    "--seed",
    "223"
  ],
  "reserved_seconds": 150.0,
  "charged_seconds": 53.024548100001994,
  "memory_limit_bytes": 2147483648,
  "peak_job_committed_bytes": 709398528,
  "peak_process_committed_bytes": 708562944,
  "observed_process_ids": [
    808,
    9916,
    14240
  ],
  "worker_threads": 1,
  "runner_sha256": "6f602735056b3e468c1b945d1e358d857e95ed12349c910eacc542122fc1de3b",
  "job_helper_sha256": "95c48725b0e1a44e1d5e22614e8499644b0c96d35b7df2c9f66443a3932648c2",
  "boundary": "Wall allowance and job COMMITTED memory, not RSS. All descendant processes belong to this owned job. Full reservation persists if the supervisor is externally interrupted.",
  "child_pid": 808,
  "returncode": 0,
  "log_sha256": "c6e1e8cebbcade289b9ba89dd05fca59c242da01657d5bfe4f436dfba430b0cb"
}
{
  "status": "PASS",
  "argv": [
    "D:\\ai\\projects\\sera\\.venv\\Scripts\\python.exe",
    "-X",
    "utf8",
    "-m",
    "experiments.cross_route_transfer.study",
    "run",
    "--name",
    "A06-TRANSFER-001",
    "--arm",
    "detached",
    "--seed",
    "223"
  ],
  "reserved_seconds": 150.0,
  "charged_seconds": 47.594703499999014,
  "memory_limit_bytes": 2147483648,
  "peak_job_committed_bytes": 690237440,
  "peak_process_committed_bytes": 689410048,
  "observed_process_ids": [
    240,
    14044
  ],
  "worker_threads": 1,
  "runner_sha256": "6f602735056b3e468c1b945d1e358d857e95ed12349c910eacc542122fc1de3b",
  "job_helper_sha256": "95c48725b0e1a44e1d5e22614e8499644b0c96d35b7df2c9f66443a3932648c2",
  "boundary": "Wall allowance and job COMMITTED memory, not RSS. All descendant processes belong to this owned job. Full reservation persists if the supervisor is externally interrupted.",
  "child_pid": 14044,
  "returncode": 0,
  "log_sha256": "17a76f46dd4cb637f8b80d94d1b93ef8581d58d2d7e5cd21e410ad9a4df6a8bd"
}
{
  "status": "PASS",
  "argv": [
    "D:\\ai\\projects\\sera\\.venv\\Scripts\\python.exe",
    "-X",
    "utf8",
    "-m",
    "experiments.cross_route_transfer.study",
    "run",
    "--name",
    "A06-TRANSFER-001",
    "--arm",
    "integrated",
    "--seed",
    "223"
  ],
  "reserved_seconds": 150.0,
  "charged_seconds": 49.67661670000234,
  "memory_limit_bytes": 2147483648,
  "peak_job_committed_bytes": 689078272,
  "peak_process_committed_bytes": 688238592,
  "observed_process_ids": [
    9572,
    17588
  ],
  "worker_threads": 1,
  "runner_sha256": "6f602735056b3e468c1b945d1e358d857e95ed12349c910eacc542122fc1de3b",
  "job_helper_sha256": "95c48725b0e1a44e1d5e22614e8499644b0c96d35b7df2c9f66443a3932648c2",
  "boundary": "Wall allowance and job COMMITTED memory, not RSS. All descendant processes belong to this owned job. Full reservation persists if the supervisor is externally interrupted.",
  "child_pid": 9572,
  "returncode": 0,
  "log_sha256": "df19cd5eec21428dac71249f76f9cc88f2224e43222062ab4b7b02f20e2ec88b"
}
{
  "status": "PASS",
  "argv": [
    "D:\\ai\\projects\\sera\\.venv\\Scripts\\python.exe",
    "-X",
    "utf8",
    "-m",
    "experiments.cross_route_transfer.study",
    "run",
    "--name",
    "A06-TRANSFER-001",
    "--arm",
    "extra_capacity",
    "--seed",
    "223"
  ],
  "reserved_seconds": 150.0,
  "charged_seconds": 48.134598099997675,
  "memory_limit_bytes": 2147483648,
  "peak_job_committed_bytes": 710041600,
  "peak_process_committed_bytes": 709201920,
  "observed_process_ids": [
    8084,
    15104
  ],
  "worker_threads": 1,
  "runner_sha256": "6f602735056b3e468c1b945d1e358d857e95ed12349c910eacc542122fc1de3b",
  "job_helper_sha256": "95c48725b0e1a44e1d5e22614e8499644b0c96d35b7df2c9f66443a3932648c2",
  "boundary": "Wall allowance and job COMMITTED memory, not RSS. All descendant processes belong to this owned job. Full reservation persists if the supervisor is externally interrupted.",
  "child_pid": 8084,
  "returncode": 0,
  "log_sha256": "b5cc56554129f7c98c9921011256745838926b53737033c3a8a2251768526ba5"
}
{
  "status": "PASS",
  "argv": [
    "D:\\ai\\projects\\sera\\.venv\\Scripts\\python.exe",
    "-X",
    "utf8",
    "-m",
    "experiments.cross_route_transfer.study",
    "run",
    "--name",
    "A06-TRANSFER-001",
    "--arm",
    "oracle_exposure",
    "--seed",
    "223"
  ],
  "reserved_seconds": 150.0,
  "charged_seconds": 47.38881499999843,
  "memory_limit_bytes": 2147483648,
  "peak_job_committed_bytes": 709591040,
  "peak_process_committed_bytes": 708771840,
  "observed_process_ids": [
    5320,
    8892
  ],
  "worker_threads": 1,
  "runner_sha256": "6f602735056b3e468c1b945d1e358d857e95ed12349c910eacc542122fc1de3b",
  "job_helper_sha256": "95c48725b0e1a44e1d5e22614e8499644b0c96d35b7df2c9f66443a3932648c2",
  "boundary": "Wall allowance and job COMMITTED memory, not RSS. All descendant processes belong to this owned job. Full reservation persists if the supervisor is externally interrupted.",
  "child_pid": 5320,
  "returncode": 0,
  "log_sha256": "113ce48f49cb32415701c1b090d715f03aae298695fb9edf12fdea2e2df57e52"
}
{
  "status": "PASS",
  "argv": [
    "D:\\ai\\projects\\sera\\.venv\\Scripts\\python.exe",
    "-X",
    "utf8",
    "-m",
    "experiments.cross_route_transfer.study",
    "run",
    "--name",
    "A06-TRANSFER-001",
    "--arm",
    "observed_only",
    "--seed",
    "227"
  ],
  "reserved_seconds": 150.0,
  "charged_seconds": 52.63279359999433,
  "memory_limit_bytes": 2147483648,
  "peak_job_committed_bytes": 707973120,
  "peak_process_committed_bytes": 707149824,
  "observed_process_ids": [
    3212,
    15172
  ],
  "worker_threads": 1,
  "runner_sha256": "6f602735056b3e468c1b945d1e358d857e95ed12349c910eacc542122fc1de3b",
  "job_helper_sha256": "95c48725b0e1a44e1d5e22614e8499644b0c96d35b7df2c9f66443a3932648c2",
  "boundary": "Wall allowance and job COMMITTED memory, not RSS. All descendant processes belong to this owned job. Full reservation persists if the supervisor is externally interrupted.",
  "child_pid": 15172,
  "returncode": 0,
  "log_sha256": "05d90e6b05ed1f46c7ad8955c2397c15bde5000cb5fec937594a7143bc257569"
}
{
  "status": "PASS",
  "argv": [
    "D:\\ai\\projects\\sera\\.venv\\Scripts\\python.exe",
    "-X",
    "utf8",
    "-m",
    "experiments.cross_route_transfer.study",
    "run",
    "--name",
    "A06-TRANSFER-001",
    "--arm",
    "detached",
    "--seed",
    "227"
  ],
  "reserved_seconds": 150.0,
  "charged_seconds": 48.53879519999464,
  "memory_limit_bytes": 2147483648,
  "peak_job_committed_bytes": 709021696,
  "peak_process_committed_bytes": 708202496,
  "observed_process_ids": [
    1772,
    2496,
    3828
  ],
  "worker_threads": 1,
  "runner_sha256": "6f602735056b3e468c1b945d1e358d857e95ed12349c910eacc542122fc1de3b",
  "job_helper_sha256": "95c48725b0e1a44e1d5e22614e8499644b0c96d35b7df2c9f66443a3932648c2",
  "boundary": "Wall allowance and job COMMITTED memory, not RSS. All descendant processes belong to this owned job. Full reservation persists if the supervisor is externally interrupted.",
  "child_pid": 2496,
  "returncode": 0,
  "log_sha256": "ed926c27c03fecbc112b07da104333c184fb8dd12e78a02b62195df0d2a8fb4f"
}
{
  "status": "PASS",
  "argv": [
    "D:\\ai\\projects\\sera\\.venv\\Scripts\\python.exe",
    "-X",
    "utf8",
    "-m",
    "experiments.cross_route_transfer.study",
    "run",
    "--name",
    "A06-TRANSFER-001",
    "--arm",
    "integrated",
    "--seed",
    "227"
  ],
  "reserved_seconds": 150.0,
  "charged_seconds": 47.365587499996764,
  "memory_limit_bytes": 2147483648,
  "peak_job_committed_bytes": 689758208,
  "peak_process_committed_bytes": 688930816,
  "observed_process_ids": [
    9332,
    17040
  ],
  "worker_threads": 1,
  "runner_sha256": "6f602735056b3e468c1b945d1e358d857e95ed12349c910eacc542122fc1de3b",
  "job_helper_sha256": "95c48725b0e1a44e1d5e22614e8499644b0c96d35b7df2c9f66443a3932648c2",
  "boundary": "Wall allowance and job COMMITTED memory, not RSS. All descendant processes belong to this owned job. Full reservation persists if the supervisor is externally interrupted.",
  "child_pid": 9332,
  "returncode": 0,
  "log_sha256": "055bccd2880bd6d623f38dec79d59628f250c8f6d83debed8f35475e1299f31a"
}
{
  "status": "PASS",
  "argv": [
    "D:\\ai\\projects\\sera\\.venv\\Scripts\\python.exe",
    "-X",
    "utf8",
    "-m",
    "experiments.cross_route_transfer.study",
    "run",
    "--name",
    "A06-TRANSFER-001",
    "--arm",
    "extra_capacity",
    "--seed",
    "227"
  ],
  "reserved_seconds": 150.0,
  "charged_seconds": 47.68841999999859,
  "memory_limit_bytes": 2147483648,
  "peak_job_committed_bytes": 689139712,
  "peak_process_committed_bytes": 688320512,
  "observed_process_ids": [
    11240,
    15540
  ],
  "worker_threads": 1,
  "runner_sha256": "6f602735056b3e468c1b945d1e358d857e95ed12349c910eacc542122fc1de3b",
  "job_helper_sha256": "95c48725b0e1a44e1d5e22614e8499644b0c96d35b7df2c9f66443a3932648c2",
  "boundary": "Wall allowance and job COMMITTED memory, not RSS. All descendant processes belong to this owned job. Full reservation persists if the supervisor is externally interrupted.",
  "child_pid": 15540,
  "returncode": 0,
  "log_sha256": "9938bdef2c28cfb2f5c4cf64226efe5cbcdf17476b78d2b52b4408190299b910"
}
{
  "status": "PASS",
  "argv": [
    "D:\\ai\\projects\\sera\\.venv\\Scripts\\python.exe",
    "-X",
    "utf8",
    "-m",
    "experiments.cross_route_transfer.study",
    "run",
    "--name",
    "A06-TRANSFER-001",
    "--arm",
    "oracle_exposure",
    "--seed",
    "227"
  ],
  "reserved_seconds": 150.0,
  "charged_seconds": 49.456093200002215,
  "memory_limit_bytes": 2147483648,
  "peak_job_committed_bytes": 708575232,
  "peak_process_committed_bytes": 707751936,
  "observed_process_ids": [
    6940,
    9612
  ],
  "worker_threads": 1,
  "runner_sha256": "6f602735056b3e468c1b945d1e358d857e95ed12349c910eacc542122fc1de3b",
  "job_helper_sha256": "95c48725b0e1a44e1d5e22614e8499644b0c96d35b7df2c9f66443a3932648c2",
  "boundary": "Wall allowance and job COMMITTED memory, not RSS. All descendant processes belong to this owned job. Full reservation persists if the supervisor is externally interrupted.",
  "child_pid": 9612,
  "returncode": 0,
  "log_sha256": "59350d41d34bcbb2caad2240696308af78eac875c91bf9c64f24d9129db05669"
}
{
  "status": "PASS",
  "argv": [
    "D:\\ai\\projects\\sera\\.venv\\Scripts\\python.exe",
    "-X",
    "utf8",
    "-m",
    "experiments.cross_route_transfer.study",
    "run",
    "--name",
    "A06-TRANSFER-002",
    "--arm",
    "observed_only",
    "--seed",
    "181"
  ],
  "reserved_seconds": 150.0,
  "charged_seconds": 32.65016960000503,
  "memory_limit_bytes": 2147483648,
  "peak_job_committed_bytes": 656814080,
  "peak_process_committed_bytes": 655986688,
  "observed_process_ids": [
    876,
    1368
  ],
  "worker_threads": 1,
  "runner_sha256": "6f602735056b3e468c1b945d1e358d857e95ed12349c910eacc542122fc1de3b",
  "job_helper_sha256": "95c48725b0e1a44e1d5e22614e8499644b0c96d35b7df2c9f66443a3932648c2",
  "boundary": "Wall allowance and job COMMITTED memory, not RSS. All descendant processes belong to this owned job. Full reservation persists if the supervisor is externally interrupted.",
  "child_pid": 1368,
  "returncode": 0,
  "log_sha256": "ded40bbb37a64556a6e76266e03059ab0a5db1af7accb445641ee71ac59afeec"
}
{
  "status": "PASS",
  "argv": [
    "D:\\ai\\projects\\sera\\.venv\\Scripts\\python.exe",
    "-X",
    "utf8",
    "-m",
    "experiments.cross_route_transfer.study",
    "run",
    "--name",
    "A06-TRANSFER-002",
    "--arm",
    "detached",
    "--seed",
    "181"
  ],
  "reserved_seconds": 150.0,
  "charged_seconds": 28.268254700000398,
  "memory_limit_bytes": 2147483648,
  "peak_job_committed_bytes": 657620992,
  "peak_process_committed_bytes": 656785408,
  "observed_process_ids": [
    2180,
    9288
  ],
  "worker_threads": 1,
  "runner_sha256": "6f602735056b3e468c1b945d1e358d857e95ed12349c910eacc542122fc1de3b",
  "job_helper_sha256": "95c48725b0e1a44e1d5e22614e8499644b0c96d35b7df2c9f66443a3932648c2",
  "boundary": "Wall allowance and job COMMITTED memory, not RSS. All descendant processes belong to this owned job. Full reservation persists if the supervisor is externally interrupted.",
  "child_pid": 9288,
  "returncode": 0,
  "log_sha256": "45e5047c584b097318fa6bc5c2985c7a8c9b1c30ba38412cd386d0b9fde665c2"
}
{
  "status": "PASS",
  "argv": [
    "D:\\ai\\projects\\sera\\.venv\\Scripts\\python.exe",
    "-X",
    "utf8",
    "-m",
    "experiments.cross_route_transfer.study",
    "run",
    "--name",
    "A06-TRANSFER-002",
    "--arm",
    "integrated",
    "--seed",
    "181"
  ],
  "reserved_seconds": 150.0,
  "charged_seconds": 27.93310349999956,
  "memory_limit_bytes": 2147483648,
  "peak_job_committed_bytes": 656629760,
  "peak_process_committed_bytes": 655798272,
  "observed_process_ids": [
    13604,
    15264
  ],
  "worker_threads": 1,
  "runner_sha256": "6f602735056b3e468c1b945d1e358d857e95ed12349c910eacc542122fc1de3b",
  "job_helper_sha256": "95c48725b0e1a44e1d5e22614e8499644b0c96d35b7df2c9f66443a3932648c2",
  "boundary": "Wall allowance and job COMMITTED memory, not RSS. All descendant processes belong to this owned job. Full reservation persists if the supervisor is externally interrupted.",
  "child_pid": 13604,
  "returncode": 0,
  "log_sha256": "b1bed2ddd77f909a6968856271dbb8bd71c74f5f2203e426c8971237fae5f362"
}
{
  "status": "PASS",
  "argv": [
    "D:\\ai\\projects\\sera\\.venv\\Scripts\\python.exe",
    "-X",
    "utf8",
    "-m",
    "experiments.cross_route_transfer.study",
    "run",
    "--name",
    "A06-TRANSFER-002",
    "--arm",
    "extra_capacity",
    "--seed",
    "181"
  ],
  "reserved_seconds": 150.0,
  "charged_seconds": 28.237150799999654,
  "memory_limit_bytes": 2147483648,
  "peak_job_committed_bytes": 709648384,
  "peak_process_committed_bytes": 708808704,
  "observed_process_ids": [
    3952,
    15424
  ],
  "worker_threads": 1,
  "runner_sha256": "6f602735056b3e468c1b945d1e358d857e95ed12349c910eacc542122fc1de3b",
  "job_helper_sha256": "95c48725b0e1a44e1d5e22614e8499644b0c96d35b7df2c9f66443a3932648c2",
  "boundary": "Wall allowance and job COMMITTED memory, not RSS. All descendant processes belong to this owned job. Full reservation persists if the supervisor is externally interrupted.",
  "child_pid": 3952,
  "returncode": 0,
  "log_sha256": "66af7127a98a0369a55715baa191f82765465e6ad5b8d7c5356ec3fb96237dba"
}
{
  "status": "PASS",
  "argv": [
    "D:\\ai\\projects\\sera\\.venv\\Scripts\\python.exe",
    "-X",
    "utf8",
    "-m",
    "experiments.cross_route_transfer.study",
    "run",
    "--name",
    "A06-TRANSFER-002",
    "--arm",
    "oracle_exposure",
    "--seed",
    "181"
  ],
  "reserved_seconds": 150.0,
  "charged_seconds": 29.012191499998153,
  "memory_limit_bytes": 2147483648,
  "peak_job_committed_bytes": 709181440,
  "peak_process_committed_bytes": 708354048,
  "observed_process_ids": [
    1500,
    11520
  ],
  "worker_threads": 1,
  "runner_sha256": "6f602735056b3e468c1b945d1e358d857e95ed12349c910eacc542122fc1de3b",
  "job_helper_sha256": "95c48725b0e1a44e1d5e22614e8499644b0c96d35b7df2c9f66443a3932648c2",
  "boundary": "Wall allowance and job COMMITTED memory, not RSS. All descendant processes belong to this owned job. Full reservation persists if the supervisor is externally interrupted.",
  "child_pid": 11520,
  "returncode": 0,
  "log_sha256": "1d4043bc3a7dc6e1b488fdb50adfd60f90f2b2bc07605e938629eddae842070c"
}
{
  "status": "PASS",
  "argv": [
    "D:\\ai\\projects\\sera\\.venv\\Scripts\\python.exe",
    "-X",
    "utf8",
    "-m",
    "experiments.cross_route_transfer.study",
    "run",
    "--name",
    "A06-TRANSFER-002",
    "--arm",
    "observed_only",
    "--seed",
    "191"
  ],
  "reserved_seconds": 150.0,
  "charged_seconds": 32.553387400002975,
  "memory_limit_bytes": 2147483648,
  "peak_job_committed_bytes": 656482304,
  "peak_process_committed_bytes": 655654912,
  "observed_process_ids": [
    3812,
    15012
  ],
  "worker_threads": 1,
  "runner_sha256": "6f602735056b3e468c1b945d1e358d857e95ed12349c910eacc542122fc1de3b",
  "job_helper_sha256": "95c48725b0e1a44e1d5e22614e8499644b0c96d35b7df2c9f66443a3932648c2",
  "boundary": "Wall allowance and job COMMITTED memory, not RSS. All descendant processes belong to this owned job. Full reservation persists if the supervisor is externally interrupted.",
  "child_pid": 3812,
  "returncode": 0,
  "log_sha256": "7a15dadc066efea3e147c445dd93dc6d586825031ded906bc97f5445fbcd31e2"
}
{
  "status": "PASS",
  "argv": [
    "D:\\ai\\projects\\sera\\.venv\\Scripts\\python.exe",
    "-X",
    "utf8",
    "-m",
    "experiments.cross_route_transfer.study",
    "run",
    "--name",
    "A06-TRANSFER-002",
    "--arm",
    "detached",
    "--seed",
    "191"
  ],
  "reserved_seconds": 150.0,
  "charged_seconds": 27.448514600000635,
  "memory_limit_bytes": 2147483648,
  "peak_job_committed_bytes": 708935680,
  "peak_process_committed_bytes": 708108288,
  "observed_process_ids": [
    5536,
    18180
  ],
  "worker_threads": 1,
  "runner_sha256": "6f602735056b3e468c1b945d1e358d857e95ed12349c910eacc542122fc1de3b",
  "job_helper_sha256": "95c48725b0e1a44e1d5e22614e8499644b0c96d35b7df2c9f66443a3932648c2",
  "boundary": "Wall allowance and job COMMITTED memory, not RSS. All descendant processes belong to this owned job. Full reservation persists if the supervisor is externally interrupted.",
  "child_pid": 5536,
  "returncode": 0,
  "log_sha256": "b5bc0b1b8e8c89663619c4ade1d14fdd55c6c5b7780d95b5136d7160d086c4d5"
}
{
  "status": "PASS",
  "argv": [
    "D:\\ai\\projects\\sera\\.venv\\Scripts\\python.exe",
    "-X",
    "utf8",
    "-m",
    "experiments.cross_route_transfer.study",
    "run",
    "--name",
    "A06-TRANSFER-002",
    "--arm",
    "integrated",
    "--seed",
    "191"
  ],
  "reserved_seconds": 150.0,
  "charged_seconds": 29.0098913000038,
  "memory_limit_bytes": 2147483648,
  "peak_job_committed_bytes": 709365760,
  "peak_process_committed_bytes": 708542464,
  "observed_process_ids": [
    5404,
    5904
  ],
  "worker_threads": 1,
  "runner_sha256": "6f602735056b3e468c1b945d1e358d857e95ed12349c910eacc542122fc1de3b",
  "job_helper_sha256": "95c48725b0e1a44e1d5e22614e8499644b0c96d35b7df2c9f66443a3932648c2",
  "boundary": "Wall allowance and job COMMITTED memory, not RSS. All descendant processes belong to this owned job. Full reservation persists if the supervisor is externally interrupted.",
  "child_pid": 5904,
  "returncode": 0,
  "log_sha256": "f86ed7d9c70a5e25d04c902247534e0a883795dc1b5e990e539d1d1460931c5c"
}
{
  "status": "PASS",
  "argv": [
    "D:\\ai\\projects\\sera\\.venv\\Scripts\\python.exe",
    "-X",
    "utf8",
    "-m",
    "experiments.cross_route_transfer.study",
    "run",
    "--name",
    "A06-TRANSFER-002",
    "--arm",
    "extra_capacity",
    "--seed",
    "191"
  ],
  "reserved_seconds": 150.0,
  "charged_seconds": 27.841879899999185,
  "memory_limit_bytes": 2147483648,
  "peak_job_committed_bytes": 656551936,
  "peak_process_committed_bytes": 655720448,
  "observed_process_ids": [
    12548,
    15548
  ],
  "worker_threads": 1,
  "runner_sha256": "6f602735056b3e468c1b945d1e358d857e95ed12349c910eacc542122fc1de3b",
  "job_helper_sha256": "95c48725b0e1a44e1d5e22614e8499644b0c96d35b7df2c9f66443a3932648c2",
  "boundary": "Wall allowance and job COMMITTED memory, not RSS. All descendant processes belong to this owned job. Full reservation persists if the supervisor is externally interrupted.",
  "child_pid": 12548,
  "returncode": 0,
  "log_sha256": "f46a7e0dbc950a8977b18ebef6d41c0895be18aa82908e541e35e6722ea4e173"
}
{
  "status": "PASS",
  "argv": [
    "D:\\ai\\projects\\sera\\.venv\\Scripts\\python.exe",
    "-X",
    "utf8",
    "-m",
    "experiments.cross_route_transfer.study",
    "run",
    "--name",
    "A06-TRANSFER-002",
    "--arm",
    "oracle_exposure",
    "--seed",
    "191"
  ],
  "reserved_seconds": 150.0,
  "charged_seconds": 27.59508540000388,
  "memory_limit_bytes": 2147483648,
  "peak_job_committed_bytes": 709287936,
  "peak_process_committed_bytes": 708456448,
  "observed_process_ids": [
    9388,
    16316
  ],
  "worker_threads": 1,
  "runner_sha256": "6f602735056b3e468c1b945d1e358d857e95ed12349c910eacc542122fc1de3b",
  "job_helper_sha256": "95c48725b0e1a44e1d5e22614e8499644b0c96d35b7df2c9f66443a3932648c2",
  "boundary": "Wall allowance and job COMMITTED memory, not RSS. All descendant processes belong to this owned job. Full reservation persists if the supervisor is externally interrupted.",
  "child_pid": 16316,
  "returncode": 0,
  "log_sha256": "97a130dfb3e202a72f1a94c7d3a8db3feb09aef86cc2484c5f1aa9fb84eb2443"
}
{
  "status": "PASS",
  "argv": [
    "D:\\ai\\projects\\sera\\.venv\\Scripts\\python.exe",
    "-X",
    "utf8",
    "-m",
    "experiments.cross_route_transfer.study",
    "run",
    "--name",
    "A06-TRANSFER-002",
    "--arm",
    "observed_only",
    "--seed",
    "211"
  ],
  "reserved_seconds": 150.0,
  "charged_seconds": 33.64350249999552,
  "memory_limit_bytes": 2147483648,
  "peak_job_committed_bytes": 671219712,
  "peak_process_committed_bytes": 670375936,
  "observed_process_ids": [
    10112,
    13976
  ],
  "worker_threads": 1,
  "runner_sha256": "6f602735056b3e468c1b945d1e358d857e95ed12349c910eacc542122fc1de3b",
  "job_helper_sha256": "95c48725b0e1a44e1d5e22614e8499644b0c96d35b7df2c9f66443a3932648c2",
  "boundary": "Wall allowance and job COMMITTED memory, not RSS. All descendant processes belong to this owned job. Full reservation persists if the supervisor is externally interrupted.",
  "child_pid": 10112,
  "returncode": 0,
  "log_sha256": "e04d790b879460460a0d9025085bc13baba6e17793113a12e6008cc108ffd94b"
}
{
  "status": "PASS",
  "argv": [
    "D:\\ai\\projects\\sera\\.venv\\Scripts\\python.exe",
    "-X",
    "utf8",
    "-m",
    "experiments.cross_route_transfer.study",
    "run",
    "--name",
    "A06-TRANSFER-002",
    "--arm",
    "detached",
    "--seed",
    "211"
  ],
  "reserved_seconds": 150.0,
  "charged_seconds": 27.909871099996963,
  "memory_limit_bytes": 2147483648,
  "peak_job_committed_bytes": 664109056,
  "peak_process_committed_bytes": 663281664,
  "observed_process_ids": [
    2272,
    11700
  ],
  "worker_threads": 1,
  "runner_sha256": "6f602735056b3e468c1b945d1e358d857e95ed12349c910eacc542122fc1de3b",
  "job_helper_sha256": "95c48725b0e1a44e1d5e22614e8499644b0c96d35b7df2c9f66443a3932648c2",
  "boundary": "Wall allowance and job COMMITTED memory, not RSS. All descendant processes belong to this owned job. Full reservation persists if the supervisor is externally interrupted.",
  "child_pid": 2272,
  "returncode": 0,
  "log_sha256": "4f03cbef446e030f44edb2209dc025069fc86333a9600b6f4a579f68c2e2e116"
}
{
  "status": "PASS",
  "argv": [
    "D:\\ai\\projects\\sera\\.venv\\Scripts\\python.exe",
    "-X",
    "utf8",
    "-m",
    "experiments.cross_route_transfer.study",
    "run",
    "--name",
    "A06-TRANSFER-002",
    "--arm",
    "integrated",
    "--seed",
    "211"
  ],
  "reserved_seconds": 150.0,
  "charged_seconds": 27.98518939999485,
  "memory_limit_bytes": 2147483648,
  "peak_job_committed_bytes": 663314432,
  "peak_process_committed_bytes": 662413312,
  "observed_process_ids": [
    3980,
    7560
  ],
  "worker_threads": 1,
  "runner_sha256": "6f602735056b3e468c1b945d1e358d857e95ed12349c910eacc542122fc1de3b",
  "job_helper_sha256": "95c48725b0e1a44e1d5e22614e8499644b0c96d35b7df2c9f66443a3932648c2",
  "boundary": "Wall allowance and job COMMITTED memory, not RSS. All descendant processes belong to this owned job. Full reservation persists if the supervisor is externally interrupted.",
  "child_pid": 3980,
  "returncode": 0,
  "log_sha256": "1cfc83075c478ca6523bf4a8d77e513830c08bc9830ccaa86cd250cc66a9df34"
}
{
  "status": "PASS",
  "argv": [
    "D:\\ai\\projects\\sera\\.venv\\Scripts\\python.exe",
    "-X",
    "utf8",
    "-m",
    "experiments.cross_route_transfer.study",
    "run",
    "--name",
    "A06-TRANSFER-002",
    "--arm",
    "extra_capacity",
    "--seed",
    "211"
  ],
  "reserved_seconds": 150.0,
  "charged_seconds": 27.72935719999805,
  "memory_limit_bytes": 2147483648,
  "peak_job_committed_bytes": 663023616,
  "peak_process_committed_bytes": 662192128,
  "observed_process_ids": [
    16508,
    16952
  ],
  "worker_threads": 1,
  "runner_sha256": "6f602735056b3e468c1b945d1e358d857e95ed12349c910eacc542122fc1de3b",
  "job_helper_sha256": "95c48725b0e1a44e1d5e22614e8499644b0c96d35b7df2c9f66443a3932648c2",
  "boundary": "Wall allowance and job COMMITTED memory, not RSS. All descendant processes belong to this owned job. Full reservation persists if the supervisor is externally interrupted.",
  "child_pid": 16508,
  "returncode": 0,
  "log_sha256": "57a15e8c3fa4793f8c70fe75c9f8a9057a7cdc93b316477d7f0f578aaa25fa8b"
}
{
  "status": "PASS",
  "argv": [
    "D:\\ai\\projects\\sera\\.venv\\Scripts\\python.exe",
    "-X",
    "utf8",
    "-m",
    "experiments.cross_route_transfer.study",
    "run",
    "--name",
    "A06-TRANSFER-002",
    "--arm",
    "oracle_exposure",
    "--seed",
    "211"
  ],
  "reserved_seconds": 150.0,
  "charged_seconds": 28.71870630000194,
  "memory_limit_bytes": 2147483648,
  "peak_job_committed_bytes": 663224320,
  "peak_process_committed_bytes": 662396928,
  "observed_process_ids": [
    3700,
    5344
  ],
  "worker_threads": 1,
  "runner_sha256": "6f602735056b3e468c1b945d1e358d857e95ed12349c910eacc542122fc1de3b",
  "job_helper_sha256": "95c48725b0e1a44e1d5e22614e8499644b0c96d35b7df2c9f66443a3932648c2",
  "boundary": "Wall allowance and job COMMITTED memory, not RSS. All descendant processes belong to this owned job. Full reservation persists if the supervisor is externally interrupted.",
  "child_pid": 3700,
  "returncode": 0,
  "log_sha256": "f8910dbe2929a2de5c6b1f5537109d902e4fd530ae7c40718ca9d9266db1035d"
}
{
  "status": "PASS",
  "argv": [
    "D:\\ai\\projects\\sera\\.venv\\Scripts\\python.exe",
    "-X",
    "utf8",
    "-m",
    "experiments.cross_route_transfer.study",
    "run",
    "--name",
    "A06-TRANSFER-002",
    "--arm",
    "observed_only",
    "--seed",
    "223"
  ],
  "reserved_seconds": 150.0,
  "charged_seconds": 32.69501019999734,
  "memory_limit_bytes": 2147483648,
  "peak_job_committed_bytes": 658165760,
  "peak_process_committed_bytes": 657342464,
  "observed_process_ids": [
    9580,
    12304
  ],
  "worker_threads": 1,
  "runner_sha256": "6f602735056b3e468c1b945d1e358d857e95ed12349c910eacc542122fc1de3b",
  "job_helper_sha256": "95c48725b0e1a44e1d5e22614e8499644b0c96d35b7df2c9f66443a3932648c2",
  "boundary": "Wall allowance and job COMMITTED memory, not RSS. All descendant processes belong to this owned job. Full reservation persists if the supervisor is externally interrupted.",
  "child_pid": 9580,
  "returncode": 0,
  "log_sha256": "08f7049def86d56675a368eea56354ff79721c507d29beb07d4bfdb4bc474b23"
}
{
  "status": "PASS",
  "argv": [
    "D:\\ai\\projects\\sera\\.venv\\Scripts\\python.exe",
    "-X",
    "utf8",
    "-m",
    "experiments.cross_route_transfer.study",
    "run",
    "--name",
    "A06-TRANSFER-002",
    "--arm",
    "detached",
    "--seed",
    "223"
  ],
  "reserved_seconds": 150.0,
  "charged_seconds": 27.774361700001464,
  "memory_limit_bytes": 2147483648,
  "peak_job_committed_bytes": 657973248,
  "peak_process_committed_bytes": 657145856,
  "observed_process_ids": [
    5324,
    6560,
    11240
  ],
  "worker_threads": 1,
  "runner_sha256": "6f602735056b3e468c1b945d1e358d857e95ed12349c910eacc542122fc1de3b",
  "job_helper_sha256": "95c48725b0e1a44e1d5e22614e8499644b0c96d35b7df2c9f66443a3932648c2",
  "boundary": "Wall allowance and job COMMITTED memory, not RSS. All descendant processes belong to this owned job. Full reservation persists if the supervisor is externally interrupted.",
  "child_pid": 5324,
  "returncode": 0,
  "log_sha256": "abd860e0fb665429f295c15e5f1cb77310792d718d880dcf90e7d18a46fc715a"
}
{
  "status": "PASS",
  "argv": [
    "D:\\ai\\projects\\sera\\.venv\\Scripts\\python.exe",
    "-X",
    "utf8",
    "-m",
    "experiments.cross_route_transfer.study",
    "run",
    "--name",
    "A06-TRANSFER-002",
    "--arm",
    "integrated",
    "--seed",
    "223"
  ],
  "reserved_seconds": 150.0,
  "charged_seconds": 27.71489940000174,
  "memory_limit_bytes": 2147483648,
  "peak_job_committed_bytes": 709988352,
  "peak_process_committed_bytes": 709165056,
  "observed_process_ids": [
    2344,
    12948
  ],
  "worker_threads": 1,
  "runner_sha256": "6f602735056b3e468c1b945d1e358d857e95ed12349c910eacc542122fc1de3b",
  "job_helper_sha256": "95c48725b0e1a44e1d5e22614e8499644b0c96d35b7df2c9f66443a3932648c2",
  "boundary": "Wall allowance and job COMMITTED memory, not RSS. All descendant processes belong to this owned job. Full reservation persists if the supervisor is externally interrupted.",
  "child_pid": 2344,
  "returncode": 0,
  "log_sha256": "902f3bf679d3f6d5f99fbf64606244fd93ed8d879a9f94efab772b7f0b13562d"
}
{
  "status": "PASS",
  "argv": [
    "D:\\ai\\projects\\sera\\.venv\\Scripts\\python.exe",
    "-X",
    "utf8",
    "-m",
    "experiments.cross_route_transfer.study",
    "run",
    "--name",
    "A06-TRANSFER-002",
    "--arm",
    "extra_capacity",
    "--seed",
    "223"
  ],
  "reserved_seconds": 150.0,
  "charged_seconds": 28.89741459999641,
  "memory_limit_bytes": 2147483648,
  "peak_job_committed_bytes": 658444288,
  "peak_process_committed_bytes": 657620992,
  "observed_process_ids": [
    7256,
    9160
  ],
  "worker_threads": 1,
  "runner_sha256": "6f602735056b3e468c1b945d1e358d857e95ed12349c910eacc542122fc1de3b",
  "job_helper_sha256": "95c48725b0e1a44e1d5e22614e8499644b0c96d35b7df2c9f66443a3932648c2",
  "boundary": "Wall allowance and job COMMITTED memory, not RSS. All descendant processes belong to this owned job. Full reservation persists if the supervisor is externally interrupted.",
  "child_pid": 9160,
  "returncode": 0,
  "log_sha256": "adbc007894cd663ae7949a95c04e8bc802b6d9b4d7b5580d646485cde99830f9"
}
{
  "status": "PASS",
  "argv": [
    "D:\\ai\\projects\\sera\\.venv\\Scripts\\python.exe",
    "-X",
    "utf8",
    "-m",
    "experiments.cross_route_transfer.study",
    "run",
    "--name",
    "A06-TRANSFER-002",
    "--arm",
    "oracle_exposure",
    "--seed",
    "223"
  ],
  "reserved_seconds": 150.0,
  "charged_seconds": 27.977685799996834,
  "memory_limit_bytes": 2147483648,
  "peak_job_committed_bytes": 659542016,
  "peak_process_committed_bytes": 658714624,
  "observed_process_ids": [
    2484,
    10520
  ],
  "worker_threads": 1,
  "runner_sha256": "6f602735056b3e468c1b945d1e358d857e95ed12349c910eacc542122fc1de3b",
  "job_helper_sha256": "95c48725b0e1a44e1d5e22614e8499644b0c96d35b7df2c9f66443a3932648c2",
  "boundary": "Wall allowance and job COMMITTED memory, not RSS. All descendant processes belong to this owned job. Full reservation persists if the supervisor is externally interrupted.",
  "child_pid": 2484,
  "returncode": 0,
  "log_sha256": "e14ede80d72d16f5eb1a288f7adc8bd76f6e0a1f32b030964b672814869a9114"
}
{
  "status": "PASS",
  "argv": [
    "D:\\ai\\projects\\sera\\.venv\\Scripts\\python.exe",
    "-X",
    "utf8",
    "-m",
    "experiments.cross_route_transfer.study",
    "run",
    "--name",
    "A06-TRANSFER-002",
    "--arm",
    "observed_only",
    "--seed",
    "227"
  ],
  "reserved_seconds": 150.0,
  "charged_seconds": 33.04912850000255,
  "memory_limit_bytes": 2147483648,
  "peak_job_committed_bytes": 656199680,
  "peak_process_committed_bytes": 655302656,
  "observed_process_ids": [
    2500,
    8464,
    13824
  ],
  "worker_threads": 1,
  "runner_sha256": "6f602735056b3e468c1b945d1e358d857e95ed12349c910eacc542122fc1de3b",
  "job_helper_sha256": "95c48725b0e1a44e1d5e22614e8499644b0c96d35b7df2c9f66443a3932648c2",
  "boundary": "Wall allowance and job COMMITTED memory, not RSS. All descendant processes belong to this owned job. Full reservation persists if the supervisor is externally interrupted.",
  "child_pid": 2500,
  "returncode": 0,
  "log_sha256": "9d51a52ef2f463ad2704b9413afe52a4da4f3c73da74057692dfcf364924facd"
}
{
  "status": "PASS",
  "argv": [
    "D:\\ai\\projects\\sera\\.venv\\Scripts\\python.exe",
    "-X",
    "utf8",
    "-m",
    "experiments.cross_route_transfer.study",
    "run",
    "--name",
    "A06-TRANSFER-002",
    "--arm",
    "detached",
    "--seed",
    "227"
  ],
  "reserved_seconds": 150.0,
  "charged_seconds": 27.881057899998268,
  "memory_limit_bytes": 2147483648,
  "peak_job_committed_bytes": 708624384,
  "peak_process_committed_bytes": 707792896,
  "observed_process_ids": [
    16764,
    18328
  ],
  "worker_threads": 1,
  "runner_sha256": "6f602735056b3e468c1b945d1e358d857e95ed12349c910eacc542122fc1de3b",
  "job_helper_sha256": "95c48725b0e1a44e1d5e22614e8499644b0c96d35b7df2c9f66443a3932648c2",
  "boundary": "Wall allowance and job COMMITTED memory, not RSS. All descendant processes belong to this owned job. Full reservation persists if the supervisor is externally interrupted.",
  "child_pid": 18328,
  "returncode": 0,
  "log_sha256": "ecbfa037115b53ea0ec9b435aada0c969fae529835a3da5771ac0bf2ac0dec12"
}
{
  "status": "PASS",
  "argv": [
    "D:\\ai\\projects\\sera\\.venv\\Scripts\\python.exe",
    "-X",
    "utf8",
    "-m",
    "experiments.cross_route_transfer.study",
    "run",
    "--name",
    "A06-TRANSFER-002",
    "--arm",
    "integrated",
    "--seed",
    "227"
  ],
  "reserved_seconds": 150.0,
  "charged_seconds": 27.89113240000006,
  "memory_limit_bytes": 2147483648,
  "peak_job_committed_bytes": 708259840,
  "peak_process_committed_bytes": 707436544,
  "observed_process_ids": [
    5572,
    11404,
    15876
  ],
  "worker_threads": 1,
  "runner_sha256": "6f602735056b3e468c1b945d1e358d857e95ed12349c910eacc542122fc1de3b",
  "job_helper_sha256": "95c48725b0e1a44e1d5e22614e8499644b0c96d35b7df2c9f66443a3932648c2",
  "boundary": "Wall allowance and job COMMITTED memory, not RSS. All descendant processes belong to this owned job. Full reservation persists if the supervisor is externally interrupted.",
  "child_pid": 5572,
  "returncode": 0,
  "log_sha256": "203e6305445d1243c3a03741157442787535ce10fd0a30140da234670ec5927e"
}
{
  "status": "PASS",
  "argv": [
    "D:\\ai\\projects\\sera\\.venv\\Scripts\\python.exe",
    "-X",
    "utf8",
    "-m",
    "experiments.cross_route_transfer.study",
    "run",
    "--name",
    "A06-TRANSFER-002",
    "--arm",
    "extra_capacity",
    "--seed",
    "227"
  ],
  "reserved_seconds": 150.0,
  "charged_seconds": 27.995855200002552,
  "memory_limit_bytes": 2147483648,
  "peak_job_committed_bytes": 656379904,
  "peak_process_committed_bytes": 655560704,
  "observed_process_ids": [
    7528,
    10056
  ],
  "worker_threads": 1,
  "runner_sha256": "6f602735056b3e468c1b945d1e358d857e95ed12349c910eacc542122fc1de3b",
  "job_helper_sha256": "95c48725b0e1a44e1d5e22614e8499644b0c96d35b7df2c9f66443a3932648c2",
  "boundary": "Wall allowance and job COMMITTED memory, not RSS. All descendant processes belong to this owned job. Full reservation persists if the supervisor is externally interrupted.",
  "child_pid": 10056,
  "returncode": 0,
  "log_sha256": "e9bbd0e94678be6e50be4afec4874646e6c290c4a699e684aea78b155d091466"
}
{
  "status": "PASS",
  "argv": [
    "D:\\ai\\projects\\sera\\.venv\\Scripts\\python.exe",
    "-X",
    "utf8",
    "-m",
    "experiments.cross_route_transfer.study",
    "run",
    "--name",
    "A06-TRANSFER-002",
    "--arm",
    "oracle_exposure",
    "--seed",
    "227"
  ],
  "reserved_seconds": 150.0,
  "charged_seconds": 27.80978199999663,
  "memory_limit_bytes": 2147483648,
  "peak_job_committed_bytes": 708714496,
  "peak_process_committed_bytes": 707895296,
  "observed_process_ids": [
    6404,
    11512
  ],
  "worker_threads": 1,
  "runner_sha256": "6f602735056b3e468c1b945d1e358d857e95ed12349c910eacc542122fc1de3b",
  "job_helper_sha256": "95c48725b0e1a44e1d5e22614e8499644b0c96d35b7df2c9f66443a3932648c2",
  "boundary": "Wall allowance and job COMMITTED memory, not RSS. All descendant processes belong to this owned job. Full reservation persists if the supervisor is externally interrupted.",
  "child_pid": 6404,
  "returncode": 0,
  "log_sha256": "a7327556301c510475d617a26dc1e35d1f78de37c93e3fca4ce25fc57b6f604c"
}
