{
  "selected": "residual",
  "admitted": true,
  "selected_result": {
    "candidate": "9397521a357af2aba17e41e304fc743a0fb9a8c015f639e17b5a04b1dea1846c",
    "ids": [
      "45b56f9ef11f9656202cceff9a05d80f0cad406f8e6b6f3d8329cf9a0844c3cf",
      "e9f6f72b46c77761d4cebb95d90229942ec22c1c56395f1de164bd5615baa2bb",
      "b16e0dd11a34ca9261aff2cd8726f4739aa679722cbf2d10de4baa47d95aa4d5",
      "1da1ba03bca51c7ab58e515a698a4813a33165ef929ab78c10ff535cf0fcd380",
      "1fda14f5c67caac6522cd45c001dfb206e0e9079c215fa56d8228e586b0455e9",
      "ea0fe9f20ba7b70c64fb0e5f92b9d2ec044557f2c93270e8515133bfe7dc1750",
      "ce2743f2fe583ec3a8b17318c70b3c427a70c5d8bf9a03a58e7f2350882dd43f",
      "6dd2098de00eb7cbf4a8eab8a023d7aab962962c8a347f90104809f736244b24",
      "8279f71a279c584887aaa76b57647ec9b7c8836f8b73d87b8fc2a5ff4fee84d0",
      "7e3cfe4f75e494e17d9ea9c871b2f84145ccf577f6185f50fba12c946e38bf13",
      "9e1a250386bd02e9f973b497f70e679580264f0df6fa0704cbf67404ba6d8ba1",
      "dd47977e78aa417789b67ea26842f4a1adaf45fc3a31c8975f24124707cd994d",
      "5be77f3c15d33b580fffedb83f956fa26cc1ba912762709ac242975f340a2a5a"
    ],
    "predictions": [
      1.0899808405610518,
      1.247171072053904,
      1.2584476341673274,
      1.255497672135796,
      1.2144834197173129,
      1.10362118858922,
      0.987107842322049,
      0.9890615405463488,
      0.9903073150923642,
      0.9912604241421221,
      0.9916113517574792,
      0.9916485508242573,
      0.9916941751119588
    ],
    "rmse": 0.026596166387399697,
    "baseline_rmse": 25.98743273195964,
    "accepted": true,
    "scope": "reserved measurements from the retained source; empirical interpolation",
    "causal_mechanism_identified": false
  },
  "controls": {
    "global_degree_0": 0.12479441859099961,
    "global_degree_1": 0.0897774188612421,
    "global_degree_2": 0.08903286763200627,
    "global_degree_3": 0.08851789391881049,
    "global_degree_4": 0.06374554983453184,
    "linear_interpolation": 0.030630279335999665,
    "dynamic_segmentation": 0.02747277587529126
  }
}
