{"depth": 3, "new_connections": 0, "remaining_frontier": [1, 2]}
{"depth": 2, "new_connections": 0, "remaining_frontier": [1]}
{"depth": 1, "new_connections": 0, "remaining_frontier": []}
{
  "contracts": {
    "core": "7b6e869321abe8868cd0d6c4e6b5222dcf4f2098be3505c37b99710318627ac9",
    "runtime": "c555a36cd3631385ffc2d082a611d6fbce125912870d9020f40da283e1524e13",
    "protocol": "eed626f5612a9204728db10c18bcb331aa726930a0e4923f68d7039f80c2c66e"
  },
  "owner": "a4170faadf1d8cca27c94ff4b2af5d7aacf4aa9e3f0fea9d849e6079a4adbe11",
  "checked_routes": 0,
  "attempted_routes": 0,
  "fresh_polynomials": 32,
  "exact_resume": true,
  "inherited_tensors": 210,
  "inherited_equal": true,
  "final_learning_state_unchanged": true,
  "stop_reason": "finite_frontier_exhausted",
  "web_queries": 0,
  "supplied_target_equations": 0,
  "human_interventions_after_freeze": 0,
  "source_gate": false,
  "procedure_improvement_points": 0,
  "learned_reconstruction_limits": [
    120,
    120
  ],
  "example": null
}
