{"depth": 3, "discoveries": 8, "procedure_points": 4}
{"depth": 1, "discoveries": 0, "procedure_points": 0}
{"depth": 2, "discoveries": 0, "procedure_points": 0}
{
  "contracts": {
    "source": "4440847f217f65dd4cb0570bf5f2a329a09d7019c33667cf18531fe89b2d0ad0",
    "protocol": "4b9b80fa9d6af8f328e3783c79e8a093f50c64b671e70ef0b2d9e07f3c949235"
  },
  "owner": "e127e23509a9134cdc38dfd77be641be66ce2b82063d4e6aefd9a06dd0462636",
  "checked_routes": 256,
  "attempted_routes": 256,
  "new_relations": 8,
  "exact_resume": true,
  "protected_tensors": 202,
  "protected_equal": true,
  "retained_old_basis_cases": [
    [
      "sum",
      1
    ],
    [
      "sum",
      3
    ],
    [
      "sum",
      5
    ],
    [
      "sum",
      7
    ],
    [
      "sum",
      9
    ],
    [
      "integral",
      0
    ],
    [
      "integral",
      1
    ],
    [
      "integral",
      2
    ],
    [
      "integral",
      3
    ],
    [
      "integral",
      4
    ],
    [
      "integral",
      5
    ]
  ],
  "retention_passed": true,
  "denominators": [
    240,
    960
  ],
  "fresh_polynomials": 32,
  "prior_events": 3,
  "web_queries": 0,
  "supplied_target_equations": 0,
  "human_interventions_after_freeze": 0,
  "feedback": "existing mathematical constraints with residuals; automated supervision",
  "source_gate": false
}
