2026-09-17T22:32:30.1275043Z Current runner version: '2.337.0'
2026-09-17T22:32:30.1299454Z ##[group]Runner Image Provisioner
2026-09-17T22:32:30.1300335Z Hosted Compute Agent
2026-09-17T22:32:30.1300951Z Version: 20260828.587
2026-09-17T22:32:30.1301573Z Commit: abac92662cab4cc7352de4f9f9d2e2419aad9c29
2026-09-17T22:32:30.1302245Z Build Date: 2026-08-28T16:44:25Z
2026-09-17T22:32:30.1303073Z Worker ID: {cbca4047-d623-46ff-95e7-98cbdf5444e3}
2026-09-17T22:32:30.1303738Z Azure Region: westus3
2026-09-17T22:32:30.1304281Z ##[endgroup]
2026-09-17T22:32:30.1305846Z ##[group]Operating System
2026-09-17T22:32:30.1306444Z Ubuntu
2026-09-17T22:32:30.1307018Z 24.04.5
2026-09-17T22:32:30.1307519Z LTS
2026-09-17T22:32:30.1308020Z ##[endgroup]
2026-09-17T22:32:30.1308566Z ##[group]Runner Image
2026-09-17T22:32:30.1309115Z Image: ubuntu-24.04
2026-09-17T22:32:30.1309665Z Version: 20260907.300.1
2026-09-17T22:32:30.1310824Z Included Software: https://github.com/actions/runner-images/blob/ubuntu24/20260907.300/images/ubuntu/Ubuntu2404-Readme.md
2026-09-17T22:32:30.1312385Z Image Release: https://github.com/actions/runner-images/releases/tag/ubuntu24%2F20260907.300
2026-09-17T22:32:30.1313448Z ##[endgroup]
2026-09-17T22:32:30.1314806Z ##[group]GITHUB_TOKEN Permissions
2026-09-17T22:32:30.1316862Z Contents: read
2026-09-17T22:32:30.1317500Z Metadata: read
2026-09-17T22:32:30.1318017Z ##[endgroup]
2026-09-17T22:32:30.1320068Z Secret source: Actions
2026-09-17T22:32:30.1321025Z Cache mode: write
2026-09-17T22:32:30.1321649Z Prepare workflow directory
2026-09-17T22:32:30.1648883Z Prepare all required actions
2026-09-17T22:32:30.1698136Z Getting action download info
2026-09-17T22:32:30.4792922Z Download action repository 'actions/checkout@v4' (SHA:11d5960a326750d5838078e36cf38b85af677262)
2026-09-17T22:32:30.5873633Z Download action repository 'actions/setup-python@v5' (SHA:a26af69be951a213d495a4c3e4e4022e16d87065)
2026-09-17T22:32:30.7434958Z Complete job name: test (ubuntu-latest)
2026-09-17T22:32:30.8278692Z Node 20 is being deprecated. This workflow is running with Node 24 by default. If you need to temporarily use Node 20, you can set the ACTIONS_ALLOW_USE_UNSECURE_NODE_VERSION=true environment variable. For more information see: https://github.blog/changelog/2025-09-19-deprecation-of-node-20-on-github-actions-runners/
2026-09-17T22:32:30.8287844Z ##[group]Run actions/checkout@v4
2026-09-17T22:32:30.8288486Z with:
2026-09-17T22:32:30.8288862Z   fetch-depth: 0
2026-09-17T22:32:30.8289274Z   repository: Arnav123-s/sera
2026-09-17T22:32:30.8293430Z   token: ***
2026-09-17T22:32:30.8293814Z   ssh-strict: true
2026-09-17T22:32:30.8294204Z   ssh-user: git
2026-09-17T22:32:30.8294605Z   persist-credentials: true
2026-09-17T22:32:30.8295039Z   clean: true
2026-09-17T22:32:30.8295450Z   sparse-checkout-cone-mode: true
2026-09-17T22:32:30.8295922Z   fetch-tags: false
2026-09-17T22:32:30.8296327Z   show-progress: true
2026-09-17T22:32:30.8296723Z   lfs: false
2026-09-17T22:32:30.8297128Z   submodules: false
2026-09-17T22:32:30.8297525Z   set-safe-directory: true
2026-09-17T22:32:30.8297991Z   allow-unsafe-pr-checkout: false
2026-09-17T22:32:30.8298729Z ##[endgroup]
2026-09-17T22:32:30.9361243Z Syncing repository: Arnav123-s/sera
2026-09-17T22:32:30.9364778Z ##[group]Getting Git version info
2026-09-17T22:32:30.9365909Z Working directory is '/home/runner/work/sera/sera'
2026-09-17T22:32:30.9367615Z [command]/usr/bin/git version
2026-09-17T22:32:30.9401750Z git version 2.55.0
2026-09-17T22:32:30.9422537Z ##[endgroup]
2026-09-17T22:32:30.9439728Z Temporarily overriding HOME='/home/runner/work/_temp/f0b2ee10-892a-48ba-ad77-8025fcbaecfc' before making global git config changes
2026-09-17T22:32:30.9442263Z Adding repository directory to the temporary git global config as a safe directory
2026-09-17T22:32:30.9444660Z [command]/usr/bin/git config --global --add safe.directory /home/runner/work/sera/sera
2026-09-17T22:32:30.9488167Z Deleting the contents of '/home/runner/work/sera/sera'
2026-09-17T22:32:30.9492278Z ##[group]Initializing the repository
2026-09-17T22:32:30.9497288Z [command]/usr/bin/git init /home/runner/work/sera/sera
2026-09-17T22:32:30.9594050Z hint: Using 'master' as the name for the initial branch. This default branch name
2026-09-17T22:32:30.9596276Z hint: will change to "main" in Git 3.0. To configure the initial branch name
2026-09-17T22:32:30.9597999Z hint: to use in all of your new repositories, which will suppress this warning,
2026-09-17T22:32:30.9599426Z hint: call:
2026-09-17T22:32:30.9600218Z hint:
2026-09-17T22:32:30.9601154Z hint: 	git config --global init.defaultBranch <name>
2026-09-17T22:32:30.9602221Z hint:
2026-09-17T22:32:30.9603551Z hint: Names commonly chosen instead of 'master' are 'main', 'trunk' and
2026-09-17T22:32:30.9606165Z hint: 'development'. The just-created branch can be renamed via this command:
2026-09-17T22:32:30.9608127Z hint:
2026-09-17T22:32:30.9609539Z hint: 	git branch -m <name>
2026-09-17T22:32:30.9610464Z hint:
2026-09-17T22:32:30.9611558Z hint: Disable this message with "git config set advice.defaultBranchName false"
2026-09-17T22:32:30.9613343Z Initialized empty Git repository in /home/runner/work/sera/sera/.git/
2026-09-17T22:32:30.9615586Z [command]/usr/bin/git remote add origin https://github.com/Arnav123-s/sera
2026-09-17T22:32:30.9657313Z ##[endgroup]
2026-09-17T22:32:30.9658683Z ##[group]Disabling automatic garbage collection
2026-09-17T22:32:30.9660175Z [command]/usr/bin/git config --local gc.auto 0
2026-09-17T22:32:30.9687633Z ##[endgroup]
2026-09-17T22:32:30.9688887Z ##[group]Setting up auth
2026-09-17T22:32:30.9694446Z [command]/usr/bin/git config --local --name-only --get-regexp core\.sshCommand
2026-09-17T22:32:30.9724317Z [command]/usr/bin/git submodule foreach --recursive sh -c "git config --local --name-only --get-regexp 'core\.sshCommand' && git config --local --unset-all 'core.sshCommand' || :"
2026-09-17T22:32:31.0060127Z [command]/usr/bin/git config --local --name-only --get-regexp http\.https\:\/\/github\.com\/\.extraheader
2026-09-17T22:32:31.0092265Z [command]/usr/bin/git submodule foreach --recursive sh -c "git config --local --name-only --get-regexp 'http\.https\:\/\/github\.com\/\.extraheader' && git config --local --unset-all 'http.https://github.com/.extraheader' || :"
2026-09-17T22:32:31.0296466Z [command]/usr/bin/git config --local --name-only --get-regexp ^includeIf\.gitdir:
2026-09-17T22:32:31.0330104Z [command]/usr/bin/git submodule foreach --recursive git config --local --show-origin --name-only --get-regexp remote.origin.url
2026-09-17T22:32:31.0518187Z [command]/usr/bin/git config --local http.https://github.com/.extraheader AUTHORIZATION: basic ***
2026-09-17T22:32:31.0554264Z ##[endgroup]
2026-09-17T22:32:31.0555467Z ##[group]Fetching the repository
2026-09-17T22:32:31.0567207Z [command]/usr/bin/git -c protocol.version=2 fetch --prune --no-recurse-submodules origin +refs/heads/*:refs/remotes/origin/* +refs/tags/*:refs/tags/*
2026-09-17T22:32:37.8809327Z From https://github.com/Arnav123-s/sera
2026-09-17T22:32:37.8811465Z  * [new branch]      main       -> origin/main
2026-09-17T22:32:37.8814382Z  * [new branch]      research/v3-calibration-consolidation -> origin/research/v3-calibration-consolidation
2026-09-17T22:32:37.8834465Z [command]/usr/bin/git branch --list --remote origin/main
2026-09-17T22:32:37.8848666Z   origin/main
2026-09-17T22:32:37.8857235Z [command]/usr/bin/git rev-parse refs/remotes/origin/main
2026-09-17T22:32:37.8879920Z 2c51d2338d6be5c6e0f560fb4cf5b261fd0429b2
2026-09-17T22:32:37.8900537Z ##[endgroup]
2026-09-17T22:32:37.8901862Z ##[group]Determining the checkout info
2026-09-17T22:32:37.8903567Z ##[endgroup]
2026-09-17T22:32:37.8904542Z [command]/usr/bin/git sparse-checkout disable
2026-09-17T22:32:37.8945018Z [command]/usr/bin/git config --local --unset-all extensions.worktreeConfig
2026-09-17T22:32:37.8971160Z ##[group]Checking out the ref
2026-09-17T22:32:37.8975291Z [command]/usr/bin/git checkout --progress --force -B main refs/remotes/origin/main
2026-09-17T22:32:38.9120219Z Updating files:  84% (1924/2279)
2026-09-17T22:32:38.9138858Z Updating files:  85% (1938/2279)
2026-09-17T22:32:38.9148177Z Updating files:  86% (1960/2279)
2026-09-17T22:32:38.9171028Z Updating files:  87% (1983/2279)
2026-09-17T22:32:38.9180573Z Updating files:  88% (2006/2279)
2026-09-17T22:32:38.9195378Z Updating files:  89% (2029/2279)
2026-09-17T22:32:38.9212903Z Updating files:  90% (2052/2279)
2026-09-17T22:32:38.9223145Z Updating files:  91% (2074/2279)
2026-09-17T22:32:38.9229953Z Updating files:  92% (2097/2279)
2026-09-17T22:32:38.9241210Z Updating files:  93% (2120/2279)
2026-09-17T22:32:38.9250987Z Updating files:  94% (2143/2279)
2026-09-17T22:32:38.9263784Z Updating files:  95% (2166/2279)
2026-09-17T22:32:38.9279437Z Updating files:  96% (2188/2279)
2026-09-17T22:32:38.9288238Z Updating files:  97% (2211/2279)
2026-09-17T22:32:38.9296998Z Updating files:  98% (2234/2279)
2026-09-17T22:32:38.9308091Z Updating files:  99% (2257/2279)
2026-09-17T22:32:38.9308713Z Updating files: 100% (2279/2279)
2026-09-17T22:32:38.9309316Z Updating files: 100% (2279/2279), done.
2026-09-17T22:32:38.9346492Z Switched to a new branch 'main'
2026-09-17T22:32:38.9351130Z branch 'main' set up to track 'origin/main'.
2026-09-17T22:32:38.9394190Z ##[endgroup]
2026-09-17T22:32:38.9442707Z [command]/usr/bin/git log -1 --format=%H
2026-09-17T22:32:38.9466501Z 2c51d2338d6be5c6e0f560fb4cf5b261fd0429b2
2026-09-17T22:32:38.9706552Z Node 20 is being deprecated. This workflow is running with Node 24 by default. If you need to temporarily use Node 20, you can set the ACTIONS_ALLOW_USE_UNSECURE_NODE_VERSION=true environment variable. For more information see: https://github.blog/changelog/2025-09-19-deprecation-of-node-20-on-github-actions-runners/
2026-09-17T22:32:38.9708750Z ##[group]Run actions/setup-python@v5
2026-09-17T22:32:38.9709123Z with:
2026-09-17T22:32:38.9709414Z   python-version: 3.12
2026-09-17T22:32:38.9709769Z   check-latest: false
2026-09-17T22:32:38.9713266Z   token: ***
2026-09-17T22:32:38.9713604Z   update-environment: true
2026-09-17T22:32:38.9713962Z   allow-prereleases: false
2026-09-17T22:32:38.9714299Z   freethreaded: false
2026-09-17T22:32:38.9714630Z ##[endgroup]
2026-09-17T22:32:39.1034592Z ##[group]Installed versions
2026-09-17T22:32:39.1122171Z (node:2168) [DEP0040] DeprecationWarning: The `punycode` module is deprecated. Please use a userland alternative instead.
2026-09-17T22:32:39.1123845Z (Use `node --trace-deprecation ...` to show where the warning was created)
2026-09-17T22:32:39.1124440Z Successfully set up CPython (3.12.14)
2026-09-17T22:32:39.1149199Z ##[endgroup]
2026-09-17T22:32:39.1283588Z ##[group]Run python -m pip install torch==2.10.0 --index-url https://download.pytorch.org/whl/cpu
2026-09-17T22:32:39.1285180Z [36;1mpython -m pip install torch==2.10.0 --index-url https://download.pytorch.org/whl/cpu[0m
2026-09-17T22:32:39.1340052Z shell: /usr/bin/bash -e {0}
2026-09-17T22:32:39.1340704Z env:
2026-09-17T22:32:39.1341374Z   pythonLocation: /opt/hostedtoolcache/Python/3.12.14/x64
2026-09-17T22:32:39.1342393Z   PKG_CONFIG_PATH: /opt/hostedtoolcache/Python/3.12.14/x64/lib/pkgconfig
2026-09-17T22:32:39.1343642Z   Python_ROOT_DIR: /opt/hostedtoolcache/Python/3.12.14/x64
2026-09-17T22:32:39.1344558Z   Python2_ROOT_DIR: /opt/hostedtoolcache/Python/3.12.14/x64
2026-09-17T22:32:39.1345492Z   Python3_ROOT_DIR: /opt/hostedtoolcache/Python/3.12.14/x64
2026-09-17T22:32:39.1346421Z   LD_LIBRARY_PATH: /opt/hostedtoolcache/Python/3.12.14/x64/lib
2026-09-17T22:32:39.1347215Z ##[endgroup]
2026-09-17T22:32:40.0686847Z Looking in indexes: https://download.pytorch.org/whl/cpu
2026-09-17T22:32:40.2001530Z Collecting torch==2.10.0
2026-09-17T22:32:40.3006794Z   Downloading torch-2.10.0%2Bcpu-cp312-cp312-manylinux_2_28_x86_64.whl.metadata (29 kB)
2026-09-17T22:32:40.3312536Z Collecting filelock (from torch==2.10.0)
2026-09-17T22:32:40.3811138Z   Downloading filelock-3.32.3-py3-none-any.whl.metadata (2.0 kB)
2026-09-17T22:32:40.3980399Z Collecting typing-extensions>=4.10.0 (from torch==2.10.0)
2026-09-17T22:32:40.4015382Z   Downloading typing_extensions-4.16.0-py3-none-any.whl.metadata (3.3 kB)
2026-09-17T22:32:40.4126665Z Collecting setuptools (from torch==2.10.0)
2026-09-17T22:32:40.4169162Z   Downloading setuptools-78.1.0-py3-none-any.whl.metadata (6.6 kB)
2026-09-17T22:32:40.4374392Z Collecting sympy>=1.13.3 (from torch==2.10.0)
2026-09-17T22:32:40.4409761Z   Downloading sympy-1.14.0-py3-none-any.whl.metadata (12 kB)
2026-09-17T22:32:40.4639455Z Collecting networkx>=2.5.1 (from torch==2.10.0)
2026-09-17T22:32:40.4676693Z   Downloading networkx-3.6.1-py3-none-any.whl.metadata (6.8 kB)
2026-09-17T22:32:40.4817111Z Collecting jinja2 (from torch==2.10.0)
2026-09-17T22:32:40.4861218Z   Downloading jinja2-3.1.6-py3-none-any.whl.metadata (2.9 kB)
2026-09-17T22:32:40.5198505Z Collecting fsspec>=0.8.5 (from torch==2.10.0)
2026-09-17T22:32:40.5239458Z   Downloading fsspec-2026.7.0-py3-none-any.whl.metadata (10 kB)
2026-09-17T22:32:40.5551758Z Collecting mpmath<1.4,>=1.1.0 (from sympy>=1.13.3->torch==2.10.0)
2026-09-17T22:32:40.5586900Z   Downloading mpmath-1.3.0-py3-none-any.whl.metadata (8.6 kB)
2026-09-17T22:32:40.5797588Z Collecting MarkupSafe>=2.0 (from jinja2->torch==2.10.0)
2026-09-17T22:32:40.5841493Z   Downloading markupsafe-3.0.3-cp312-cp312-manylinux2014_x86_64.manylinux_2_17_x86_64.manylinux_2_28_x86_64.whl.metadata (2.7 kB)
2026-09-17T22:32:40.6063230Z Downloading torch-2.10.0%2Bcpu-cp312-cp312-manylinux_2_28_x86_64.whl (188.9 MB)
2026-09-17T22:32:42.0845773Z    ━━━━━━━━━━━━━━━━━━━━━━━━━━━━━━━━━━━━━━━━ 188.9/188.9 MB 129.5 MB/s  0:00:01
2026-09-17T22:32:42.0890474Z Downloading fsspec-2026.7.0-py3-none-any.whl (206 kB)
2026-09-17T22:32:42.1206616Z Downloading networkx-3.6.1-py3-none-any.whl (2.1 MB)
2026-09-17T22:32:42.3270022Z    ━━━━━━━━━━━━━━━━━━━━━━━━━━━━━━━━━━━━━━━━ 2.1/2.1 MB 9.0 MB/s  0:00:00
2026-09-17T22:32:42.3316540Z Downloading sympy-1.14.0-py3-none-any.whl (6.3 MB)
2026-09-17T22:32:42.4224070Z    ━━━━━━━━━━━━━━━━━━━━━━━━━━━━━━━━━━━━━━━━ 6.3/6.3 MB 70.9 MB/s  0:00:00
2026-09-17T22:32:42.4259293Z Downloading mpmath-1.3.0-py3-none-any.whl (536 kB)
2026-09-17T22:32:42.5845200Z    ━━━━━━━━━━━━━━━━━━━━━━━━━━━━━━━━━━━━━━━━ 536.2/536.2 kB 1.8 MB/s  0:00:00
2026-09-17T22:32:42.5888319Z Downloading typing_extensions-4.16.0-py3-none-any.whl (45 kB)
2026-09-17T22:32:42.6301538Z Downloading filelock-3.32.3-py3-none-any.whl (98 kB)
2026-09-17T22:32:42.6372547Z Downloading jinja2-3.1.6-py3-none-any.whl (134 kB)
2026-09-17T22:32:42.8673335Z Downloading markupsafe-3.0.3-cp312-cp312-manylinux2014_x86_64.manylinux_2_17_x86_64.manylinux_2_28_x86_64.whl (22 kB)
2026-09-17T22:32:43.4705100Z Downloading setuptools-78.1.0-py3-none-any.whl (1.3 MB)
2026-09-17T22:32:43.5161274Z    ━━━━━━━━━━━━━━━━━━━━━━━━━━━━━━━━━━━━━━━━ 1.3/1.3 MB 23.7 MB/s  0:00:00
2026-09-17T22:32:43.9166726Z Installing collected packages: mpmath, typing-extensions, sympy, setuptools, networkx, MarkupSafe, fsspec, filelock, jinja2, torch
2026-09-17T22:33:01.1767256Z 
2026-09-17T22:33:01.1784269Z Successfully installed MarkupSafe-3.0.3 filelock-3.32.3 fsspec-2026.7.0 jinja2-3.1.6 mpmath-1.3.0 networkx-3.6.1 setuptools-78.1.0 sympy-1.14.0 torch-2.10.0+cpu typing-extensions-4.16.0
2026-09-17T22:33:01.2537027Z ##[group]Run python -m pip install -e ".[dev,reference]"
2026-09-17T22:33:01.2537441Z [36;1mpython -m pip install -e ".[dev,reference]"[0m
2026-09-17T22:33:01.2560986Z shell: /usr/bin/bash -e {0}
2026-09-17T22:33:01.2561259Z env:
2026-09-17T22:33:01.2561530Z   pythonLocation: /opt/hostedtoolcache/Python/3.12.14/x64
2026-09-17T22:33:01.2561945Z   PKG_CONFIG_PATH: /opt/hostedtoolcache/Python/3.12.14/x64/lib/pkgconfig
2026-09-17T22:33:01.2562354Z   Python_ROOT_DIR: /opt/hostedtoolcache/Python/3.12.14/x64
2026-09-17T22:33:01.2562870Z   Python2_ROOT_DIR: /opt/hostedtoolcache/Python/3.12.14/x64
2026-09-17T22:33:01.2563235Z   Python3_ROOT_DIR: /opt/hostedtoolcache/Python/3.12.14/x64
2026-09-17T22:33:01.2563606Z   LD_LIBRARY_PATH: /opt/hostedtoolcache/Python/3.12.14/x64/lib
2026-09-17T22:33:01.2563921Z ##[endgroup]
2026-09-17T22:33:01.6400561Z Obtaining file:///home/runner/work/sera/sera
2026-09-17T22:33:01.6417937Z   Installing build dependencies: started
2026-09-17T22:33:02.3306208Z   Installing build dependencies: finished with status 'done'
2026-09-17T22:33:02.3313947Z   Checking if build backend supports build_editable: started
2026-09-17T22:33:02.6101408Z   Checking if build backend supports build_editable: finished with status 'done'
2026-09-17T22:33:02.6109404Z   Getting requirements to build editable: started
2026-09-17T22:33:02.9115951Z   Getting requirements to build editable: finished with status 'done'
2026-09-17T22:33:02.9126635Z   Preparing editable metadata (pyproject.toml): started
2026-09-17T22:33:03.0960846Z   Preparing editable metadata (pyproject.toml): finished with status 'done'
2026-09-17T22:33:03.1014859Z Requirement already satisfied: torch<2.11,>=2.10 in /opt/hostedtoolcache/Python/3.12.14/x64/lib/python3.12/site-packages (from sera-learning==0.5.0) (2.10.0+cpu)
2026-09-17T22:33:03.4304329Z Collecting numpy<3,>=2.3 (from sera-learning==0.5.0)
2026-09-17T22:33:03.4773383Z   Downloading numpy-2.5.3-cp312-cp312-manylinux_2_27_x86_64.manylinux_2_28_x86_64.whl.metadata (6.6 kB)
2026-09-17T22:33:03.8302919Z Collecting pytest<10,>=8 (from sera-learning==0.5.0)
2026-09-17T22:33:03.8340798Z   Downloading pytest-9.1.1-py3-none-any.whl.metadata (7.6 kB)
2026-09-17T22:33:04.1914874Z Collecting ruff<1,>=0.11 (from sera-learning==0.5.0)
2026-09-17T22:33:04.1952511Z   Downloading ruff-0.16.8-py3-none-manylinux_2_17_x86_64.manylinux2014_x86_64.whl.metadata (20 kB)
2026-09-17T22:33:04.3269600Z Collecting scipy<2,>=1.16 (from sera-learning==0.5.0)
2026-09-17T22:33:04.3305578Z   Downloading scipy-1.18.1-cp312-cp312-manylinux_2_27_x86_64.manylinux_2_28_x86_64.whl.metadata (62 kB)
2026-09-17T22:33:04.3620866Z Collecting iniconfig>=1.0.1 (from pytest<10,>=8->sera-learning==0.5.0)
2026-09-17T22:33:04.3658462Z   Downloading iniconfig-2.3.0-py3-none-any.whl.metadata (2.5 kB)
2026-09-17T22:33:04.3866228Z Collecting packaging>=22 (from pytest<10,>=8->sera-learning==0.5.0)
2026-09-17T22:33:04.3900813Z   Downloading packaging-26.3-py3-none-any.whl.metadata (3.5 kB)
2026-09-17T22:33:04.4086711Z Collecting pluggy<2,>=1.5 (from pytest<10,>=8->sera-learning==0.5.0)
2026-09-17T22:33:04.4134994Z   Downloading pluggy-1.6.0-py3-none-any.whl.metadata (4.8 kB)
2026-09-17T22:33:04.4368251Z Collecting pygments>=2.7.2 (from pytest<10,>=8->sera-learning==0.5.0)
2026-09-17T22:33:04.4407072Z   Downloading pygments-2.21.0-py3-none-any.whl.metadata (2.5 kB)
2026-09-17T22:33:04.4483418Z Requirement already satisfied: filelock in /opt/hostedtoolcache/Python/3.12.14/x64/lib/python3.12/site-packages (from torch<2.11,>=2.10->sera-learning==0.5.0) (3.32.3)
2026-09-17T22:33:04.4488148Z Requirement already satisfied: typing-extensions>=4.10.0 in /opt/hostedtoolcache/Python/3.12.14/x64/lib/python3.12/site-packages (from torch<2.11,>=2.10->sera-learning==0.5.0) (4.16.0)
2026-09-17T22:33:04.4494164Z Requirement already satisfied: setuptools in /opt/hostedtoolcache/Python/3.12.14/x64/lib/python3.12/site-packages (from torch<2.11,>=2.10->sera-learning==0.5.0) (78.1.0)
2026-09-17T22:33:04.4498752Z Requirement already satisfied: sympy>=1.13.3 in /opt/hostedtoolcache/Python/3.12.14/x64/lib/python3.12/site-packages (from torch<2.11,>=2.10->sera-learning==0.5.0) (1.14.0)
2026-09-17T22:33:04.4502821Z Requirement already satisfied: networkx>=2.5.1 in /opt/hostedtoolcache/Python/3.12.14/x64/lib/python3.12/site-packages (from torch<2.11,>=2.10->sera-learning==0.5.0) (3.6.1)
2026-09-17T22:33:04.4506478Z Requirement already satisfied: jinja2 in /opt/hostedtoolcache/Python/3.12.14/x64/lib/python3.12/site-packages (from torch<2.11,>=2.10->sera-learning==0.5.0) (3.1.6)
2026-09-17T22:33:04.4510630Z Requirement already satisfied: fsspec>=0.8.5 in /opt/hostedtoolcache/Python/3.12.14/x64/lib/python3.12/site-packages (from torch<2.11,>=2.10->sera-learning==0.5.0) (2026.7.0)
2026-09-17T22:33:04.4614854Z Requirement already satisfied: mpmath<1.4,>=1.1.0 in /opt/hostedtoolcache/Python/3.12.14/x64/lib/python3.12/site-packages (from sympy>=1.13.3->torch<2.11,>=2.10->sera-learning==0.5.0) (1.3.0)
2026-09-17T22:33:04.4643289Z Requirement already satisfied: MarkupSafe>=2.0 in /opt/hostedtoolcache/Python/3.12.14/x64/lib/python3.12/site-packages (from jinja2->torch<2.11,>=2.10->sera-learning==0.5.0) (3.0.3)
2026-09-17T22:33:04.4734161Z Downloading numpy-2.5.3-cp312-cp312-manylinux_2_27_x86_64.manylinux_2_28_x86_64.whl (16.7 MB)
2026-09-17T22:33:04.5388986Z    ━━━━━━━━━━━━━━━━━━━━━━━━━━━━━━━━━━━━━━━━ 16.7/16.7 MB 275.1 MB/s  0:00:00
2026-09-17T22:33:04.5424772Z Downloading pytest-9.1.1-py3-none-any.whl (386 kB)
2026-09-17T22:33:04.5488558Z Downloading pluggy-1.6.0-py3-none-any.whl (20 kB)
2026-09-17T22:33:04.5537564Z Downloading ruff-0.16.8-py3-none-manylinux_2_17_x86_64.manylinux2014_x86_64.whl (10.3 MB)
2026-09-17T22:33:04.5830210Z    ━━━━━━━━━━━━━━━━━━━━━━━━━━━━━━━━━━━━━━━━ 10.3/10.3 MB 372.3 MB/s  0:00:00
2026-09-17T22:33:04.5893723Z Downloading scipy-1.18.1-cp312-cp312-manylinux_2_27_x86_64.manylinux_2_28_x86_64.whl (35.3 MB)
2026-09-17T22:33:04.6910567Z    ━━━━━━━━━━━━━━━━━━━━━━━━━━━━━━━━━━━━━━━━ 35.3/35.3 MB 356.3 MB/s  0:00:00
2026-09-17T22:33:04.6955444Z Downloading iniconfig-2.3.0-py3-none-any.whl (7.5 kB)
2026-09-17T22:33:04.7014267Z Downloading packaging-26.3-py3-none-any.whl (129 kB)
2026-09-17T22:33:04.7065791Z Downloading pygments-2.21.0-py3-none-any.whl (1.3 MB)
2026-09-17T22:33:04.7125131Z    ━━━━━━━━━━━━━━━━━━━━━━━━━━━━━━━━━━━━━━━━ 1.3/1.3 MB 264.1 MB/s  0:00:00
2026-09-17T22:33:04.8135188Z Building wheels for collected packages: sera-learning
2026-09-17T22:33:04.8141761Z   Building editable for sera-learning (pyproject.toml): started
2026-09-17T22:33:05.0211361Z   Building editable for sera-learning (pyproject.toml): finished with status 'done'
2026-09-17T22:33:05.0217634Z   Created wheel for sera-learning: filename=sera_learning-0.5.0-0.editable-py3-none-any.whl size=1740 sha256=b5c8209750f2bfcf85f7e5b70731a08fcb5f72453b6c5876dc62b78f588b6c48
2026-09-17T22:33:05.0219607Z   Stored in directory: /tmp/pip-ephem-wheel-cache-e2s4m7y3/wheels/b3/c9/ec/09e40337931bd187795fac30a47a02b0683d35603277e7903f
2026-09-17T22:33:05.0234681Z Successfully built sera-learning
2026-09-17T22:33:05.0909203Z Installing collected packages: ruff, pygments, pluggy, packaging, numpy, iniconfig, scipy, pytest, sera-learning
2026-09-17T22:33:11.9563528Z 
2026-09-17T22:33:11.9583175Z Successfully installed iniconfig-2.3.0 numpy-2.5.3 packaging-26.3 pluggy-1.6.0 pygments-2.21.0 pytest-9.1.1 ruff-0.16.8 scipy-1.18.1 sera-learning-0.5.0
2026-09-17T22:33:12.0476116Z ##[group]Run python -m ruff check src tests scripts experiments
2026-09-17T22:33:12.0476594Z [36;1mpython -m ruff check src tests scripts experiments[0m
2026-09-17T22:33:12.0498229Z shell: /usr/bin/bash -e {0}
2026-09-17T22:33:12.0498495Z env:
2026-09-17T22:33:12.0498763Z   pythonLocation: /opt/hostedtoolcache/Python/3.12.14/x64
2026-09-17T22:33:12.0499221Z   PKG_CONFIG_PATH: /opt/hostedtoolcache/Python/3.12.14/x64/lib/pkgconfig
2026-09-17T22:33:12.0499639Z   Python_ROOT_DIR: /opt/hostedtoolcache/Python/3.12.14/x64
2026-09-17T22:33:12.0500011Z   Python2_ROOT_DIR: /opt/hostedtoolcache/Python/3.12.14/x64
2026-09-17T22:33:12.0500400Z   Python3_ROOT_DIR: /opt/hostedtoolcache/Python/3.12.14/x64
2026-09-17T22:33:12.0500792Z   LD_LIBRARY_PATH: /opt/hostedtoolcache/Python/3.12.14/x64/lib
2026-09-17T22:33:12.0501107Z ##[endgroup]
2026-09-17T22:33:12.1188149Z All checks passed!
2026-09-17T22:33:12.1222270Z ##[group]Run python -m pytest
2026-09-17T22:33:12.1222813Z [36;1mpython -m pytest[0m
2026-09-17T22:33:12.1244399Z shell: /usr/bin/bash -e {0}
2026-09-17T22:33:12.1244659Z env:
2026-09-17T22:33:12.1244931Z   pythonLocation: /opt/hostedtoolcache/Python/3.12.14/x64
2026-09-17T22:33:12.1245354Z   PKG_CONFIG_PATH: /opt/hostedtoolcache/Python/3.12.14/x64/lib/pkgconfig
2026-09-17T22:33:12.1245764Z   Python_ROOT_DIR: /opt/hostedtoolcache/Python/3.12.14/x64
2026-09-17T22:33:12.1246128Z   Python2_ROOT_DIR: /opt/hostedtoolcache/Python/3.12.14/x64
2026-09-17T22:33:12.1246486Z   Python3_ROOT_DIR: /opt/hostedtoolcache/Python/3.12.14/x64
2026-09-17T22:33:12.1246847Z   LD_LIBRARY_PATH: /opt/hostedtoolcache/Python/3.12.14/x64/lib
2026-09-17T22:33:12.1247305Z ##[endgroup]
2026-09-17T22:33:18.8432244Z ..............................sssssssss............s....ssssssssssssss.. [ 19%]
2026-09-17T22:33:20.9638866Z .......sssss......................................................s.Fss. [ 38%]
2026-09-17T22:33:23.4727883Z sssssssssssssss...F..................................................... [ 57%]
2026-09-17T22:33:40.9337780Z .........F.............................................................. [ 76%]
2026-09-17T22:33:42.0396681Z .................sF......ss.F...s.s...........sss......ss.s............. [ 95%]
2026-09-17T22:33:42.1734727Z .................                                                        [100%]
2026-09-17T22:33:42.1735540Z =================================== FAILURES ===================================
2026-09-17T22:33:42.1736055Z _____ test_selected_actual_owner_restores_without_changing_shared_aliases ______
2026-09-17T22:33:42.1736415Z 
2026-09-17T22:33:42.1736653Z     def test_selected_actual_owner_restores_without_changing_shared_aliases():
2026-09-17T22:33:42.1737139Z         import pytest
2026-09-17T22:33:42.1737505Z         if not (RELEASE/"L10-PILOT-INTERFACE/result.json").exists():
2026-09-17T22:33:42.1737993Z             pytest.skip("Local research checkpoint is required")
2026-09-17T22:33:42.1738389Z         torch.set_num_threads(1)
2026-09-17T22:33:42.1738779Z >       learner, result = load_selected(RELEASE/"L10-PILOT-INTERFACE")
2026-09-17T22:33:42.1739212Z                           ^^^^^^^^^^^^^^^^^^^^^^^^^^^^^^^^^^^^^^^^^^^^
2026-09-17T22:33:42.1739453Z 
2026-09-17T22:33:42.1739576Z tests/test_language_guard.py:29: 
2026-09-17T22:33:42.1739930Z _ _ _ _ _ _ _ _ _ _ _ _ _ _ _ _ _ _ _ _ _ _ _ _ _ _ _ _ _ _ _ _ _ _ _ _ _ _ _ _ 
2026-09-17T22:33:42.1740402Z experiments/grounded_language/study.py:278: in load_selected
2026-09-17T22:33:42.1740852Z     if sha(ROOT/receipt["path"]) != receipt["sha256"]:
2026-09-17T22:33:42.1741198Z        ^^^^^^^^^^^^^^^^^^^^^^^^^
2026-09-17T22:33:42.1741520Z experiments/grounded_language/study.py:39: in sha
2026-09-17T22:33:42.1742080Z     return hashlib.sha256(Path(path).read_bytes()).hexdigest()
2026-09-17T22:33:42.1742472Z                           ^^^^^^^^^^^^^^^^^^^^^^^
2026-09-17T22:33:42.1743253Z /opt/hostedtoolcache/Python/3.12.14/x64/lib/python3.12/pathlib.py:1019: in read_bytes
2026-09-17T22:33:42.1743763Z     with self.open(mode='rb') as f:
2026-09-17T22:33:42.1744068Z          ^^^^^^^^^^^^^^^^^^^^
2026-09-17T22:33:42.1744412Z _ _ _ _ _ _ _ _ _ _ _ _ _ _ _ _ _ _ _ _ _ _ _ _ _ _ _ _ _ _ _ _ _ _ _ _ _ _ _ _ 
2026-09-17T22:33:42.1744673Z 
2026-09-17T22:33:42.1745047Z self = PosixPath('/home/runner/work/sera/sera/runs/grounded-language/L10-PILOT-INTERFACE/selected.pt')
2026-09-17T22:33:42.1745745Z mode = 'rb', buffering = -1, encoding = None, errors = None, newline = None
2026-09-17T22:33:42.1746060Z 
2026-09-17T22:33:42.1746240Z     def open(self, mode='r', buffering=-1, encoding=None,
2026-09-17T22:33:42.1746622Z              errors=None, newline=None):
2026-09-17T22:33:42.1746919Z         """
2026-09-17T22:33:42.1747255Z         Open the file pointed to by this path and return a file object, as
2026-09-17T22:33:42.1747688Z         the built-in open() function does.
2026-09-17T22:33:42.1747988Z         """
2026-09-17T22:33:42.1748529Z         if "b" not in mode:
2026-09-17T22:33:42.1748842Z             encoding = io.text_encoding(encoding)
2026-09-17T22:33:42.1749280Z >       return io.open(self, mode, buffering, encoding, errors, newline)
2026-09-17T22:33:42.1749718Z                ^^^^^^^^^^^^^^^^^^^^^^^^^^^^^^^^^^^^^^^^^^^^^^^^^^^^^^^^^
2026-09-17T22:33:42.1750459Z E       FileNotFoundError: [Errno 2] No such file or directory: '/home/runner/work/sera/sera/runs/grounded-language/L10-PILOT-INTERFACE/selected.pt'
2026-09-17T22:33:42.1751058Z 
2026-09-17T22:33:42.1751350Z /opt/hostedtoolcache/Python/3.12.14/x64/lib/python3.12/pathlib.py:1013: FileNotFoundError
2026-09-17T22:33:42.1751997Z _____ test_language_parameters_persist_with_live_state_and_reproved_skills _____
2026-09-17T22:33:42.1752470Z 
2026-09-17T22:33:42.1752976Z     def test_language_parameters_persist_with_live_state_and_reproved_skills():
2026-09-17T22:33:42.1753465Z         torch.set_num_threads(1)
2026-09-17T22:33:42.1753862Z         directory = ROOT/"runs/math-runtime-tests"/uuid.uuid4().hex
2026-09-17T22:33:42.1754264Z         store = Store(directory)
2026-09-17T22:33:42.1754559Z         original = read(BASE)
2026-09-17T22:33:42.1754889Z         store.commit(copy.deepcopy(original), None)
2026-09-17T22:33:42.1755427Z >       result = transact(directory, {"operation": "learn_language", "request_id": "grounded-1",
2026-09-17T22:33:42.1756112Z                                      "text": "subtract three from x then multiply by two to get four modulo eleven"})
2026-09-17T22:33:42.1756507Z 
2026-09-17T22:33:42.1756632Z tests/test_math_runtime.py:23: 
2026-09-17T22:33:42.1756980Z _ _ _ _ _ _ _ _ _ _ _ _ _ _ _ _ _ _ _ _ _ _ _ _ _ _ _ _ _ _ _ _ _ _ _ _ _ _ _ _ 
2026-09-17T22:33:42.1757360Z workbench/model.py:239: in transact
2026-09-17T22:33:42.1757803Z     learner = Learner(old, migrate=operation in ("migrate", "migrate_language"))
2026-09-17T22:33:42.1758273Z               ^^^^^^^^^^^^^^^^^^^^^^^^^^^^^^^^^^^^^^^^^^^^^^^^^^^^^^^^^^^^^^^^^^
2026-09-17T22:33:42.1758640Z workbench/model.py:63: in __init__
2026-09-17T22:33:42.1758946Z     self.solver = parent()
2026-09-17T22:33:42.1759212Z                   ^^^^^^^^
2026-09-17T22:33:42.1759535Z experiments/continuing_control/study.py:46: in parent
2026-09-17T22:33:42.1759962Z     solver = ReadOnlyStore(ROOT/record["store"]).load()
2026-09-17T22:33:42.1760325Z              ^^^^^^^^^^^^^^^^^^^^^^^^^^^^^^^^^^^^^^^^^^
2026-09-17T22:33:42.1760645Z src/sera/solver.py:210: in load
2026-09-17T22:33:42.1761054Z     record = self.current_record() if version is None else self.record(version)
2026-09-17T22:33:42.1761486Z              ^^^^^^^^^^^^^^^^^^^^^
2026-09-17T22:33:42.1761791Z src/sera/solver.py:162: in current_record
2026-09-17T22:33:42.1762245Z     pointer = json.loads((self.root / "current.json").read_text(encoding="utf-8"))
2026-09-17T22:33:42.1762822Z                          ^^^^^^^^^^^^^^^^^^^^^^^^^^^^^^^^^^^^^^^^^^^^^^^^^^^^^^^^
2026-09-17T22:33:42.1763343Z /opt/hostedtoolcache/Python/3.12.14/x64/lib/python3.12/pathlib.py:1027: in read_text
2026-09-17T22:33:42.1763910Z     with self.open(mode='r', encoding=encoding, errors=errors) as f:
2026-09-17T22:33:42.1764365Z          ^^^^^^^^^^^^^^^^^^^^^^^^^^^^^^^^^^^^^^^^^^^^^^^^^^^^^
2026-09-17T22:33:42.1764869Z _ _ _ _ _ _ _ _ _ _ _ _ _ _ _ _ _ _ _ _ _ _ _ _ _ _ _ _ _ _ _ _ _ _ _ _ _ _ _ _ 
2026-09-17T22:33:42.1765140Z 
2026-09-17T22:33:42.1765442Z self = PosixPath('/home/runner/work/sera/sera/runs/A06-integrated-001/solver/current.json')
2026-09-17T22:33:42.1766067Z mode = 'r', buffering = -1, encoding = 'utf-8', errors = None, newline = None
2026-09-17T22:33:42.1766391Z 
2026-09-17T22:33:42.1766564Z     def open(self, mode='r', buffering=-1, encoding=None,
2026-09-17T22:33:42.1766943Z              errors=None, newline=None):
2026-09-17T22:33:42.1767245Z         """
2026-09-17T22:33:42.1767578Z         Open the file pointed to by this path and return a file object, as
2026-09-17T22:33:42.1768016Z         the built-in open() function does.
2026-09-17T22:33:42.1768321Z         """
2026-09-17T22:33:42.1768706Z         if "b" not in mode:
2026-09-17T22:33:42.1769013Z             encoding = io.text_encoding(encoding)
2026-09-17T22:33:42.1769442Z >       return io.open(self, mode, buffering, encoding, errors, newline)
2026-09-17T22:33:42.1769878Z                ^^^^^^^^^^^^^^^^^^^^^^^^^^^^^^^^^^^^^^^^^^^^^^^^^^^^^^^^^
2026-09-17T22:33:42.1770554Z E       FileNotFoundError: [Errno 2] No such file or directory: '/home/runner/work/sera/sera/runs/A06-integrated-001/solver/current.json'
2026-09-17T22:33:42.1771223Z 
2026-09-17T22:33:42.1771522Z /opt/hostedtoolcache/Python/3.12.14/x64/lib/python3.12/pathlib.py:1013: FileNotFoundError
2026-09-17T22:33:42.1772142Z ______________ test_resume_preserves_acquisition_order_and_owner _______________
2026-09-17T22:33:42.1772720Z 
2026-09-17T22:33:42.1772899Z     def test_resume_preserves_acquisition_order_and_owner():
2026-09-17T22:33:42.1773373Z         parent = json.loads((OUT / "parent-request.json").read_text())
2026-09-17T22:33:42.1773922Z         lessons = calculus(json.loads((OUT / "calculus-source.json").read_text()))
2026-09-17T22:33:42.1774385Z >       complete = StudySession(parent)
2026-09-17T22:33:42.1774701Z                    ^^^^^^^^^^^^^^^^^^^^
2026-09-17T22:33:42.1774887Z 
2026-09-17T22:33:42.1775015Z tests/test_self_study_lifecycle.py:15: 
2026-09-17T22:33:42.1775393Z _ _ _ _ _ _ _ _ _ _ _ _ _ _ _ _ _ _ _ _ _ _ _ _ _ _ _ _ _ _ _ _ _ _ _ _ _ _ _ _ 
2026-09-17T22:33:42.1775808Z experiments/self_study/runtime.py:56: in __init__
2026-09-17T22:33:42.1776242Z     self.base = RequestSession(parent["checkpoint"], parent)
2026-09-17T22:33:42.1776656Z                 ^^^^^^^^^^^^^^^^^^^^^^^^^^^^^^^^^^^^^^^^^^^^
2026-09-17T22:33:42.1777050Z experiments/stream_curriculum/runtime.py:22: in __init__
2026-09-17T22:33:42.1777568Z     if not path.is_relative_to(ROOT / "runs") or sha(path) != checkpoint["sha256"]:
2026-09-17T22:33:42.1778033Z                                                  ^^^^^^^^^
2026-09-17T22:33:42.1778403Z experiments/stream_curriculum/data.py:18: in sha
2026-09-17T22:33:42.1778826Z     return hashlib.sha256(Path(path).read_bytes()).hexdigest()
2026-09-17T22:33:42.1779219Z                           ^^^^^^^^^^^^^^^^^^^^^^^
2026-09-17T22:33:42.1779684Z /opt/hostedtoolcache/Python/3.12.14/x64/lib/python3.12/pathlib.py:1019: in read_bytes
2026-09-17T22:33:42.1780173Z     with self.open(mode='rb') as f:
2026-09-17T22:33:42.1780470Z          ^^^^^^^^^^^^^^^^^^^^
2026-09-17T22:33:42.1780796Z _ _ _ _ _ _ _ _ _ _ _ _ _ _ _ _ _ _ _ _ _ _ _ _ _ _ _ _ _ _ _ _ _ _ _ _ _ _ _ _ 
2026-09-17T22:33:42.1781059Z 
2026-09-17T22:33:42.1781360Z self = PosixPath('/home/runner/work/sera/sera/runs/SC-exposure-shared-2642/step-005400.pt')
2026-09-17T22:33:42.1781975Z mode = 'rb', buffering = -1, encoding = None, errors = None, newline = None
2026-09-17T22:33:42.1782290Z 
2026-09-17T22:33:42.1782456Z     def open(self, mode='r', buffering=-1, encoding=None,
2026-09-17T22:33:42.1783040Z              errors=None, newline=None):
2026-09-17T22:33:42.1783335Z         """
2026-09-17T22:33:42.1783675Z         Open the file pointed to by this path and return a file object, as
2026-09-17T22:33:42.1784104Z         the built-in open() function does.
2026-09-17T22:33:42.1784402Z         """
2026-09-17T22:33:42.1784633Z         if "b" not in mode:
2026-09-17T22:33:42.1784936Z             encoding = io.text_encoding(encoding)
2026-09-17T22:33:42.1785356Z >       return io.open(self, mode, buffering, encoding, errors, newline)
2026-09-17T22:33:42.1785783Z                ^^^^^^^^^^^^^^^^^^^^^^^^^^^^^^^^^^^^^^^^^^^^^^^^^^^^^^^^^
2026-09-17T22:33:42.1786449Z E       FileNotFoundError: [Errno 2] No such file or directory: '/home/runner/work/sera/sera/runs/SC-exposure-shared-2642/step-005400.pt'
2026-09-17T22:33:42.1863938Z 
2026-09-17T22:33:42.1864386Z /opt/hostedtoolcache/Python/3.12.14/x64/lib/python3.12/pathlib.py:1013: FileNotFoundError
2026-09-17T22:33:42.1865207Z ___________________ test_only_text_is_encoded_for_prediction ___________________
2026-09-17T22:33:42.1865606Z 
2026-09-17T22:33:42.1866109Z     def test_only_text_is_encoded_for_prediction():
2026-09-17T22:33:42.1866830Z         raw = {"id": "source", "partition": "train", "scenario": "alarm", "intent": "alarm_set",
2026-09-17T22:33:42.1867689Z                "utt": "alarm at nine am", "annot_utt": "alarm at [time : nine am]"}
2026-09-17T22:33:42.1868207Z         one = parse(raw)
2026-09-17T22:33:42.1868670Z         two = {**copy.deepcopy(one), "intent": "weather_query", "tags": ["O"] * 4}
2026-09-17T22:33:42.1869306Z >       vocabulary = read(PREPARED / "vocabulary.json")
2026-09-17T22:33:42.1869740Z                      ^^^^^^^^^^^^^^^^^^^^^^^^^^^^^^^^^^
2026-09-17T22:33:42.1870004Z 
2026-09-17T22:33:42.1870155Z tests/test_stream_interfaces.py:39: 
2026-09-17T22:33:42.1870621Z _ _ _ _ _ _ _ _ _ _ _ _ _ _ _ _ _ _ _ _ _ _ _ _ _ _ _ _ _ _ _ _ _ _ _ _ _ _ _ _ 
2026-09-17T22:33:42.1871370Z experiments/stream_curriculum/data.py:22: in read
2026-09-17T22:33:42.1871866Z     return json.loads(Path(path).read_text(encoding="utf-8"))
2026-09-17T22:33:42.1872439Z                       ^^^^^^^^^^^^^^^^^^^^^^^^^^^^^^^^^^^^^^
2026-09-17T22:33:42.1873231Z /opt/hostedtoolcache/Python/3.12.14/x64/lib/python3.12/pathlib.py:1027: in read_text
2026-09-17T22:33:42.1873978Z     with self.open(mode='r', encoding=encoding, errors=errors) as f:
2026-09-17T22:33:42.1874539Z          ^^^^^^^^^^^^^^^^^^^^^^^^^^^^^^^^^^^^^^^^^^^^^^^^^^^^^
2026-09-17T22:33:42.1875103Z _ _ _ _ _ _ _ _ _ _ _ _ _ _ _ _ _ _ _ _ _ _ _ _ _ _ _ _ _ _ _ _ _ _ _ _ _ _ _ _ 
2026-09-17T22:33:42.1875496Z 
2026-09-17T22:33:42.1875854Z self = PosixPath('/home/runner/work/sera/sera/runs/SC-data-002/vocabulary.json')
2026-09-17T22:33:42.3777586Z mode = 'r', buffering = -1, encoding = 'utf-8', errors = None, newline = None
2026-09-17T22:33:42.3778194Z 
2026-09-17T22:33:42.3778404Z     def open(self, mode='r', buffering=-1, encoding=None,
2026-09-17T22:33:42.3778974Z              errors=None, newline=None):
2026-09-17T22:33:42.3779472Z         """
2026-09-17T22:33:42.3780034Z         Open the file pointed to by this path and return a file object, as
2026-09-17T22:33:42.3780750Z         the built-in open() function does.
2026-09-17T22:33:42.3781216Z         """
2026-09-17T22:33:42.3781574Z         if "b" not in mode:
2026-09-17T22:33:42.3782074Z             encoding = io.text_encoding(encoding)
2026-09-17T22:33:42.3783048Z >       return io.open(self, mode, buffering, encoding, errors, newline)
2026-09-17T22:33:42.3783817Z                ^^^^^^^^^^^^^^^^^^^^^^^^^^^^^^^^^^^^^^^^^^^^^^^^^^^^^^^^^
2026-09-17T22:33:42.3784795Z E       FileNotFoundError: [Errno 2] No such file or directory: '/home/runner/work/sera/sera/runs/SC-data-002/vocabulary.json'
2026-09-17T22:33:42.3785321Z 
2026-09-17T22:33:42.3785624Z /opt/hostedtoolcache/Python/3.12.14/x64/lib/python3.12/pathlib.py:1013: FileNotFoundError
2026-09-17T22:33:42.3786257Z ________________ test_prepared_training_has_no_dev_or_final_ids ________________
2026-09-17T22:33:42.3786594Z 
2026-09-17T22:33:42.3786764Z     def test_prepared_training_has_no_dev_or_final_ids():
2026-09-17T22:33:42.3787249Z         source = ROOT / "research/intake/massive-1.1-en-US-20260916"
2026-09-17T22:33:42.3787893Z >       train = {json.loads(line)["id"] for line in (PREPARED / "train.jsonl").read_text(encoding="utf-8").splitlines()}
2026-09-17T22:33:42.3788515Z                                                     ^^^^^^^^^^^^^^^^^^^^^^^^^^^^^^^^^^^^^^^^^^^^^^^^^^^^^^
2026-09-17T22:33:42.3788801Z 
2026-09-17T22:33:42.3788928Z tests/test_stream_interfaces.py:80: 
2026-09-17T22:33:42.3789306Z _ _ _ _ _ _ _ _ _ _ _ _ _ _ _ _ _ _ _ _ _ _ _ _ _ _ _ _ _ _ _ _ _ _ _ _ _ _ _ _ 
2026-09-17T22:33:42.3789837Z /opt/hostedtoolcache/Python/3.12.14/x64/lib/python3.12/pathlib.py:1027: in read_text
2026-09-17T22:33:42.3790403Z     with self.open(mode='r', encoding=encoding, errors=errors) as f:
2026-09-17T22:33:42.3790840Z          ^^^^^^^^^^^^^^^^^^^^^^^^^^^^^^^^^^^^^^^^^^^^^^^^^^^^^
2026-09-17T22:33:42.3791230Z _ _ _ _ _ _ _ _ _ _ _ _ _ _ _ _ _ _ _ _ _ _ _ _ _ _ _ _ _ _ _ _ _ _ _ _ _ _ _ _ 
2026-09-17T22:33:42.3791742Z 
2026-09-17T22:33:42.3792003Z self = PosixPath('/home/runner/work/sera/sera/runs/SC-data-002/train.jsonl')
2026-09-17T22:33:42.3792724Z mode = 'r', buffering = -1, encoding = 'utf-8', errors = None, newline = None
2026-09-17T22:33:42.3793139Z 
2026-09-17T22:33:42.3793309Z     def open(self, mode='r', buffering=-1, encoding=None,
2026-09-17T22:33:42.3793687Z              errors=None, newline=None):
2026-09-17T22:33:42.3794001Z         """
2026-09-17T22:33:42.3794340Z         Open the file pointed to by this path and return a file object, as
2026-09-17T22:33:42.3794786Z         the built-in open() function does.
2026-09-17T22:33:42.3795085Z         """
2026-09-17T22:33:42.3795326Z         if "b" not in mode:
2026-09-17T22:33:42.3795635Z             encoding = io.text_encoding(encoding)
2026-09-17T22:33:42.3796191Z >       return io.open(self, mode, buffering, encoding, errors, newline)
2026-09-17T22:33:42.3796621Z                ^^^^^^^^^^^^^^^^^^^^^^^^^^^^^^^^^^^^^^^^^^^^^^^^^^^^^^^^^
2026-09-17T22:33:42.3797247Z E       FileNotFoundError: [Errno 2] No such file or directory: '/home/runner/work/sera/sera/runs/SC-data-002/train.jsonl'
2026-09-17T22:33:42.3797738Z 
2026-09-17T22:33:42.3798031Z /opt/hostedtoolcache/Python/3.12.14/x64/lib/python3.12/pathlib.py:1013: FileNotFoundError
2026-09-17T22:33:42.3798611Z =========================== short test summary info ============================
2026-09-17T22:33:42.3799885Z FAILED tests/test_language_guard.py::test_selected_actual_owner_restores_without_changing_shared_aliases - FileNotFoundError: [Errno 2] No such file or directory: '/home/runner/work/sera/sera/runs/grounded-language/L10-PILOT-INTERFACE/selected.pt'
2026-09-17T22:33:42.3801726Z FAILED tests/test_math_runtime.py::test_language_parameters_persist_with_live_state_and_reproved_skills - FileNotFoundError: [Errno 2] No such file or directory: '/home/runner/work/sera/sera/runs/A06-integrated-001/solver/current.json'
2026-09-17T22:33:42.3803614Z FAILED tests/test_self_study_lifecycle.py::test_resume_preserves_acquisition_order_and_owner - FileNotFoundError: [Errno 2] No such file or directory: '/home/runner/work/sera/sera/runs/SC-exposure-shared-2642/step-005400.pt'
2026-09-17T22:33:42.3805162Z FAILED tests/test_stream_interfaces.py::test_only_text_is_encoded_for_prediction - FileNotFoundError: [Errno 2] No such file or directory: '/home/runner/work/sera/sera/runs/SC-data-002/vocabulary.json'
2026-09-17T22:33:42.3806582Z FAILED tests/test_stream_interfaces.py::test_prepared_training_has_no_dev_or_final_ids - FileNotFoundError: [Errno 2] No such file or directory: '/home/runner/work/sera/sera/runs/SC-data-002/train.jsonl'
2026-09-17T22:33:42.3807483Z 5 failed, 314 passed, 58 skipped in 28.57s
2026-09-17T22:33:42.9874421Z ##[error]Process completed with exit code 1.
2026-09-17T22:33:43.0045405Z Node 20 is being deprecated. This workflow is running with Node 24 by default. If you need to temporarily use Node 20, you can set the ACTIONS_ALLOW_USE_UNSECURE_NODE_VERSION=true environment variable. For more information see: https://github.blog/changelog/2025-09-19-deprecation-of-node-20-on-github-actions-runners/
2026-09-17T22:33:43.0046547Z Post job cleanup.
2026-09-17T22:33:43.0894830Z [command]/usr/bin/git version
2026-09-17T22:33:43.0944203Z git version 2.55.0
2026-09-17T22:33:43.0989647Z Temporarily overriding HOME='/home/runner/work/_temp/dd6a3243-4f07-4087-948f-9c29cb0b8725' before making global git config changes
2026-09-17T22:33:43.0990384Z Adding repository directory to the temporary git global config as a safe directory
2026-09-17T22:33:43.0997147Z [command]/usr/bin/git config --global --add safe.directory /home/runner/work/sera/sera
2026-09-17T22:33:43.1039100Z [command]/usr/bin/git config --local --name-only --get-regexp core\.sshCommand
2026-09-17T22:33:43.1077928Z [command]/usr/bin/git submodule foreach --recursive sh -c "git config --local --name-only --get-regexp 'core\.sshCommand' && git config --local --unset-all 'core.sshCommand' || :"
2026-09-17T22:33:43.1288655Z [command]/usr/bin/git config --local --name-only --get-regexp http\.https\:\/\/github\.com\/\.extraheader
2026-09-17T22:33:43.1315932Z http.https://github.com/.extraheader
2026-09-17T22:33:43.1328076Z [command]/usr/bin/git config --local --unset-all http.https://github.com/.extraheader
2026-09-17T22:33:43.1359626Z [command]/usr/bin/git submodule foreach --recursive sh -c "git config --local --name-only --get-regexp 'http\.https\:\/\/github\.com\/\.extraheader' && git config --local --unset-all 'http.https://github.com/.extraheader' || :"
2026-09-17T22:33:43.1587501Z [command]/usr/bin/git config --local --name-only --get-regexp ^includeIf\.gitdir:
2026-09-17T22:33:43.1626099Z [command]/usr/bin/git submodule foreach --recursive git config --local --show-origin --name-only --get-regexp remote.origin.url
2026-09-17T22:33:43.1993499Z Cleaning up orphan processes
2026-09-17T22:33:43.2230594Z ##[warning]Node.js 20 is deprecated. The following actions target Node.js 20 but are being forced to run on Node.js 24: actions/checkout@v4, actions/setup-python@v5. For more information see: https://github.blog/changelog/2025-09-19-deprecation-of-node-20-on-github-actions-runners/

