2026-09-17T22:56:53.2010869Z Current runner version: '2.337.0'
2026-09-17T22:56:53.2232671Z ##[group]Runner Image Provisioner
2026-09-17T22:56:53.2233995Z Hosted Compute Agent
2026-09-17T22:56:53.2234910Z Version: 20260828.587
2026-09-17T22:56:53.2235976Z Commit: abac92662cab4cc7352de4f9f9d2e2419aad9c29
2026-09-17T22:56:53.2237204Z Build Date: 2026-08-28T16:44:25Z
2026-09-17T22:56:53.2238662Z Worker ID: {0ed4caa6-2e41-4265-a0ff-c043b052861d}
2026-09-17T22:56:53.2239861Z Azure Region: eastus2
2026-09-17T22:56:53.2240803Z ##[endgroup]
2026-09-17T22:56:53.2243053Z ##[group]Operating System
2026-09-17T22:56:53.2244091Z Microsoft Windows Server 2025
2026-09-17T22:56:53.2245105Z 10.0.26100
2026-09-17T22:56:53.2246022Z Datacenter
2026-09-17T22:56:53.2246794Z ##[endgroup]
2026-09-17T22:56:53.2247739Z ##[group]Runner Image
2026-09-17T22:56:53.2248734Z Image: windows-2025-vs2026
2026-09-17T22:56:53.2249736Z Version: 20260907.229.1
2026-09-17T22:56:53.2252286Z Included Software: https://github.com/actions/runner-images/blob/win25-vs2026/20260907.229/images/windows/Windows2025-VS2026-Readme.md
2026-09-17T22:56:53.2255390Z Image Release: https://github.com/actions/runner-images/releases/tag/win25-vs2026%2F20260907.229
2026-09-17T22:56:53.2257149Z ##[endgroup]
2026-09-17T22:56:53.2259274Z ##[group]GITHUB_TOKEN Permissions
2026-09-17T22:56:53.2261859Z Contents: read
2026-09-17T22:56:53.2262763Z Metadata: read
2026-09-17T22:56:53.2263636Z ##[endgroup]
2026-09-17T22:56:53.2266409Z Secret source: Actions
2026-09-17T22:56:53.2267846Z Cache mode: write
2026-09-17T22:56:53.2268931Z Prepare workflow directory
2026-09-17T22:56:53.3171883Z Prepare all required actions
2026-09-17T22:56:53.3242357Z Getting action download info
2026-09-17T22:56:53.4818560Z Download action repository 'actions/checkout@v4' (SHA:11d5960a326750d5838078e36cf38b85af677262)
2026-09-17T22:56:53.6176181Z Download action repository 'actions/setup-python@v5' (SHA:a26af69be951a213d495a4c3e4e4022e16d87065)
2026-09-17T22:56:53.9028907Z Complete job name: test (windows-latest)
2026-09-17T22:56:54.0548267Z Node 20 is being deprecated. This workflow is running with Node 24 by default. If you need to temporarily use Node 20, you can set the ACTIONS_ALLOW_USE_UNSECURE_NODE_VERSION=true environment variable. For more information see: https://github.blog/changelog/2025-09-19-deprecation-of-node-20-on-github-actions-runners/
2026-09-17T22:56:54.0557791Z ##[group]Run actions/checkout@v4
2026-09-17T22:56:54.0558501Z with:
2026-09-17T22:56:54.0558893Z   fetch-depth: 0
2026-09-17T22:56:54.0559323Z   repository: Arnav123-s/sera
2026-09-17T22:56:54.0563252Z   token: ***
2026-09-17T22:56:54.0563652Z   ssh-strict: true
2026-09-17T22:56:54.0564047Z   ssh-user: git
2026-09-17T22:56:54.0564461Z   persist-credentials: true
2026-09-17T22:56:54.0565217Z   clean: true
2026-09-17T22:56:54.0565631Z   sparse-checkout-cone-mode: true
2026-09-17T22:56:54.0566120Z   fetch-tags: false
2026-09-17T22:56:54.0566535Z   show-progress: true
2026-09-17T22:56:54.0566954Z   lfs: false
2026-09-17T22:56:54.0567395Z   submodules: false
2026-09-17T22:56:54.0567809Z   set-safe-directory: true
2026-09-17T22:56:54.0568282Z   allow-unsafe-pr-checkout: false
2026-09-17T22:56:54.0569018Z ##[endgroup]
2026-09-17T22:56:54.2564272Z Syncing repository: Arnav123-s/sera
2026-09-17T22:56:54.2566988Z ##[group]Getting Git version info
2026-09-17T22:56:54.2567869Z Working directory is 'D:\a\sera\sera'
2026-09-17T22:56:54.3795317Z [command]"C:\Program Files\Git\bin\git.exe" version
2026-09-17T22:56:54.6832299Z git version 2.55.0.windows.5
2026-09-17T22:56:54.6885053Z ##[endgroup]
2026-09-17T22:56:54.6907036Z Temporarily overriding HOME='D:\a\_temp\9ce7aa93-444b-48cd-92fa-00662cd29d1a' before making global git config changes
2026-09-17T22:56:54.6910485Z Adding repository directory to the temporary git global config as a safe directory
2026-09-17T22:56:54.6918708Z [command]"C:\Program Files\Git\bin\git.exe" config --global --add safe.directory D:\a\sera\sera
2026-09-17T22:56:54.7564527Z Deleting the contents of 'D:\a\sera\sera'
2026-09-17T22:56:54.7571421Z ##[group]Initializing the repository
2026-09-17T22:56:54.7581321Z [command]"C:\Program Files\Git\bin\git.exe" init D:\a\sera\sera
2026-09-17T22:56:54.8690108Z Initialized empty Git repository in D:/a/sera/sera/.git/
2026-09-17T22:56:54.8738880Z [command]"C:\Program Files\Git\bin\git.exe" remote add origin https://github.com/Arnav123-s/sera
2026-09-17T22:56:54.9669048Z ##[endgroup]
2026-09-17T22:56:54.9670196Z ##[group]Disabling automatic garbage collection
2026-09-17T22:56:54.9679182Z [command]"C:\Program Files\Git\bin\git.exe" config --local gc.auto 0
2026-09-17T22:56:55.0082689Z ##[endgroup]
2026-09-17T22:56:55.0083623Z ##[group]Setting up auth
2026-09-17T22:56:55.0095728Z [command]"C:\Program Files\Git\bin\git.exe" config --local --name-only --get-regexp core\.sshCommand
2026-09-17T22:56:55.0460342Z [command]"C:\Program Files\Git\bin\git.exe" submodule foreach --recursive "sh -c \"git config --local --name-only --get-regexp 'core\.sshCommand' && git config --local --unset-all 'core.sshCommand' || :\""
2026-09-17T22:56:57.1320189Z [command]"C:\Program Files\Git\bin\git.exe" config --local --name-only --get-regexp http\.https\:\/\/github\.com\/\.extraheader
2026-09-17T22:56:57.1616380Z [command]"C:\Program Files\Git\bin\git.exe" submodule foreach --recursive "sh -c \"git config --local --name-only --get-regexp 'http\.https\:\/\/github\.com\/\.extraheader' && git config --local --unset-all 'http.https://github.com/.extraheader' || :\""
2026-09-17T22:56:57.6914154Z [command]"C:\Program Files\Git\bin\git.exe" config --local --name-only --get-regexp ^includeIf\.gitdir:
2026-09-17T22:56:57.7223446Z [command]"C:\Program Files\Git\bin\git.exe" submodule foreach --recursive "git config --local --show-origin --name-only --get-regexp remote.origin.url"
2026-09-17T22:56:58.2907721Z [command]"C:\Program Files\Git\bin\git.exe" config --local http.https://github.com/.extraheader "AUTHORIZATION: basic ***"
2026-09-17T22:56:58.3258681Z ##[endgroup]
2026-09-17T22:56:58.3262697Z ##[group]Fetching the repository
2026-09-17T22:56:58.3273557Z [command]"C:\Program Files\Git\bin\git.exe" -c protocol.version=2 fetch --prune --no-recurse-submodules origin +refs/heads/*:refs/remotes/origin/* +refs/tags/*:refs/tags/*
2026-09-17T22:57:03.3787513Z From https://github.com/Arnav123-s/sera
2026-09-17T22:57:03.3788881Z  * [new branch]      main       -> origin/main
2026-09-17T22:57:03.3790111Z  * [new branch]      research/v3-calibration-consolidation -> origin/research/v3-calibration-consolidation
2026-09-17T22:57:03.3852565Z [command]"C:\Program Files\Git\bin\git.exe" branch --list --remote origin/research/v3-calibration-consolidation
2026-09-17T22:57:03.4124868Z   origin/research/v3-calibration-consolidation
2026-09-17T22:57:03.4167958Z [command]"C:\Program Files\Git\bin\git.exe" rev-parse refs/remotes/origin/research/v3-calibration-consolidation
2026-09-17T22:57:03.4433998Z 4f3e1b0daf954f965e2675e2b6aee23057b62cf5
2026-09-17T22:57:03.4465903Z ##[endgroup]
2026-09-17T22:57:03.4466453Z ##[group]Determining the checkout info
2026-09-17T22:57:03.4467894Z ##[endgroup]
2026-09-17T22:57:03.4477445Z [command]"C:\Program Files\Git\bin\git.exe" sparse-checkout disable
2026-09-17T22:57:03.4800962Z [command]"C:\Program Files\Git\bin\git.exe" config --local --unset-all extensions.worktreeConfig
2026-09-17T22:57:03.5117240Z ##[group]Checking out the ref
2026-09-17T22:57:03.5126952Z [command]"C:\Program Files\Git\bin\git.exe" checkout --progress --force -B research/v3-calibration-consolidation refs/remotes/origin/research/v3-calibration-consolidation
2026-09-17T22:57:04.5507462Z Updating files:  59% (1384/2307)
2026-09-17T22:57:04.6167426Z Updating files:  60% (1385/2307)
2026-09-17T22:57:04.6307774Z Updating files:  61% (1408/2307)
2026-09-17T22:57:04.6392132Z Updating files:  62% (1431/2307)
2026-09-17T22:57:04.7636923Z Updating files:  63% (1454/2307)
2026-09-17T22:57:04.8167141Z Updating files:  64% (1477/2307)
2026-09-17T22:57:04.8237184Z Updating files:  65% (1500/2307)
2026-09-17T22:57:04.8332225Z Updating files:  66% (1523/2307)
2026-09-17T22:57:04.8397550Z Updating files:  67% (1546/2307)
2026-09-17T22:57:04.8479922Z Updating files:  68% (1569/2307)
2026-09-17T22:57:04.8635047Z Updating files:  69% (1592/2307)
2026-09-17T22:57:04.8754472Z Updating files:  70% (1615/2307)
2026-09-17T22:57:04.9925881Z Updating files:  71% (1638/2307)
2026-09-17T22:57:05.0124716Z Updating files:  72% (1662/2307)
2026-09-17T22:57:05.0578137Z Updating files:  73% (1685/2307)
2026-09-17T22:57:05.0672581Z Updating files:  74% (1708/2307)
2026-09-17T22:57:05.0745484Z Updating files:  75% (1731/2307)
2026-09-17T22:57:05.0830592Z Updating files:  76% (1754/2307)
2026-09-17T22:57:05.0924534Z Updating files:  77% (1777/2307)
2026-09-17T22:57:05.0999652Z Updating files:  78% (1800/2307)
2026-09-17T22:57:05.1487984Z Updating files:  79% (1823/2307)
2026-09-17T22:57:05.1567347Z Updating files:  80% (1846/2307)
2026-09-17T22:57:05.1638786Z Updating files:  81% (1869/2307)
2026-09-17T22:57:05.1716538Z Updating files:  82% (1892/2307)
2026-09-17T22:57:05.2151519Z Updating files:  83% (1915/2307)
2026-09-17T22:57:05.2285638Z Updating files:  84% (1938/2307)
2026-09-17T22:57:05.2359455Z Updating files:  85% (1961/2307)
2026-09-17T22:57:05.2418190Z Updating files:  86% (1985/2307)
2026-09-17T22:57:05.2495091Z Updating files:  87% (2008/2307)
2026-09-17T22:57:05.2554897Z Updating files:  88% (2031/2307)
2026-09-17T22:57:05.2631607Z Updating files:  89% (2054/2307)
2026-09-17T22:57:05.2876274Z Updating files:  90% (2077/2307)
2026-09-17T22:57:05.2931960Z Updating files:  91% (2100/2307)
2026-09-17T22:57:05.2984491Z Updating files:  92% (2123/2307)
2026-09-17T22:57:05.3040320Z Updating files:  93% (2146/2307)
2026-09-17T22:57:05.3098947Z Updating files:  94% (2169/2307)
2026-09-17T22:57:05.3158246Z Updating files:  95% (2192/2307)
2026-09-17T22:57:05.3221904Z Updating files:  96% (2215/2307)
2026-09-17T22:57:05.3275434Z Updating files:  97% (2238/2307)
2026-09-17T22:57:05.3332059Z Updating files:  98% (2261/2307)
2026-09-17T22:57:05.3389629Z Updating files:  99% (2284/2307)
2026-09-17T22:57:05.3393034Z Updating files: 100% (2307/2307)
2026-09-17T22:57:05.3393638Z Updating files: 100% (2307/2307), done.
2026-09-17T22:57:05.3549360Z Switched to a new branch 'research/v3-calibration-consolidation'
2026-09-17T22:57:05.3568212Z branch 'research/v3-calibration-consolidation' set up to track 'origin/research/v3-calibration-consolidation'.
2026-09-17T22:57:05.4047817Z ##[endgroup]
2026-09-17T22:57:05.4371014Z [command]"C:\Program Files\Git\bin\git.exe" log -1 --format=%H
2026-09-17T22:57:05.4631902Z 4f3e1b0daf954f965e2675e2b6aee23057b62cf5
2026-09-17T22:57:05.5145934Z Node 20 is being deprecated. This workflow is running with Node 24 by default. If you need to temporarily use Node 20, you can set the ACTIONS_ALLOW_USE_UNSECURE_NODE_VERSION=true environment variable. For more information see: https://github.blog/changelog/2025-09-19-deprecation-of-node-20-on-github-actions-runners/
2026-09-17T22:57:05.5148167Z ##[group]Run actions/setup-python@v5
2026-09-17T22:57:05.5148428Z with:
2026-09-17T22:57:05.5148741Z   python-version: 3.12
2026-09-17T22:57:05.5149041Z   check-latest: false
2026-09-17T22:57:05.5151714Z   token: ***
2026-09-17T22:57:05.5151910Z   update-environment: true
2026-09-17T22:57:05.5152135Z   allow-prereleases: false
2026-09-17T22:57:05.5152338Z   freethreaded: false
2026-09-17T22:57:05.5152521Z ##[endgroup]
2026-09-17T22:57:05.6726675Z ##[group]Installed versions
2026-09-17T22:57:05.7031841Z (node:904) [DEP0040] DeprecationWarning: The `punycode` module is deprecated. Please use a userland alternative instead.
2026-09-17T22:57:05.7033722Z (Use `node --trace-deprecation ...` to show where the warning was created)
2026-09-17T22:57:05.7034440Z Successfully set up CPython (3.12.10)
2026-09-17T22:57:05.7035544Z ##[endgroup]
2026-09-17T22:57:05.7339056Z ##[group]Run python -m pip install torch==2.10.0 --index-url https://download.pytorch.org/whl/cpu
2026-09-17T22:57:05.7340061Z [36;1mpython -m pip install torch==2.10.0 --index-url https://download.pytorch.org/whl/cpu[0m
2026-09-17T22:57:05.8031082Z shell: C:\Program Files\PowerShell\7\pwsh.EXE -command ". '{0}'"
2026-09-17T22:57:05.8031543Z env:
2026-09-17T22:57:05.8031890Z   pythonLocation: C:\hostedtoolcache\windows\Python\3.12.10\x64
2026-09-17T22:57:05.8032510Z   PKG_CONFIG_PATH: C:\hostedtoolcache\windows\Python\3.12.10\x64/lib/pkgconfig
2026-09-17T22:57:05.8033197Z   Python_ROOT_DIR: C:\hostedtoolcache\windows\Python\3.12.10\x64
2026-09-17T22:57:05.8033693Z   Python2_ROOT_DIR: C:\hostedtoolcache\windows\Python\3.12.10\x64
2026-09-17T22:57:05.8034138Z   Python3_ROOT_DIR: C:\hostedtoolcache\windows\Python\3.12.10\x64
2026-09-17T22:57:05.8034501Z ##[endgroup]
2026-09-17T22:57:10.4469282Z Looking in indexes: https://download.pytorch.org/whl/cpu
2026-09-17T22:57:10.7893830Z Collecting torch==2.10.0
2026-09-17T22:57:11.0450043Z   Downloading torch-2.10.0%2Bcpu-cp312-cp312-win_amd64.whl.metadata (29 kB)
2026-09-17T22:57:11.0660840Z Requirement already satisfied: filelock in C:\hostedtoolcache\windows\Python\3.12.10\x64\Lib\site-packages (from torch==2.10.0) (3.32.5)
2026-09-17T22:57:11.1055276Z Collecting typing-extensions>=4.10.0 (from torch==2.10.0)
2026-09-17T22:57:11.3348180Z   Downloading typing_extensions-4.16.0-py3-none-any.whl.metadata (3.3 kB)
2026-09-17T22:57:11.3862733Z Collecting sympy>=1.13.3 (from torch==2.10.0)
2026-09-17T22:57:11.3942792Z   Downloading sympy-1.14.0-py3-none-any.whl.metadata (12 kB)
2026-09-17T22:57:11.4724175Z Collecting networkx>=2.5.1 (from torch==2.10.0)
2026-09-17T22:57:11.4804684Z   Downloading networkx-3.6.1-py3-none-any.whl.metadata (6.8 kB)
2026-09-17T22:57:11.5306864Z Collecting jinja2 (from torch==2.10.0)
2026-09-17T22:57:11.5405590Z   Downloading jinja2-3.1.6-py3-none-any.whl.metadata (2.9 kB)
2026-09-17T22:57:11.5992841Z Collecting fsspec>=0.8.5 (from torch==2.10.0)
2026-09-17T22:57:11.6073039Z   Downloading fsspec-2026.7.0-py3-none-any.whl.metadata (10 kB)
2026-09-17T22:57:11.6673678Z Collecting setuptools (from torch==2.10.0)
2026-09-17T22:57:11.6771231Z   Downloading setuptools-78.1.0-py3-none-any.whl.metadata (6.6 kB)
2026-09-17T22:57:11.7277522Z Collecting mpmath<1.4,>=1.1.0 (from sympy>=1.13.3->torch==2.10.0)
2026-09-17T22:57:11.7457867Z   Downloading mpmath-1.3.0-py3-none-any.whl.metadata (8.6 kB)
2026-09-17T22:57:11.8270563Z Collecting MarkupSafe>=2.0 (from jinja2->torch==2.10.0)
2026-09-17T22:57:11.8365352Z   Downloading markupsafe-3.0.3-cp312-cp312-win_amd64.whl.metadata (2.8 kB)
2026-09-17T22:57:11.8688711Z Downloading torch-2.10.0%2Bcpu-cp312-cp312-win_amd64.whl (113.7 MB)
2026-09-17T22:57:14.4739771Z    ---------------------------------------- 113.7/113.7 MB 43.7 MB/s  0:00:02
2026-09-17T22:57:14.4827352Z Downloading fsspec-2026.7.0-py3-none-any.whl (206 kB)
2026-09-17T22:57:14.5347515Z Downloading networkx-3.6.1-py3-none-any.whl (2.1 MB)
2026-09-17T22:57:14.6399954Z    ---------------------------------------- 2.1/2.1 MB 19.2 MB/s  0:00:00
2026-09-17T22:57:14.6491167Z Downloading sympy-1.14.0-py3-none-any.whl (6.3 MB)
2026-09-17T22:57:14.7817212Z    ---------------------------------------- 6.3/6.3 MB 48.3 MB/s  0:00:00
2026-09-17T22:57:14.7897355Z Downloading mpmath-1.3.0-py3-none-any.whl (536 kB)
2026-09-17T22:57:14.8109876Z    ---------------------------------------- 536.2/536.2 kB 17.1 MB/s  0:00:00
2026-09-17T22:57:14.8189657Z Downloading typing_extensions-4.16.0-py3-none-any.whl (45 kB)
2026-09-17T22:57:14.8431513Z Downloading jinja2-3.1.6-py3-none-any.whl (134 kB)
2026-09-17T22:57:14.8721780Z Downloading markupsafe-3.0.3-cp312-cp312-win_amd64.whl (15 kB)
2026-09-17T22:57:14.9256836Z Downloading setuptools-78.1.0-py3-none-any.whl (1.3 MB)
2026-09-17T22:57:14.9595598Z    ---------------------------------------- 1.3/1.3 MB 32.1 MB/s  0:00:00
2026-09-17T22:57:15.4979046Z Installing collected packages: mpmath, typing-extensions, sympy, setuptools, networkx, MarkupSafe, fsspec, jinja2, torch
2026-09-17T22:57:59.1824586Z 
2026-09-17T22:57:59.1848863Z Successfully installed MarkupSafe-3.0.3 fsspec-2026.7.0 jinja2-3.1.6 mpmath-1.3.0 networkx-3.6.1 setuptools-78.1.0 sympy-1.14.0 torch-2.10.0+cpu typing-extensions-4.16.0
2026-09-17T22:57:59.3857161Z ##[group]Run python -m pip install -e ".[dev,reference]"
2026-09-17T22:57:59.3857892Z [36;1mpython -m pip install -e ".[dev,reference]"[0m
2026-09-17T22:57:59.3960555Z shell: C:\Program Files\PowerShell\7\pwsh.EXE -command ". '{0}'"
2026-09-17T22:57:59.3960905Z env:
2026-09-17T22:57:59.3961189Z   pythonLocation: C:\hostedtoolcache\windows\Python\3.12.10\x64
2026-09-17T22:57:59.3961656Z   PKG_CONFIG_PATH: C:\hostedtoolcache\windows\Python\3.12.10\x64/lib/pkgconfig
2026-09-17T22:57:59.3962421Z   Python_ROOT_DIR: C:\hostedtoolcache\windows\Python\3.12.10\x64
2026-09-17T22:57:59.3963014Z   Python2_ROOT_DIR: C:\hostedtoolcache\windows\Python\3.12.10\x64
2026-09-17T22:57:59.3963443Z   Python3_ROOT_DIR: C:\hostedtoolcache\windows\Python\3.12.10\x64
2026-09-17T22:57:59.3963771Z ##[endgroup]
2026-09-17T22:58:01.1906753Z Obtaining file:///D:/a/sera/sera
2026-09-17T22:58:01.1940469Z   Installing build dependencies: started
2026-09-17T22:58:03.5553686Z   Installing build dependencies: finished with status 'done'
2026-09-17T22:58:03.5570031Z   Checking if build backend supports build_editable: started
2026-09-17T22:58:04.1318485Z   Checking if build backend supports build_editable: finished with status 'done'
2026-09-17T22:58:04.1344642Z   Getting requirements to build editable: started
2026-09-17T22:58:04.6350351Z   Getting requirements to build editable: finished with status 'done'
2026-09-17T22:58:04.6380941Z   Preparing editable metadata (pyproject.toml): started
2026-09-17T22:58:04.9556282Z   Preparing editable metadata (pyproject.toml): finished with status 'done'
2026-09-17T22:58:04.9623457Z Requirement already satisfied: torch<2.11,>=2.10 in C:\hostedtoolcache\windows\Python\3.12.10\x64\Lib\site-packages (from sera-learning==0.5.0) (2.10.0+cpu)
2026-09-17T22:58:05.5325713Z Collecting numpy<3,>=2.3 (from sera-learning==0.5.0)
2026-09-17T22:58:05.7566796Z   Downloading numpy-2.5.3-cp312-cp312-win_amd64.whl.metadata (6.6 kB)
2026-09-17T22:58:05.8317107Z Collecting pytest<10,>=8 (from sera-learning==0.5.0)
2026-09-17T22:58:05.8420717Z   Downloading pytest-9.1.1-py3-none-any.whl.metadata (7.6 kB)
2026-09-17T22:58:06.2808314Z Collecting ruff<1,>=0.11 (from sera-learning==0.5.0)
2026-09-17T22:58:06.2937452Z   Downloading ruff-0.16.8-py3-none-win_amd64.whl.metadata (21 kB)
2026-09-17T22:58:06.5010311Z Collecting scipy<2,>=1.16 (from sera-learning==0.5.0)
2026-09-17T22:58:06.5339061Z   Downloading scipy-1.18.1-cp312-cp312-win_amd64.whl.metadata (61 kB)
2026-09-17T22:58:06.5846362Z Requirement already satisfied: colorama>=0.4 in C:\hostedtoolcache\windows\Python\3.12.10\x64\Lib\site-packages (from pytest<10,>=8->sera-learning==0.5.0) (0.4.6)
2026-09-17T22:58:06.6082632Z Collecting iniconfig>=1.0.1 (from pytest<10,>=8->sera-learning==0.5.0)
2026-09-17T22:58:06.6183000Z   Downloading iniconfig-2.3.0-py3-none-any.whl.metadata (2.5 kB)
2026-09-17T22:58:06.6410862Z Requirement already satisfied: packaging>=22 in C:\hostedtoolcache\windows\Python\3.12.10\x64\Lib\site-packages (from pytest<10,>=8->sera-learning==0.5.0) (26.3)
2026-09-17T22:58:06.6671881Z Collecting pluggy<2,>=1.5 (from pytest<10,>=8->sera-learning==0.5.0)
2026-09-17T22:58:06.6786540Z   Downloading pluggy-1.6.0-py3-none-any.whl.metadata (4.8 kB)
2026-09-17T22:58:06.7269160Z Collecting pygments>=2.7.2 (from pytest<10,>=8->sera-learning==0.5.0)
2026-09-17T22:58:06.7375091Z   Downloading pygments-2.21.0-py3-none-any.whl.metadata (2.5 kB)
2026-09-17T22:58:06.7591816Z Requirement already satisfied: filelock in C:\hostedtoolcache\windows\Python\3.12.10\x64\Lib\site-packages (from torch<2.11,>=2.10->sera-learning==0.5.0) (3.32.5)
2026-09-17T22:58:06.7597533Z Requirement already satisfied: typing-extensions>=4.10.0 in C:\hostedtoolcache\windows\Python\3.12.10\x64\Lib\site-packages (from torch<2.11,>=2.10->sera-learning==0.5.0) (4.16.0)
2026-09-17T22:58:06.7604569Z Requirement already satisfied: sympy>=1.13.3 in C:\hostedtoolcache\windows\Python\3.12.10\x64\Lib\site-packages (from torch<2.11,>=2.10->sera-learning==0.5.0) (1.14.0)
2026-09-17T22:58:06.7607909Z Requirement already satisfied: networkx>=2.5.1 in C:\hostedtoolcache\windows\Python\3.12.10\x64\Lib\site-packages (from torch<2.11,>=2.10->sera-learning==0.5.0) (3.6.1)
2026-09-17T22:58:06.7612140Z Requirement already satisfied: jinja2 in C:\hostedtoolcache\windows\Python\3.12.10\x64\Lib\site-packages (from torch<2.11,>=2.10->sera-learning==0.5.0) (3.1.6)
2026-09-17T22:58:06.7617275Z Requirement already satisfied: fsspec>=0.8.5 in C:\hostedtoolcache\windows\Python\3.12.10\x64\Lib\site-packages (from torch<2.11,>=2.10->sera-learning==0.5.0) (2026.7.0)
2026-09-17T22:58:06.7623548Z Requirement already satisfied: setuptools in C:\hostedtoolcache\windows\Python\3.12.10\x64\Lib\site-packages (from torch<2.11,>=2.10->sera-learning==0.5.0) (78.1.0)
2026-09-17T22:58:06.7751367Z Requirement already satisfied: mpmath<1.4,>=1.1.0 in C:\hostedtoolcache\windows\Python\3.12.10\x64\Lib\site-packages (from sympy>=1.13.3->torch<2.11,>=2.10->sera-learning==0.5.0) (1.3.0)
2026-09-17T22:58:06.7789269Z Requirement already satisfied: MarkupSafe>=2.0 in C:\hostedtoolcache\windows\Python\3.12.10\x64\Lib\site-packages (from jinja2->torch<2.11,>=2.10->sera-learning==0.5.0) (3.0.3)
2026-09-17T22:58:06.7938826Z Downloading numpy-2.5.3-cp312-cp312-win_amd64.whl (12.6 MB)
2026-09-17T22:58:07.1760259Z    ---------------------------------------- 12.6/12.6 MB 34.2 MB/s  0:00:00
2026-09-17T22:58:07.1847869Z Downloading pytest-9.1.1-py3-none-any.whl (386 kB)
2026-09-17T22:58:07.2169499Z Downloading pluggy-1.6.0-py3-none-any.whl (20 kB)
2026-09-17T22:58:07.2394649Z Downloading ruff-0.16.8-py3-none-win_amd64.whl (10.6 MB)
2026-09-17T22:58:07.4229378Z    ---------------------------------------- 10.6/10.6 MB 54.9 MB/s  0:00:00
2026-09-17T22:58:07.4359873Z Downloading scipy-1.18.1-cp312-cp312-win_amd64.whl (36.7 MB)
2026-09-17T22:58:08.1154195Z    ---------------------------------------- 36.7/36.7 MB 54.2 MB/s  0:00:00
2026-09-17T22:58:08.1241515Z Downloading iniconfig-2.3.0-py3-none-any.whl (7.5 kB)
2026-09-17T22:58:08.1446218Z Downloading pygments-2.21.0-py3-none-any.whl (1.3 MB)
2026-09-17T22:58:08.1688159Z    ---------------------------------------- 1.3/1.3 MB 61.8 MB/s  0:00:00
2026-09-17T22:58:08.5429457Z Building wheels for collected packages: sera-learning
2026-09-17T22:58:08.5458882Z   Building editable for sera-learning (pyproject.toml): started
2026-09-17T22:58:08.9099102Z   Building editable for sera-learning (pyproject.toml): finished with status 'done'
2026-09-17T22:58:08.9147011Z   Created wheel for sera-learning: filename=sera_learning-0.5.0-0.editable-py3-none-any.whl size=1733 sha256=8c453b59822d6a3fe08f0eee9169c7c8ffabc99de147edc013bedb9f7d3806f8
2026-09-17T22:58:08.9149246Z   Stored in directory: C:\Users\runneradmin\AppData\Local\Temp\pip-ephem-wheel-cache-bi873yhp\wheels\c5\c9\62\6a45d5100ddc3e5dd97e86105c56a24e0e01bf3567a00a92a2
2026-09-17T22:58:08.9176278Z Successfully built sera-learning
2026-09-17T22:58:08.9974522Z Installing collected packages: ruff, pygments, pluggy, numpy, iniconfig, scipy, pytest, sera-learning
2026-09-17T22:58:22.6677452Z 
2026-09-17T22:58:22.6707277Z Successfully installed iniconfig-2.3.0 numpy-2.5.3 pluggy-1.6.0 pygments-2.21.0 pytest-9.1.1 ruff-0.16.8 scipy-1.18.1 sera-learning-0.5.0
2026-09-17T22:58:22.9969562Z ##[group]Run python -m ruff check src tests scripts experiments
2026-09-17T22:58:22.9970093Z [36;1mpython -m ruff check src tests scripts experiments[0m
2026-09-17T22:58:23.0048190Z shell: C:\Program Files\PowerShell\7\pwsh.EXE -command ". '{0}'"
2026-09-17T22:58:23.0048534Z env:
2026-09-17T22:58:23.0048849Z   pythonLocation: C:\hostedtoolcache\windows\Python\3.12.10\x64
2026-09-17T22:58:23.0049440Z   PKG_CONFIG_PATH: C:\hostedtoolcache\windows\Python\3.12.10\x64/lib/pkgconfig
2026-09-17T22:58:23.0050206Z   Python_ROOT_DIR: C:\hostedtoolcache\windows\Python\3.12.10\x64
2026-09-17T22:58:23.0050850Z   Python2_ROOT_DIR: C:\hostedtoolcache\windows\Python\3.12.10\x64
2026-09-17T22:58:23.0051253Z   Python3_ROOT_DIR: C:\hostedtoolcache\windows\Python\3.12.10\x64
2026-09-17T22:58:23.0051562Z ##[endgroup]
2026-09-17T22:58:23.4361233Z All checks passed!
2026-09-17T22:58:23.5847731Z ##[group]Run python scripts/restore_test_artifacts.py
2026-09-17T22:58:23.5848187Z [36;1mpython scripts/restore_test_artifacts.py[0m
2026-09-17T22:58:23.5922670Z shell: C:\Program Files\PowerShell\7\pwsh.EXE -command ". '{0}'"
2026-09-17T22:58:23.5923009Z env:
2026-09-17T22:58:23.5923295Z   pythonLocation: C:\hostedtoolcache\windows\Python\3.12.10\x64
2026-09-17T22:58:23.5923797Z   PKG_CONFIG_PATH: C:\hostedtoolcache\windows\Python\3.12.10\x64/lib/pkgconfig
2026-09-17T22:58:23.5924257Z   Python_ROOT_DIR: C:\hostedtoolcache\windows\Python\3.12.10\x64
2026-09-17T22:58:23.5924649Z   Python2_ROOT_DIR: C:\hostedtoolcache\windows\Python\3.12.10\x64
2026-09-17T22:58:23.5925054Z   Python3_ROOT_DIR: C:\hostedtoolcache\windows\Python\3.12.10\x64
2026-09-17T22:58:23.5925363Z ##[endgroup]
2026-09-17T22:58:24.1465492Z {"restored": 17, "already_identical": 0, "experiments_restarted": 0}
2026-09-17T22:58:24.2768159Z ##[group]Run python -m experiments.concept_refinement.replay_diagnostic
2026-09-17T22:58:24.2768779Z [36;1mpython -m experiments.concept_refinement.replay_diagnostic[0m
2026-09-17T22:58:24.2843217Z shell: C:\Program Files\PowerShell\7\pwsh.EXE -command ". '{0}'"
2026-09-17T22:58:24.2843564Z env:
2026-09-17T22:58:24.2843825Z   pythonLocation: C:\hostedtoolcache\windows\Python\3.12.10\x64
2026-09-17T22:58:24.2844300Z   PKG_CONFIG_PATH: C:\hostedtoolcache\windows\Python\3.12.10\x64/lib/pkgconfig
2026-09-17T22:58:24.2844749Z   Python_ROOT_DIR: C:\hostedtoolcache\windows\Python\3.12.10\x64
2026-09-17T22:58:24.2845147Z   Python2_ROOT_DIR: C:\hostedtoolcache\windows\Python\3.12.10\x64
2026-09-17T22:58:24.2845547Z   Python3_ROOT_DIR: C:\hostedtoolcache\windows\Python\3.12.10\x64
2026-09-17T22:58:24.2845894Z ##[endgroup]
2026-09-17T22:58:27.8432462Z Traceback (most recent call last):
2026-09-17T22:58:27.8440972Z   File "<frozen runpy>", line 198, in _run_module_as_main
2026-09-17T22:58:27.8441646Z   File "<frozen runpy>", line 88, in _run_code
2026-09-17T22:58:27.8442608Z   File "D:\a\sera\sera\experiments\concept_refinement\replay_diagnostic.py", line 108, in <module>
2026-09-17T22:58:27.8443472Z     main()
2026-09-17T22:58:27.8443948Z   File "D:\a\sera\sera\experiments\concept_refinement\replay_diagnostic.py", line 58, in main
2026-09-17T22:58:27.8444718Z     runtime = Runtime(saved["checkpoint"])
2026-09-17T22:58:27.8445048Z               ^^^^^^^^^^^^^^^^^^^^^^^^^^^^
2026-09-17T22:58:27.8445664Z   File "D:\a\sera\sera\experiments\language_inquiry\runtime.py", line 32, in __init__
2026-09-17T22:58:27.8446353Z     self.session, self.fit = restore_fit(path)
2026-09-17T22:58:27.8446721Z                              ^^^^^^^^^^^^^^^^^
2026-09-17T22:58:27.8447223Z   File "D:\a\sera\sera\experiments\language_inquiry\study.py", line 62, in restore_fit
2026-09-17T22:58:27.8447869Z     session = base(bundle)
2026-09-17T22:58:27.8448151Z               ^^^^^^^^^^^^
2026-09-17T22:58:27.8448707Z   File "D:\a\sera\sera\experiments\language_inquiry\study.py", line 55, in base
2026-09-17T22:58:27.8449266Z     return TaskSession(copy.deepcopy(bundle["workbench"]), copy.deepcopy(bundle["tasks"]))
2026-09-17T22:58:27.8449726Z            ^^^^^^^^^^^^^^^^^^^^^^^^^^^^^^^^^^^^^^^^^^^^^^^^^^^^^^^^^^^^^^^^^^^^^^^^^^^^^^^
2026-09-17T22:58:27.8450675Z   File "D:\a\sera\sera\experiments\task_transfer\runtime.py", line 95, in __init__
2026-09-17T22:58:27.8451540Z     self.learner = Learner(copy.deepcopy(parent))
2026-09-17T22:58:27.8452104Z                    ^^^^^^^^^^^^^^^^^^^^^^^^^^^^^^
2026-09-17T22:58:27.8452795Z   File "D:\a\sera\sera\workbench\model.py", line 63, in __init__
2026-09-17T22:58:27.8453393Z     self.solver = parent()
2026-09-17T22:58:27.8453768Z                   ^^^^^^^^
2026-09-17T22:58:27.8454838Z   File "D:\a\sera\sera\experiments\continuing_control\study.py", line 46, in parent
2026-09-17T22:58:27.8455657Z     solver = ReadOnlyStore(ROOT/record["store"]).load()
2026-09-17T22:58:27.8456204Z              ^^^^^^^^^^^^^^^^^^^^^^^^^^^^^^^^^^^^^^^^^^
2026-09-17T22:58:27.8456856Z   File "D:\a\sera\sera\src\sera\solver.py", line 222, in load
2026-09-17T22:58:27.8457556Z     module = restore_component(component["config"], components)
2026-09-17T22:58:27.8458170Z              ^^^^^^^^^^^^^^^^^^^^^^^^^^^^^^^^^^^^^^^^^^^^^^^^^^
2026-09-17T22:58:27.8458902Z   File "D:\a\sera\sera\src\sera\connected.py", line 32, in restore_component
2026-09-17T22:58:27.8459590Z     return GenerativeSharedR1(**settings)
2026-09-17T22:58:27.8460048Z            ^^^^^^^^^^^^^^^^^^^^^^^^^^^^^^
2026-09-17T22:58:27.8460673Z   File "D:\a\sera\sera\src\sera\generative.py", line 83, in __init__
2026-09-17T22:58:27.8461735Z     self._initialize_generator(generator_noise, generator_prior_variance, generator_grammar,
2026-09-17T22:58:27.8462937Z   File "D:\a\sera\sera\src\sera\generative.py", line 92, in _initialize_generator
2026-09-17T22:58:27.8466633Z     raise ValueError("Generator grammar or complete interpreter fingerprint changed")
2026-09-17T22:58:27.8467534Z ValueError: Generator grammar or complete interpreter fingerprint changed
2026-09-17T22:58:28.2849722Z ##[error]Process completed with exit code 1.
2026-09-17T22:58:28.3136610Z Node 20 is being deprecated. This workflow is running with Node 24 by default. If you need to temporarily use Node 20, you can set the ACTIONS_ALLOW_USE_UNSECURE_NODE_VERSION=true environment variable. For more information see: https://github.blog/changelog/2025-09-19-deprecation-of-node-20-on-github-actions-runners/
2026-09-17T22:58:28.3137924Z Post job cleanup.
2026-09-17T22:58:28.5129402Z [command]"C:\Program Files\Git\bin\git.exe" version
2026-09-17T22:58:28.5435174Z git version 2.55.0.windows.5
2026-09-17T22:58:28.5516959Z Temporarily overriding HOME='D:\a\_temp\ad1ab7c5-698a-436d-80d2-c9f86dd0a2eb' before making global git config changes
2026-09-17T22:58:28.5518260Z Adding repository directory to the temporary git global config as a safe directory
2026-09-17T22:58:28.5529788Z [command]"C:\Program Files\Git\bin\git.exe" config --global --add safe.directory D:\a\sera\sera
2026-09-17T22:58:28.5878036Z [command]"C:\Program Files\Git\bin\git.exe" config --local --name-only --get-regexp core\.sshCommand
2026-09-17T22:58:28.6182236Z [command]"C:\Program Files\Git\bin\git.exe" submodule foreach --recursive "sh -c \"git config --local --name-only --get-regexp 'core\.sshCommand' && git config --local --unset-all 'core.sshCommand' || :\""
2026-09-17T22:58:29.1701212Z [command]"C:\Program Files\Git\bin\git.exe" config --local --name-only --get-regexp http\.https\:\/\/github\.com\/\.extraheader
2026-09-17T22:58:29.1961997Z http.https://github.com/.extraheader
2026-09-17T22:58:29.2005163Z [command]"C:\Program Files\Git\bin\git.exe" config --local --unset-all http.https://github.com/.extraheader
2026-09-17T22:58:29.2299927Z [command]"C:\Program Files\Git\bin\git.exe" submodule foreach --recursive "sh -c \"git config --local --name-only --get-regexp 'http\.https\:\/\/github\.com\/\.extraheader' && git config --local --unset-all 'http.https://github.com/.extraheader' || :\""
2026-09-17T22:58:29.7677650Z [command]"C:\Program Files\Git\bin\git.exe" config --local --name-only --get-regexp ^includeIf\.gitdir:
2026-09-17T22:58:29.7987848Z [command]"C:\Program Files\Git\bin\git.exe" submodule foreach --recursive "git config --local --show-origin --name-only --get-regexp remote.origin.url"
2026-09-17T22:58:30.3592752Z Cleaning up orphan processes
2026-09-17T22:58:30.4136075Z ##[warning]Node.js 20 is deprecated. The following actions target Node.js 20 but are being forced to run on Node.js 24: actions/checkout@v4, actions/setup-python@v5. For more information see: https://github.blog/changelog/2025-09-19-deprecation-of-node-20-on-github-actions-runners/

