{
  "status": "PASS",
  "argv": [
    "D:\\ai\\projects\\sera\\.venv\\Scripts\\python.exe",
    "-X",
    "utf8",
    "-m",
    "experiments.instance_transfer.study",
    "run",
    "--arm",
    "observed_only",
    "--seed",
    "307"
  ],
  "reserved_seconds": 150.0,
  "charged_seconds": 30.429076200001873,
  "memory_limit_bytes": 2147483648,
  "peak_job_committed_bytes": 661729280,
  "peak_process_committed_bytes": 660910080,
  "observed_process_ids": [
    7756,
    11148
  ],
  "worker_threads": 1,
  "runner_sha256": "6f602735056b3e468c1b945d1e358d857e95ed12349c910eacc542122fc1de3b",
  "job_helper_sha256": "95c48725b0e1a44e1d5e22614e8499644b0c96d35b7df2c9f66443a3932648c2",
  "boundary": "Wall allowance and job COMMITTED memory, not RSS. All descendant processes belong to this owned job. Full reservation persists if the supervisor is externally interrupted.",
  "child_pid": 11148,
  "returncode": 0,
  "log_sha256": "916ae5e571cae297cd2bfc7214802c113bbdea80ab670d62a8a2196988058392"
}
{
  "status": "PASS",
  "argv": [
    "D:\\ai\\projects\\sera\\.venv\\Scripts\\python.exe",
    "-X",
    "utf8",
    "-m",
    "experiments.instance_transfer.study",
    "run",
    "--arm",
    "corrected_teacher",
    "--seed",
    "307"
  ],
  "reserved_seconds": 150.0,
  "charged_seconds": 26.52999550000095,
  "memory_limit_bytes": 2147483648,
  "peak_job_committed_bytes": 665227264,
  "peak_process_committed_bytes": 664408064,
  "observed_process_ids": [
    1640,
    18256
  ],
  "worker_threads": 1,
  "runner_sha256": "6f602735056b3e468c1b945d1e358d857e95ed12349c910eacc542122fc1de3b",
  "job_helper_sha256": "95c48725b0e1a44e1d5e22614e8499644b0c96d35b7df2c9f66443a3932648c2",
  "boundary": "Wall allowance and job COMMITTED memory, not RSS. All descendant processes belong to this owned job. Full reservation persists if the supervisor is externally interrupted.",
  "child_pid": 1640,
  "returncode": 0,
  "log_sha256": "9f917bb60ffa9c81f718ae5925bed84fae65ae8b57feec5d1456db422af32f35"
}
{
  "status": "PASS",
  "argv": [
    "D:\\ai\\projects\\sera\\.venv\\Scripts\\python.exe",
    "-X",
    "utf8",
    "-m",
    "experiments.instance_transfer.study",
    "run",
    "--arm",
    "uncorrected_teacher",
    "--seed",
    "307"
  ],
  "reserved_seconds": 150.0,
  "charged_seconds": 28.128312399996503,
  "memory_limit_bytes": 2147483648,
  "peak_job_committed_bytes": 665423872,
  "peak_process_committed_bytes": 664592384,
  "observed_process_ids": [
    8036,
    16368
  ],
  "worker_threads": 1,
  "runner_sha256": "6f602735056b3e468c1b945d1e358d857e95ed12349c910eacc542122fc1de3b",
  "job_helper_sha256": "95c48725b0e1a44e1d5e22614e8499644b0c96d35b7df2c9f66443a3932648c2",
  "boundary": "Wall allowance and job COMMITTED memory, not RSS. All descendant processes belong to this owned job. Full reservation persists if the supervisor is externally interrupted.",
  "child_pid": 8036,
  "returncode": 0,
  "log_sha256": "4de26ead86f184e62b32a2d1a5ba8ceb30d3dba31598afc0d05eb1f172743b75"
}
{
  "status": "PASS",
  "argv": [
    "D:\\ai\\projects\\sera\\.venv\\Scripts\\python.exe",
    "-X",
    "utf8",
    "-m",
    "experiments.instance_transfer.study",
    "run",
    "--arm",
    "oracle_exposure",
    "--seed",
    "307"
  ],
  "reserved_seconds": 150.0,
  "charged_seconds": 29.096983800001908,
  "memory_limit_bytes": 2147483648,
  "peak_job_committed_bytes": 665104384,
  "peak_process_committed_bytes": 664268800,
  "observed_process_ids": [
    4440,
    7640
  ],
  "worker_threads": 1,
  "runner_sha256": "6f602735056b3e468c1b945d1e358d857e95ed12349c910eacc542122fc1de3b",
  "job_helper_sha256": "95c48725b0e1a44e1d5e22614e8499644b0c96d35b7df2c9f66443a3932648c2",
  "boundary": "Wall allowance and job COMMITTED memory, not RSS. All descendant processes belong to this owned job. Full reservation persists if the supervisor is externally interrupted.",
  "child_pid": 7640,
  "returncode": 0,
  "log_sha256": "81976d0bd71ada2fad2fbb9d51976afcfe53d478d29a939d1be298eedfe51635"
}
{
  "status": "PASS",
  "argv": [
    "D:\\ai\\projects\\sera\\.venv\\Scripts\\python.exe",
    "-X",
    "utf8",
    "-m",
    "experiments.instance_transfer.study",
    "run",
    "--arm",
    "observed_only",
    "--seed",
    "311"
  ],
  "reserved_seconds": 150.0,
  "charged_seconds": 32.140709599996626,
  "memory_limit_bytes": 2147483648,
  "peak_job_committed_bytes": 656883712,
  "peak_process_committed_bytes": 656052224,
  "observed_process_ids": [
    5728,
    6588
  ],
  "worker_threads": 1,
  "runner_sha256": "6f602735056b3e468c1b945d1e358d857e95ed12349c910eacc542122fc1de3b",
  "job_helper_sha256": "95c48725b0e1a44e1d5e22614e8499644b0c96d35b7df2c9f66443a3932648c2",
  "boundary": "Wall allowance and job COMMITTED memory, not RSS. All descendant processes belong to this owned job. Full reservation persists if the supervisor is externally interrupted.",
  "child_pid": 5728,
  "returncode": 0,
  "log_sha256": "31a007833fe796ca9a05a5eda60777df662113d5d8b77f518abdabdd86b2c4a5"
}
{
  "status": "PASS",
  "argv": [
    "D:\\ai\\projects\\sera\\.venv\\Scripts\\python.exe",
    "-X",
    "utf8",
    "-m",
    "experiments.instance_transfer.study",
    "run",
    "--arm",
    "corrected_teacher",
    "--seed",
    "311"
  ],
  "reserved_seconds": 150.0,
  "charged_seconds": 28.125785799995356,
  "memory_limit_bytes": 2147483648,
  "peak_job_committed_bytes": 661057536,
  "peak_process_committed_bytes": 660221952,
  "observed_process_ids": [
    3712,
    3840,
    17088
  ],
  "worker_threads": 1,
  "runner_sha256": "6f602735056b3e468c1b945d1e358d857e95ed12349c910eacc542122fc1de3b",
  "job_helper_sha256": "95c48725b0e1a44e1d5e22614e8499644b0c96d35b7df2c9f66443a3932648c2",
  "boundary": "Wall allowance and job COMMITTED memory, not RSS. All descendant processes belong to this owned job. Full reservation persists if the supervisor is externally interrupted.",
  "child_pid": 3712,
  "returncode": 0,
  "log_sha256": "9710dd1bff713e3d12fce6114fc3e2500fc7c5edba9c27860e8254ec9f3db78c"
}
{
  "status": "PASS",
  "argv": [
    "D:\\ai\\projects\\sera\\.venv\\Scripts\\python.exe",
    "-X",
    "utf8",
    "-m",
    "experiments.instance_transfer.study",
    "run",
    "--arm",
    "uncorrected_teacher",
    "--seed",
    "311"
  ],
  "reserved_seconds": 150.0,
  "charged_seconds": 27.502873500001442,
  "memory_limit_bytes": 2147483648,
  "peak_job_committed_bytes": 665825280,
  "peak_process_committed_bytes": 665006080,
  "observed_process_ids": [
    2792,
    16640
  ],
  "worker_threads": 1,
  "runner_sha256": "6f602735056b3e468c1b945d1e358d857e95ed12349c910eacc542122fc1de3b",
  "job_helper_sha256": "95c48725b0e1a44e1d5e22614e8499644b0c96d35b7df2c9f66443a3932648c2",
  "boundary": "Wall allowance and job COMMITTED memory, not RSS. All descendant processes belong to this owned job. Full reservation persists if the supervisor is externally interrupted.",
  "child_pid": 16640,
  "returncode": 0,
  "log_sha256": "c6f7372af1b3fa4649601132298e340016adab4a1d27b83950ba4a26ff9f49fa"
}
{
  "status": "PASS",
  "argv": [
    "D:\\ai\\projects\\sera\\.venv\\Scripts\\python.exe",
    "-X",
    "utf8",
    "-m",
    "experiments.instance_transfer.study",
    "run",
    "--arm",
    "oracle_exposure",
    "--seed",
    "311"
  ],
  "reserved_seconds": 150.0,
  "charged_seconds": 27.98524550000002,
  "memory_limit_bytes": 2147483648,
  "peak_job_committed_bytes": 657055744,
  "peak_process_committed_bytes": 656232448,
  "observed_process_ids": [
    9896,
    12944
  ],
  "worker_threads": 1,
  "runner_sha256": "6f602735056b3e468c1b945d1e358d857e95ed12349c910eacc542122fc1de3b",
  "job_helper_sha256": "95c48725b0e1a44e1d5e22614e8499644b0c96d35b7df2c9f66443a3932648c2",
  "boundary": "Wall allowance and job COMMITTED memory, not RSS. All descendant processes belong to this owned job. Full reservation persists if the supervisor is externally interrupted.",
  "child_pid": 9896,
  "returncode": 0,
  "log_sha256": "4d213d2e6d68075154ecd826962c86ed86e6a60ab4f4f00aec53364ca10351e2"
}
{
  "status": "PASS",
  "argv": [
    "D:\\ai\\projects\\sera\\.venv\\Scripts\\python.exe",
    "-X",
    "utf8",
    "-m",
    "experiments.instance_transfer.study",
    "run",
    "--arm",
    "observed_only",
    "--seed",
    "313"
  ],
  "reserved_seconds": 150.0,
  "charged_seconds": 32.987597899998946,
  "memory_limit_bytes": 2147483648,
  "peak_job_committed_bytes": 663912448,
  "peak_process_committed_bytes": 663093248,
  "observed_process_ids": [
    5236,
    7900
  ],
  "worker_threads": 1,
  "runner_sha256": "6f602735056b3e468c1b945d1e358d857e95ed12349c910eacc542122fc1de3b",
  "job_helper_sha256": "95c48725b0e1a44e1d5e22614e8499644b0c96d35b7df2c9f66443a3932648c2",
  "boundary": "Wall allowance and job COMMITTED memory, not RSS. All descendant processes belong to this owned job. Full reservation persists if the supervisor is externally interrupted.",
  "child_pid": 5236,
  "returncode": 0,
  "log_sha256": "495aac644461a610a77d0b8b5bbf5a62f25ef1115ccda18b31904c7357b3f1b6"
}
{
  "status": "PASS",
  "argv": [
    "D:\\ai\\projects\\sera\\.venv\\Scripts\\python.exe",
    "-X",
    "utf8",
    "-m",
    "experiments.instance_transfer.study",
    "run",
    "--arm",
    "corrected_teacher",
    "--seed",
    "313"
  ],
  "reserved_seconds": 150.0,
  "charged_seconds": 28.320162199997867,
  "memory_limit_bytes": 2147483648,
  "peak_job_committed_bytes": 664936448,
  "peak_process_committed_bytes": 664031232,
  "observed_process_ids": [
    7524,
    10496
  ],
  "worker_threads": 1,
  "runner_sha256": "6f602735056b3e468c1b945d1e358d857e95ed12349c910eacc542122fc1de3b",
  "job_helper_sha256": "95c48725b0e1a44e1d5e22614e8499644b0c96d35b7df2c9f66443a3932648c2",
  "boundary": "Wall allowance and job COMMITTED memory, not RSS. All descendant processes belong to this owned job. Full reservation persists if the supervisor is externally interrupted.",
  "child_pid": 10496,
  "returncode": 0,
  "log_sha256": "7ccbf6c3c192424238b275e685132d264bab7a4dad942fc1417487046e4f42a2"
}
{
  "status": "PASS",
  "argv": [
    "D:\\ai\\projects\\sera\\.venv\\Scripts\\python.exe",
    "-X",
    "utf8",
    "-m",
    "experiments.instance_transfer.study",
    "run",
    "--arm",
    "uncorrected_teacher",
    "--seed",
    "313"
  ],
  "reserved_seconds": 150.0,
  "charged_seconds": 28.052023000003828,
  "memory_limit_bytes": 2147483648,
  "peak_job_committed_bytes": 665063424,
  "peak_process_committed_bytes": 664240128,
  "observed_process_ids": [
    9972,
    16192
  ],
  "worker_threads": 1,
  "runner_sha256": "6f602735056b3e468c1b945d1e358d857e95ed12349c910eacc542122fc1de3b",
  "job_helper_sha256": "95c48725b0e1a44e1d5e22614e8499644b0c96d35b7df2c9f66443a3932648c2",
  "boundary": "Wall allowance and job COMMITTED memory, not RSS. All descendant processes belong to this owned job. Full reservation persists if the supervisor is externally interrupted.",
  "child_pid": 16192,
  "returncode": 0,
  "log_sha256": "087db1837e51f4a96353b5885b480f160a1409d83434074d68bc735bb8e493a2"
}
{
  "status": "PASS",
  "argv": [
    "D:\\ai\\projects\\sera\\.venv\\Scripts\\python.exe",
    "-X",
    "utf8",
    "-m",
    "experiments.instance_transfer.study",
    "run",
    "--arm",
    "oracle_exposure",
    "--seed",
    "313"
  ],
  "reserved_seconds": 150.0,
  "charged_seconds": 27.830332700003055,
  "memory_limit_bytes": 2147483648,
  "peak_job_committed_bytes": 665260032,
  "peak_process_committed_bytes": 664424448,
  "observed_process_ids": [
    5384,
    17708
  ],
  "worker_threads": 1,
  "runner_sha256": "6f602735056b3e468c1b945d1e358d857e95ed12349c910eacc542122fc1de3b",
  "job_helper_sha256": "95c48725b0e1a44e1d5e22614e8499644b0c96d35b7df2c9f66443a3932648c2",
  "boundary": "Wall allowance and job COMMITTED memory, not RSS. All descendant processes belong to this owned job. Full reservation persists if the supervisor is externally interrupted.",
  "child_pid": 17708,
  "returncode": 0,
  "log_sha256": "99592df9c0c0b2a9edddb5d21c63d1aded4cb14bfb37ef92384ea97ea0b9876f"
}
{
  "status": "PASS",
  "argv": [
    "D:\\ai\\projects\\sera\\.venv\\Scripts\\python.exe",
    "-X",
    "utf8",
    "-m",
    "experiments.instance_transfer.study",
    "run",
    "--arm",
    "observed_only",
    "--seed",
    "317"
  ],
  "reserved_seconds": 150.0,
  "charged_seconds": 32.88488399999915,
  "memory_limit_bytes": 2147483648,
  "peak_job_committed_bytes": 662638592,
  "peak_process_committed_bytes": 661815296,
  "observed_process_ids": [
    10076,
    14364
  ],
  "worker_threads": 1,
  "runner_sha256": "6f602735056b3e468c1b945d1e358d857e95ed12349c910eacc542122fc1de3b",
  "job_helper_sha256": "95c48725b0e1a44e1d5e22614e8499644b0c96d35b7df2c9f66443a3932648c2",
  "boundary": "Wall allowance and job COMMITTED memory, not RSS. All descendant processes belong to this owned job. Full reservation persists if the supervisor is externally interrupted.",
  "child_pid": 14364,
  "returncode": 0,
  "log_sha256": "ec3f401284b2a9819ede4160cf78213fbf4bb0f26d7f15744a135e8a9f7799ab"
}
{
  "status": "PASS",
  "argv": [
    "D:\\ai\\projects\\sera\\.venv\\Scripts\\python.exe",
    "-X",
    "utf8",
    "-m",
    "experiments.instance_transfer.study",
    "run",
    "--arm",
    "corrected_teacher",
    "--seed",
    "317"
  ],
  "reserved_seconds": 150.0,
  "charged_seconds": 28.044520700001158,
  "memory_limit_bytes": 2147483648,
  "peak_job_committed_bytes": 665128960,
  "peak_process_committed_bytes": 664297472,
  "observed_process_ids": [
    4596,
    6412
  ],
  "worker_threads": 1,
  "runner_sha256": "6f602735056b3e468c1b945d1e358d857e95ed12349c910eacc542122fc1de3b",
  "job_helper_sha256": "95c48725b0e1a44e1d5e22614e8499644b0c96d35b7df2c9f66443a3932648c2",
  "boundary": "Wall allowance and job COMMITTED memory, not RSS. All descendant processes belong to this owned job. Full reservation persists if the supervisor is externally interrupted.",
  "child_pid": 6412,
  "returncode": 0,
  "log_sha256": "e0d3cb231648291281b2295f645e3b9ac20500e8bb93b74d84e8ee5cfc9488e3"
}
{
  "status": "PASS",
  "argv": [
    "D:\\ai\\projects\\sera\\.venv\\Scripts\\python.exe",
    "-X",
    "utf8",
    "-m",
    "experiments.instance_transfer.study",
    "run",
    "--arm",
    "uncorrected_teacher",
    "--seed",
    "317"
  ],
  "reserved_seconds": 150.0,
  "charged_seconds": 27.822991799999727,
  "memory_limit_bytes": 2147483648,
  "peak_job_committed_bytes": 664600576,
  "peak_process_committed_bytes": 663773184,
  "observed_process_ids": [
    440,
    17036
  ],
  "worker_threads": 1,
  "runner_sha256": "6f602735056b3e468c1b945d1e358d857e95ed12349c910eacc542122fc1de3b",
  "job_helper_sha256": "95c48725b0e1a44e1d5e22614e8499644b0c96d35b7df2c9f66443a3932648c2",
  "boundary": "Wall allowance and job COMMITTED memory, not RSS. All descendant processes belong to this owned job. Full reservation persists if the supervisor is externally interrupted.",
  "child_pid": 17036,
  "returncode": 0,
  "log_sha256": "c1d03d355959433592e0bfc3c4695bbd700490ec69b7762d080b2270af12fcc1"
}
{
  "status": "PASS",
  "argv": [
    "D:\\ai\\projects\\sera\\.venv\\Scripts\\python.exe",
    "-X",
    "utf8",
    "-m",
    "experiments.instance_transfer.study",
    "run",
    "--arm",
    "oracle_exposure",
    "--seed",
    "317"
  ],
  "reserved_seconds": 150.0,
  "charged_seconds": 27.873766700002307,
  "memory_limit_bytes": 2147483648,
  "peak_job_committed_bytes": 674754560,
  "peak_process_committed_bytes": 673927168,
  "observed_process_ids": [
    6728,
    11768
  ],
  "worker_threads": 1,
  "runner_sha256": "6f602735056b3e468c1b945d1e358d857e95ed12349c910eacc542122fc1de3b",
  "job_helper_sha256": "95c48725b0e1a44e1d5e22614e8499644b0c96d35b7df2c9f66443a3932648c2",
  "boundary": "Wall allowance and job COMMITTED memory, not RSS. All descendant processes belong to this owned job. Full reservation persists if the supervisor is externally interrupted.",
  "child_pid": 11768,
  "returncode": 0,
  "log_sha256": "292a56cd77f45d8364145216fd6dcd5c4989e9ce21668c462daaf7eca53c842e"
}
{
  "status": "PASS",
  "argv": [
    "D:\\ai\\projects\\sera\\.venv\\Scripts\\python.exe",
    "-X",
    "utf8",
    "-m",
    "experiments.instance_transfer.study",
    "run",
    "--arm",
    "observed_only",
    "--seed",
    "331"
  ],
  "reserved_seconds": 150.0,
  "charged_seconds": 32.90027330000157,
  "memory_limit_bytes": 2147483648,
  "peak_job_committed_bytes": 661970944,
  "peak_process_committed_bytes": 661143552,
  "observed_process_ids": [
    8204,
    11032
  ],
  "worker_threads": 1,
  "runner_sha256": "6f602735056b3e468c1b945d1e358d857e95ed12349c910eacc542122fc1de3b",
  "job_helper_sha256": "95c48725b0e1a44e1d5e22614e8499644b0c96d35b7df2c9f66443a3932648c2",
  "boundary": "Wall allowance and job COMMITTED memory, not RSS. All descendant processes belong to this owned job. Full reservation persists if the supervisor is externally interrupted.",
  "child_pid": 11032,
  "returncode": 0,
  "log_sha256": "0fef50e93afabfd898a65787027a6c0a7cee024b516a16e41ff59b804e7dd085"
}
{
  "status": "PASS",
  "argv": [
    "D:\\ai\\projects\\sera\\.venv\\Scripts\\python.exe",
    "-X",
    "utf8",
    "-m",
    "experiments.instance_transfer.study",
    "run",
    "--arm",
    "corrected_teacher",
    "--seed",
    "331"
  ],
  "reserved_seconds": 150.0,
  "charged_seconds": 27.969387299999653,
  "memory_limit_bytes": 2147483648,
  "peak_job_committed_bytes": 674893824,
  "peak_process_committed_bytes": 674066432,
  "observed_process_ids": [
    11988,
    17760
  ],
  "worker_threads": 1,
  "runner_sha256": "6f602735056b3e468c1b945d1e358d857e95ed12349c910eacc542122fc1de3b",
  "job_helper_sha256": "95c48725b0e1a44e1d5e22614e8499644b0c96d35b7df2c9f66443a3932648c2",
  "boundary": "Wall allowance and job COMMITTED memory, not RSS. All descendant processes belong to this owned job. Full reservation persists if the supervisor is externally interrupted.",
  "child_pid": 11988,
  "returncode": 0,
  "log_sha256": "27889e8f7432c7ff093d4af440eb199ee3d9e977714d351879d6b38ee93e3b22"
}
{
  "status": "PASS",
  "argv": [
    "D:\\ai\\projects\\sera\\.venv\\Scripts\\python.exe",
    "-X",
    "utf8",
    "-m",
    "experiments.instance_transfer.study",
    "run",
    "--arm",
    "uncorrected_teacher",
    "--seed",
    "331"
  ],
  "reserved_seconds": 150.0,
  "charged_seconds": 30.05232199999591,
  "memory_limit_bytes": 2147483648,
  "peak_job_committed_bytes": 676012032,
  "peak_process_committed_bytes": 675176448,
  "observed_process_ids": [
    9368,
    15192
  ],
  "worker_threads": 1,
  "runner_sha256": "6f602735056b3e468c1b945d1e358d857e95ed12349c910eacc542122fc1de3b",
  "job_helper_sha256": "95c48725b0e1a44e1d5e22614e8499644b0c96d35b7df2c9f66443a3932648c2",
  "boundary": "Wall allowance and job COMMITTED memory, not RSS. All descendant processes belong to this owned job. Full reservation persists if the supervisor is externally interrupted.",
  "child_pid": 15192,
  "returncode": 0,
  "log_sha256": "8aee432301c679b4c2172cd4e99b546b683ef0527b2426ef0ed40c5bf4f27227"
}
{
  "status": "PASS",
  "argv": [
    "D:\\ai\\projects\\sera\\.venv\\Scripts\\python.exe",
    "-X",
    "utf8",
    "-m",
    "experiments.instance_transfer.study",
    "run",
    "--arm",
    "oracle_exposure",
    "--seed",
    "331"
  ],
  "reserved_seconds": 150.0,
  "charged_seconds": 28.499212200003967,
  "memory_limit_bytes": 2147483648,
  "peak_job_committed_bytes": 657010688,
  "peak_process_committed_bytes": 656179200,
  "observed_process_ids": [
    9752,
    15228,
    17376
  ],
  "worker_threads": 1,
  "runner_sha256": "6f602735056b3e468c1b945d1e358d857e95ed12349c910eacc542122fc1de3b",
  "job_helper_sha256": "95c48725b0e1a44e1d5e22614e8499644b0c96d35b7df2c9f66443a3932648c2",
  "boundary": "Wall allowance and job COMMITTED memory, not RSS. All descendant processes belong to this owned job. Full reservation persists if the supervisor is externally interrupted.",
  "child_pid": 17376,
  "returncode": 0,
  "log_sha256": "1fcefbfb21a74a9ea447e3f49050c86f8d81b9153ce9285078e88017c57f35ee"
}
