{
  "passed": true,
  "source_migration": "repairs/source-preservation.json",
  "previous_owner": "55ba3e9a141297d2a9eaa902bac076e3ba0e77385362be8dc33891b84f5dc74c",
  "owner": "1d376d044ddba522401da96e6c36475b3d57cde73ba97358cfc33a502ba4f6f9",
  "original_points": 85.0,
  "native_reconciled_points": 72.75,
  "points": 57.25,
  "credited_routes": 54,
  "retained_solutions": 217,
  "protected_tensors": 607,
  "practice_rows": 3948,
  "epochs": 80,
  "practice_mse_before": 0.09536474164133739,
  "practice_mse_after": 0.07277404197843487,
  "holdout_or_final_reopened": false,
  "unchanged_practical_answers": 11,
  "policy_admission": "Corrected practice value weights; exhaustive scheduling preserved",
  "exact_restore": true,
  "append_only_revisions": 3
}
