Starting prepare
Frozen 358 owned questions, 14 declared search procedures per question.
Starting search
Question 1/358: 1 distinct answers proposed
Question 2/358: 1 distinct answers proposed
Question 3/358: 0 distinct answers proposed
Question 4/358: 0 distinct answers proposed
Question 5/358: 1 distinct answers proposed
Question 6/358: 1 distinct answers proposed
Question 7/358: 0 distinct answers proposed
Question 8/358: 1 distinct answers proposed
Question 9/358: 0 distinct answers proposed
Question 10/358: 0 distinct answers proposed
Question 11/358: 0 distinct answers proposed
Question 12/358: 0 distinct answers proposed
Question 13/358: 0 distinct answers proposed
Question 14/358: 1 distinct answers proposed
Question 15/358: 1 distinct answers proposed
Question 16/358: 1 distinct answers proposed
Question 17/358: 0 distinct answers proposed
Question 18/358: 0 distinct answers proposed
Question 19/358: 0 distinct answers proposed
Question 20/358: 1 distinct answers proposed
Question 21/358: 0 distinct answers proposed
Question 22/358: 1 distinct answers proposed
Question 23/358: 1 distinct answers proposed
Question 24/358: 0 distinct answers proposed
Question 25/358: 1 distinct answers proposed
Question 26/358: 0 distinct answers proposed
Question 27/358: 0 distinct answers proposed
Question 28/358: 0 distinct answers proposed
Question 29/358: 0 distinct answers proposed
Question 30/358: 1 distinct answers proposed
Question 31/358: 1 distinct answers proposed
Question 32/358: 1 distinct answers proposed
Question 33/358: 0 distinct answers proposed
Question 34/358: 1 distinct answers proposed
Question 35/358: 1 distinct answers proposed
Question 36/358: 1 distinct answers proposed
Question 37/358: 1 distinct answers proposed
Question 38/358: 1 distinct answers proposed
Question 39/358: 0 distinct answers proposed
Question 40/358: 1 distinct answers proposed
Question 41/358: 0 distinct answers proposed
Question 42/358: 0 distinct answers proposed
Question 43/358: 0 distinct answers proposed
Question 44/358: 1 distinct answers proposed
Question 45/358: 0 distinct answers proposed
Question 46/358: 0 distinct answers proposed
Question 47/358: 0 distinct answers proposed
Question 48/358: 0 distinct answers proposed
Question 49/358: 0 distinct answers proposed
Question 50/358: 0 distinct answers proposed
Question 51/358: 0 distinct answers proposed
Question 52/358: 0 distinct answers proposed
Question 53/358: 0 distinct answers proposed
Question 54/358: 0 distinct answers proposed
Question 55/358: 0 distinct answers proposed
Question 56/358: 0 distinct answers proposed
Question 57/358: 0 distinct answers proposed
Question 58/358: 0 distinct answers proposed
Question 59/358: 0 distinct answers proposed
Question 60/358: 0 distinct answers proposed
Question 61/358: 0 distinct answers proposed
Question 62/358: 0 distinct answers proposed
Question 63/358: 0 distinct answers proposed
Question 64/358: 0 distinct answers proposed
Question 65/358: 1 distinct answers proposed
Question 66/358: 0 distinct answers proposed
Question 67/358: 0 distinct answers proposed
Question 68/358: 0 distinct answers proposed
Question 69/358: 0 distinct answers proposed
Question 70/358: 0 distinct answers proposed
Question 71/358: 1 distinct answers proposed
Question 72/358: 0 distinct answers proposed
Question 73/358: 0 distinct answers proposed
Question 74/358: 0 distinct answers proposed
Question 75/358: 4 distinct answers proposed
Question 76/358: 0 distinct answers proposed
Question 77/358: 1 distinct answers proposed
Question 78/358: 0 distinct answers proposed
Question 79/358: 1 distinct answers proposed
Question 80/358: 0 distinct answers proposed
Question 81/358: 0 distinct answers proposed
Question 82/358: 0 distinct answers proposed
Question 83/358: 0 distinct answers proposed
Question 84/358: 0 distinct answers proposed
Question 85/358: 0 distinct answers proposed
Question 86/358: 0 distinct answers proposed
Question 87/358: 0 distinct answers proposed
Question 88/358: 0 distinct answers proposed
Question 89/358: 0 distinct answers proposed
Question 90/358: 1 distinct answers proposed
Question 91/358: 0 distinct answers proposed
Question 92/358: 0 distinct answers proposed
Question 93/358: 0 distinct answers proposed
Question 94/358: 0 distinct answers proposed
Question 95/358: 0 distinct answers proposed
Question 96/358: 1 distinct answers proposed
Question 97/358: 0 distinct answers proposed
Question 98/358: 0 distinct answers proposed
Question 99/358: 1 distinct answers proposed
Question 100/358: 0 distinct answers proposed
Question 101/358: 0 distinct answers proposed
Question 102/358: 0 distinct answers proposed
Question 103/358: 0 distinct answers proposed
Question 104/358: 0 distinct answers proposed
Question 105/358: 0 distinct answers proposed
Question 106/358: 0 distinct answers proposed
Question 107/358: 0 distinct answers proposed
Question 108/358: 0 distinct answers proposed
Question 109/358: 1 distinct answers proposed
Question 110/358: 1 distinct answers proposed
Question 111/358: 0 distinct answers proposed
Question 112/358: 0 distinct answers proposed
Question 113/358: 0 distinct answers proposed
Question 114/358: 0 distinct answers proposed
Question 115/358: 0 distinct answers proposed
Question 116/358: 0 distinct answers proposed
Question 117/358: 0 distinct answers proposed
Question 118/358: 0 distinct answers proposed
Question 119/358: 0 distinct answers proposed
Question 120/358: 0 distinct answers proposed
Question 121/358: 1 distinct answers proposed
Question 122/358: 0 distinct answers proposed
Question 123/358: 0 distinct answers proposed
Question 124/358: 0 distinct answers proposed
Question 125/358: 0 distinct answers proposed
Question 126/358: 0 distinct answers proposed
Question 127/358: 0 distinct answers proposed
Question 128/358: 0 distinct answers proposed
Question 129/358: 0 distinct answers proposed
Question 130/358: 0 distinct answers proposed
Question 131/358: 0 distinct answers proposed
Question 132/358: 0 distinct answers proposed
Question 133/358: 0 distinct answers proposed
Question 134/358: 0 distinct answers proposed
Question 135/358: 0 distinct answers proposed
Question 136/358: 0 distinct answers proposed
Question 137/358: 0 distinct answers proposed
Question 138/358: 0 distinct answers proposed
Question 139/358: 1 distinct answers proposed
Question 140/358: 0 distinct answers proposed
Question 141/358: 0 distinct answers proposed
Question 142/358: 0 distinct answers proposed
Question 143/358: 0 distinct answers proposed
Question 144/358: 0 distinct answers proposed
Question 145/358: 0 distinct answers proposed
Question 146/358: 0 distinct answers proposed
Question 147/358: 0 distinct answers proposed
Question 148/358: 0 distinct answers proposed
Question 149/358: 0 distinct answers proposed
Question 150/358: 0 distinct answers proposed
Question 151/358: 0 distinct answers proposed
Question 152/358: 1 distinct answers proposed
Question 153/358: 0 distinct answers proposed
Question 154/358: 0 distinct answers proposed
Question 155/358: 0 distinct answers proposed
Question 156/358: 1 distinct answers proposed
Question 157/358: 0 distinct answers proposed
Question 158/358: 1 distinct answers proposed
Question 159/358: 0 distinct answers proposed
Question 160/358: 1 distinct answers proposed
Question 161/358: 1 distinct answers proposed
Question 162/358: 0 distinct answers proposed
Question 163/358: 0 distinct answers proposed
Question 164/358: 0 distinct answers proposed
Question 165/358: 1 distinct answers proposed
Question 166/358: 0 distinct answers proposed
Question 167/358: 1 distinct answers proposed
Question 168/358: 0 distinct answers proposed
Question 169/358: 2 distinct answers proposed
Question 170/358: 0 distinct answers proposed
Question 171/358: 1 distinct answers proposed
Question 172/358: 1 distinct answers proposed
Question 173/358: 0 distinct answers proposed
Question 174/358: 1 distinct answers proposed
Question 175/358: 0 distinct answers proposed
Question 176/358: 1 distinct answers proposed
Question 177/358: 0 distinct answers proposed
Question 178/358: 0 distinct answers proposed
Question 179/358: 0 distinct answers proposed
Question 180/358: 1 distinct answers proposed
Question 181/358: 1 distinct answers proposed
Question 182/358: 0 distinct answers proposed
Question 183/358: 0 distinct answers proposed
Question 184/358: 1 distinct answers proposed
Question 185/358: 0 distinct answers proposed
Question 186/358: 3 distinct answers proposed
Question 187/358: 0 distinct answers proposed
Question 188/358: 0 distinct answers proposed
Question 189/358: 1 distinct answers proposed
Question 190/358: 0 distinct answers proposed
Question 191/358: 1 distinct answers proposed
Question 192/358: 0 distinct answers proposed
Question 193/358: 0 distinct answers proposed
Question 194/358: 0 distinct answers proposed
Question 195/358: 1 distinct answers proposed
Question 196/358: 0 distinct answers proposed
Question 197/358: 0 distinct answers proposed
Question 198/358: 2 distinct answers proposed
Question 199/358: 0 distinct answers proposed
Question 200/358: 1 distinct answers proposed
Question 201/358: 1 distinct answers proposed
Question 202/358: 0 distinct answers proposed
Question 203/358: 0 distinct answers proposed
Question 204/358: 0 distinct answers proposed
Question 205/358: 0 distinct answers proposed
Question 206/358: 0 distinct answers proposed
Question 207/358: 0 distinct answers proposed
Question 208/358: 1 distinct answers proposed
Question 209/358: 0 distinct answers proposed
Question 210/358: 0 distinct answers proposed
Question 211/358: 1 distinct answers proposed
Question 212/358: 1 distinct answers proposed
Question 213/358: 0 distinct answers proposed
Question 214/358: 1 distinct answers proposed
Question 215/358: 0 distinct answers proposed
Question 216/358: 1 distinct answers proposed
Question 217/358: 1 distinct answers proposed
Question 218/358: 1 distinct answers proposed
Question 219/358: 0 distinct answers proposed
Question 220/358: 0 distinct answers proposed
Question 221/358: 0 distinct answers proposed
Question 222/358: 0 distinct answers proposed
Question 223/358: 1 distinct answers proposed
Question 224/358: 1 distinct answers proposed
Question 225/358: 0 distinct answers proposed
Question 226/358: 1 distinct answers proposed
Question 227/358: 1 distinct answers proposed
Question 228/358: 0 distinct answers proposed
Question 229/358: 0 distinct answers proposed
Question 230/358: 0 distinct answers proposed
Question 231/358: 1 distinct answers proposed
Question 232/358: 0 distinct answers proposed
Question 233/358: 0 distinct answers proposed
Question 234/358: 0 distinct answers proposed
Question 235/358: 0 distinct answers proposed
Question 236/358: 1 distinct answers proposed
Question 237/358: 0 distinct answers proposed
Question 238/358: 1 distinct answers proposed
Question 239/358: 0 distinct answers proposed
Question 240/358: 1 distinct answers proposed
Question 241/358: 1 distinct answers proposed
Question 242/358: 1 distinct answers proposed
Question 243/358: 0 distinct answers proposed
Question 244/358: 0 distinct answers proposed
Question 245/358: 0 distinct answers proposed
Question 246/358: 1 distinct answers proposed
Question 247/358: 0 distinct answers proposed
Question 248/358: 0 distinct answers proposed
Question 249/358: 0 distinct answers proposed
Question 250/358: 0 distinct answers proposed
Question 251/358: 0 distinct answers proposed
Question 252/358: 1 distinct answers proposed
Question 253/358: 0 distinct answers proposed
Question 254/358: 0 distinct answers proposed
Question 255/358: 0 distinct answers proposed
Question 256/358: 0 distinct answers proposed
Question 257/358: 0 distinct answers proposed
Question 258/358: 0 distinct answers proposed
Question 259/358: 1 distinct answers proposed
Question 260/358: 0 distinct answers proposed
Question 261/358: 0 distinct answers proposed
Question 262/358: 0 distinct answers proposed
Question 263/358: 3 distinct answers proposed
Question 264/358: 1 distinct answers proposed
Question 265/358: 3 distinct answers proposed
Question 266/358: 1 distinct answers proposed
Question 267/358: 0 distinct answers proposed
Question 268/358: 0 distinct answers proposed
Question 269/358: 1 distinct answers proposed
Question 270/358: 0 distinct answers proposed
Question 271/358: 1 distinct answers proposed
Question 272/358: 0 distinct answers proposed
Question 273/358: 0 distinct answers proposed
Question 274/358: 1 distinct answers proposed
Question 275/358: 0 distinct answers proposed
Question 276/358: 1 distinct answers proposed
Question 277/358: 0 distinct answers proposed
Question 278/358: 1 distinct answers proposed
Question 279/358: 0 distinct answers proposed
Question 280/358: 0 distinct answers proposed
Question 281/358: 3 distinct answers proposed
Question 282/358: 0 distinct answers proposed
Question 283/358: 0 distinct answers proposed
Question 284/358: 0 distinct answers proposed
Question 285/358: 1 distinct answers proposed
Question 286/358: 0 distinct answers proposed
Question 287/358: 1 distinct answers proposed
Question 288/358: 0 distinct answers proposed
Question 289/358: 1 distinct answers proposed
Question 290/358: 0 distinct answers proposed
Question 291/358: 1 distinct answers proposed
Question 292/358: 0 distinct answers proposed
Question 293/358: 0 distinct answers proposed
Question 294/358: 1 distinct answers proposed
Question 295/358: 0 distinct answers proposed
Question 296/358: 1 distinct answers proposed
Question 297/358: 0 distinct answers proposed
Question 298/358: 1 distinct answers proposed
Question 299/358: 0 distinct answers proposed
Question 300/358: 1 distinct answers proposed
Question 301/358: 1 distinct answers proposed
Question 302/358: 1 distinct answers proposed
Question 303/358: 1 distinct answers proposed
Question 304/358: 1 distinct answers proposed
Question 305/358: 0 distinct answers proposed
Question 306/358: 0 distinct answers proposed
Question 307/358: 1 distinct answers proposed
Question 308/358: 0 distinct answers proposed
Question 309/358: 1 distinct answers proposed
Question 310/358: 5 distinct answers proposed
Question 311/358: 6 distinct answers proposed
Question 312/358: 1 distinct answers proposed
Question 313/358: 1 distinct answers proposed
Question 314/358: 3 distinct answers proposed
Question 315/358: 1 distinct answers proposed
Question 316/358: 0 distinct answers proposed
Question 317/358: 0 distinct answers proposed
Question 318/358: 0 distinct answers proposed
Question 319/358: 0 distinct answers proposed
Question 320/358: 1 distinct answers proposed
Question 321/358: 0 distinct answers proposed
Question 322/358: 1 distinct answers proposed
Question 323/358: 0 distinct answers proposed
Question 324/358: 0 distinct answers proposed
Question 325/358: 1 distinct answers proposed
Question 326/358: 0 distinct answers proposed
Question 327/358: 8 distinct answers proposed
Question 328/358: 6 distinct answers proposed
Question 329/358: 0 distinct answers proposed
Question 330/358: 6 distinct answers proposed
Question 331/358: 0 distinct answers proposed
Question 332/358: 10 distinct answers proposed
Question 333/358: 0 distinct answers proposed
Question 334/358: 1 distinct answers proposed
Question 335/358: 1 distinct answers proposed
Question 336/358: 7 distinct answers proposed
Question 337/358: 16 distinct answers proposed
Question 338/358: 11 distinct answers proposed
Question 339/358: 1 distinct answers proposed
Question 340/358: 0 distinct answers proposed
Question 341/358: 0 distinct answers proposed
Question 342/358: 7 distinct answers proposed
Question 343/358: 1 distinct answers proposed
Question 344/358: 14 distinct answers proposed
Question 345/358: 6 distinct answers proposed
Question 346/358: 0 distinct answers proposed
Question 347/358: 0 distinct answers proposed
Question 348/358: 0 distinct answers proposed
Question 349/358: 1 distinct answers proposed
Question 350/358: 10 distinct answers proposed
Question 351/358: 1 distinct answers proposed
Question 352/358: 0 distinct answers proposed
Question 353/358: 0 distinct answers proposed
Question 354/358: 8 distinct answers proposed
Question 355/358: 8 distinct answers proposed
Question 356/358: 0 distinct answers proposed
Question 357/358: 1 distinct answers proposed
Question 358/358: 1 distinct answers proposed
Entire finite frontier committed before independent feedback.
Starting grade
{
  "counts": {
    "accepted": 258
  },
  "unique_proved": 224,
  "retained": 217,
  "points": 85.0,
  "novel_input_routes": 79,
  "policy": {
    "train_rows": 3948,
    "held_out_rows": 1064,
    "learned_mse": 0.18306716164604386,
    "constant_mse": 0.2317461686711011,
    "selected": true,
    "target": "independently verified new-route progress",
    "epochs": 80,
    "sealed_final_used": false
  },
  "commitment": "558ba59bd29e7dacd27678c3a928383e27ad0654f5e88e53f96f325e56403d60",
  "extra_information_after_search": "Independent proof feedback now available; no new source supplied before exhaustion"
}
Starting final
{
  "selection": "537245b30e828f71f93d25fd501da92b5db34dc63db5eec7be84173912aebe92",
  "by_domain": {
    "motion_0": {
      "routes": 35,
      "correct": 4244,
      "guarded": 236,
      "wrong": 0
    },
    "motion_1": {
      "routes": 49,
      "correct": 6139,
      "guarded": 133,
      "wrong": 0
    },
    "motion_2": {
      "routes": 37,
      "correct": 4731,
      "guarded": 5,
      "wrong": 0
    },
    "polynomials": {
      "routes": 96,
      "correct": 12149,
      "guarded": 139,
      "wrong": 0
    }
  },
  "accepted": true,
  "correct": 27263,
  "cases": 27776,
  "guarded": 513,
  "wrong": 0
}
Starting audit
{
  "passed": true,
  "owner": "698f46f89de7ebc7328a3e5ef9d7345064e058614137117acd17f24e06c11b84",
  "parent_owner": "0fc25d7a2c39fd23fc33ce0112a6d1ba321870e66ead19aa1033bbdeb6babb3c",
  "unchanged_inherited_tensors": 390,
  "source_gate": false,
  "exact_restore": true,
  "repeated_credit_rejected": true,
  "same_actual_owner": true,
  "return_to_question_checks": 651,
  "records": 217,
  "questions_with_solutions": 130,
  "newly_answered_questions": 81
}
Starting integrate
{
  "admitted": true,
  "store": "runs/sera-solutions-live",
  "owner": "698f46f89de7ebc7328a3e5ef9d7345064e058614137117acd17f24e06c11b84",
  "parent_owner": "0fc25d7a2c39fd23fc33ce0112a6d1ba321870e66ead19aa1033bbdeb6babb3c",
  "records": 217,
  "newly_answered_questions": 81,
  "same_actual_owner": true
}
