{
  "owner_before": "9c20323f61c5bff4c22dd9ca3e3f00c2eaa742a4ae304f7ec990022e3ef24764",
  "owner": "55ba3e9a141297d2a9eaa902bac076e3ba0e77385362be8dc33891b84f5dc74c",
  "rows": 3948,
  "excluded_questions": 76,
  "excluded_question_ids_sha256": "59471b99b946f406c6d4d54a47e9ddb63f8bf97dcbbd46cdf38edaa3afcd168c",
  "epochs": 80,
  "learning_rate": 0.02,
  "practice_mse_before": 0.13696808510638298,
  "practice_mse_after": 0.10546252104508892,
  "changed_weights": "solution_policy only",
  "protected_tensors": 607,
  "unchanged_practical_answers": 11,
  "opened_holdout_or_final_used": false,
  "new_points_for_rehearsal": 0,
  "scheduling": "Complete all declared approaches; no policy-superiority admission inferred from practice fit",
  "corrected_credit": "879379f0bc8e087d7691eb1ee0aa5ee64e032f4c0a4b7d63712d75b71cfc0f2c",
  "training_rows": "98f55e4755e69cc2615b3e617cb07615f224d07f4e48583ace8929c131bbe128",
  "exact_restore": true
}
