{
  "owner": "a883c07bd128a5eafd3db3f16cd4a275133cda433a8b1db61bb7f1b3586795c6",
  "questions": 228,
  "domains": {
    "motion_2": 81,
    "polynomials": 42,
    "motion_1": 56,
    "motion_0": 49
  },
  "distinct_conditional_worlds": 27917,
  "independently_proved_worlds": 27917,
  "selected_trajectory_observations": 536,
  "followups": {
    "DISCRIMINATE_EXPLANATIONS": 243,
    "EXPAND_MECHANISM": 57,
    "CHALLENGE_NARROW_CONSENSUS": 171
  },
  "answered_with_portfolio": 228,
  "retained_rules": 16,
  "new_shape_points": 3.0,
  "comparison_trajectories": 1010,
  "comparison_observation_attempts": 2567,
  "selected_policy": "spread"
}
