{"domain": "polynomials", "axis": "c1", "target": "c2", "question": "1aaaf8790f467f7c612c65f76bd66179a50dd65ce5921d9c03d48bc62a133da1", "generated": 52, "candidates": 39, "survivors": 1, "followups": 1, "rules_added": 0, "points": 0.0, "omitted_mechanism": false, "seconds": 6.942389900039416}
{"domain": "motion_1", "axis": "x0", "target": "m", "question": "10d6dcd30b6d3d99ca051723f3584f7c8e6cf1741e3f0c904f12a5001d035e09", "generated": 84, "candidates": 84, "survivors": 1, "followups": 3, "rules_added": 0, "points": 0.0, "omitted_mechanism": true, "seconds": 23.56105130002834}
{"domain": "motion_2", "axis": "t", "target": "a2", "question": "42e0477a267972c0475d3df461a0eb39bc7a2f5d3a7ce0e1cc179cc7b577289e", "generated": 175, "candidates": 175, "survivors": 1, "followups": 3, "rules_added": 0, "points": 0.0, "omitted_mechanism": true, "seconds": 72.09371990000363}
{"domain": "motion_0", "axis": "x0", "target": "t", "question": "95e723a602fbadf16c3ad89abbaf75c17b7cd916804eac03e64b5ed1a9725760", "generated": 68, "candidates": 68, "survivors": 2, "followups": 3, "rules_added": 0, "points": 0.0, "omitted_mechanism": false, "seconds": 15.875973200018052}
{"domain": "motion_1", "axis": "m", "target": "a1", "question": "0a739c756f455042deb36079a052fe473e9757f1867af397e86bc137546653eb", "generated": 84, "candidates": 84, "survivors": 1, "followups": 1, "rules_added": 0, "points": 0.0, "omitted_mechanism": true, "seconds": 27.649523900006898}
{"domain": "polynomials", "axis": "c2", "target": "c1", "question": "eea8acfe4d8f213071b65e9f81f94c75efd13e61484d3024e0efdc86e71a4095", "generated": 39, "candidates": 27, "survivors": 1, "followups": 1, "rules_added": 0, "points": 0.0, "omitted_mechanism": false, "seconds": 7.153141699964181}
{"domain": "motion_2", "axis": "v0", "target": "m", "question": "39e2e62a2a05ba5c6ec90e4733712e38d829d13bc605632eea97bd9328738d05", "generated": 175, "candidates": 175, "survivors": 1, "followups": 3, "rules_added": 0, "points": 0.0, "omitted_mechanism": false, "seconds": 60.14890369999921}
{"domain": "motion_0", "axis": "x0", "target": "f", "question": "8241b192fb82b2139bd7d10c9bf7849c7cc1e39d5f7790eaf66b77dd70f89e20", "generated": 68, "candidates": 68, "survivors": 1, "followups": 1, "rules_added": 0, "points": 0.0, "omitted_mechanism": true, "seconds": 14.51947990001645}
{"domain": "motion_1", "axis": "x0", "target": "t", "question": "02159835e1967b7e54dc7f309ff2d4429ce1e55feb6d7aa6ce64ac1ff232abab", "generated": 84, "candidates": 84, "survivors": 1, "followups": 3, "rules_added": 0, "points": 0.0, "omitted_mechanism": true, "seconds": 20.48700020002434}
{"domain": "polynomials", "axis": "c2", "target": "s", "question": "bf115c8b684edae201908fdb7fe0580dbd6808892269e2a22f5e41de4d7339e0", "generated": 39, "candidates": 27, "survivors": 1, "followups": 2, "rules_added": 0, "points": 0.0, "omitted_mechanism": false, "seconds": 5.317853999964427}
{"domain": "motion_2", "axis": "v0", "target": "v", "question": "1ea488bb9c4c46f38214feabe5a175907668a99aa6ae826e07f0554ce958a486", "generated": 175, "candidates": 175, "survivors": 1, "followups": 1, "rules_added": 0, "points": 0.0, "omitted_mechanism": false, "seconds": 55.93291820003651}
{"domain": "motion_0", "axis": "t", "target": "f", "question": "77caddeeebc5c8d71c498de9cea6c3f2199a72205a9b0409b853aaad3de5015e", "generated": 68, "candidates": 68, "survivors": 1, "followups": 1, "rules_added": 0, "points": 0.0, "omitted_mechanism": true, "seconds": 18.13533300004201}
{"domain": "motion_1", "axis": "m", "target": "a0", "question": "00ee25921d8ba69cf4863633f63af6a49bd733adc13bbc663b23a768d6dfb894", "generated": 84, "candidates": 84, "survivors": 1, "followups": 3, "rules_added": 0, "points": 0.0, "omitted_mechanism": true, "seconds": 22.813737699994817}
{"domain": "polynomials", "axis": "c2", "target": "p", "question": "b4bfb86f09e46a149f961e27d080eb75b9035428223f4433e08876831c200ba6", "generated": 39, "candidates": 27, "survivors": 1, "followups": 1, "rules_added": 0, "points": 0.0, "omitted_mechanism": true, "seconds": 5.142719600000419}
{"domain": "motion_2", "axis": "t", "target": "f", "question": "1d48f175ffb89669251c592e42784343915a0b89168b54b5e25c99345a864385", "generated": 175, "candidates": 175, "survivors": 1, "followups": 1, "rules_added": 0, "points": 0.0, "omitted_mechanism": false, "seconds": 62.74606700002914}
{"domain": "motion_0", "axis": "x0", "target": "v", "question": "61f0a121f29ce5afac4763522cbcf1bbe1846c08d72abfff4bd231259a004850", "generated": 68, "candidates": 68, "survivors": 2, "followups": 2, "rules_added": 2, "points": 0.0, "omitted_mechanism": false, "seconds": 15.411739700008184}
{"domain": "motion_1", "axis": "t", "target": "x", "question": "ee6b42a552bb875b496969e211b74c7a79dd16fa54e539a8b5b451d9634ac75e", "generated": 63, "candidates": 63, "survivors": 2, "followups": 2, "rules_added": 0, "points": 0.0, "omitted_mechanism": false, "seconds": 23.547927899984643}
{"domain": "polynomials", "axis": "c2", "target": "t", "question": "3aac67114159bb0d3a138055ff6f00944a69ab900a73cede3e4f912b9f9b29b1", "generated": 39, "candidates": 27, "survivors": 1, "followups": 2, "rules_added": 0, "points": 0.0, "omitted_mechanism": false, "seconds": 4.809580900007859}
{"domain": "motion_2", "axis": "v0", "target": "x", "question": "15c20f6df9cfe6555566e78fc17dc8dd6af1711ee01320390b68cffea2296fdf", "generated": 175, "candidates": 175, "survivors": 1, "followups": 2, "rules_added": 0, "points": 0.0, "omitted_mechanism": true, "seconds": 54.923760499979835}
{"domain": "motion_0", "axis": "v0", "target": "a0", "question": "3a0aacc36f6518e28917c373714ba37ee4f4ee2a73d41db1caa4ee8d3668acf6", "generated": 68, "candidates": 68, "survivors": 2, "followups": 3, "rules_added": 0, "points": 0.0, "omitted_mechanism": false, "seconds": 17.524299399985466}
{"domain": "motion_1", "axis": "a1", "target": "a0", "question": "cdc40e773ffab26d0d8f522aaf7ea5b408e5c52e9b696ce7d12d437a96fd4fec", "generated": 63, "candidates": 63, "survivors": 1, "followups": 3, "rules_added": 0, "points": 0.0, "omitted_mechanism": false, "seconds": 19.7585076999967}
{"domain": "polynomials", "axis": "c2", "target": "c0", "question": "121603bea2dda7e389d6daa37612e362f560f0499f24fdee62083dc6b594b370", "generated": 39, "candidates": 27, "survivors": 1, "followups": 3, "rules_added": 0, "points": 0.0, "omitted_mechanism": false, "seconds": 4.836638399981894}
{"domain": "motion_2", "axis": "x0", "target": "a2", "question": "0e1c4743323c90283738a618e5f1ab035e04e8fef7bf8655a8d8706ea925f511", "generated": 175, "candidates": 175, "survivors": 1, "followups": 3, "rules_added": 0, "points": 0.0, "omitted_mechanism": false, "seconds": 61.92719539999962}
{"domain": "motion_0", "axis": "m", "target": "v", "question": "d705f277b843c8d82145be5b70c8be3f041bb559cc901858432034d7b2169ce6", "generated": 51, "candidates": 51, "survivors": 1, "followups": 1, "rules_added": 0, "points": 0.0, "omitted_mechanism": false, "seconds": 14.13198799995007}
{"domain": "motion_1", "axis": "a0", "target": "v0", "question": "cb4e180e50dbd429ce58da217311770059384b6312522c725c2549e810fbf1f1", "generated": 63, "candidates": 63, "survivors": 1, "followups": 2, "rules_added": 0, "points": 0.0, "omitted_mechanism": false, "seconds": 19.335025600041263}
{"domain": "polynomials", "axis": "c2", "target": "i", "question": "0867139594c0d2684aae0444b6eb896fa0d072f2e3bd3eca4c4973fd7e571414", "generated": 39, "candidates": 27, "survivors": 1, "followups": 1, "rules_added": 0, "points": 0.0, "omitted_mechanism": false, "seconds": 5.856075499963481}
{"domain": "motion_2", "axis": "v0", "target": "a0", "question": "0b46fd5591e0f59ba94727e16e665a413395a4f5490c9060beddc51ddccb242f", "generated": 175, "candidates": 175, "survivors": 1, "followups": 1, "rules_added": 0, "points": 0.0, "omitted_mechanism": true, "seconds": 47.5088337000343}
{"domain": "motion_0", "axis": "m", "target": "f", "question": "c7bf0f22ab2bea8ca5925850eea08d069046740d451935796ca8b649d211d796", "generated": 51, "candidates": 51, "survivors": 1, "followups": 2, "rules_added": 1, "points": 0.0, "omitted_mechanism": false, "seconds": 12.073952200007625}
{"domain": "motion_1", "axis": "a0", "target": "x0", "question": "c65bb45f13c3be6ebb330ef28e68ac62d2c78bfed9f8d793a455440b39ae9983", "generated": 63, "candidates": 63, "survivors": 2, "followups": 3, "rules_added": 0, "points": 0.0, "omitted_mechanism": false, "seconds": 15.63978720002342}
{"domain": "polynomials", "axis": "s", "target": "p", "question": "ebfc1b05adb4cc374cc1768c2a119b25740fe6b736558a2510ff67b92dfa53f6", "generated": 26, "candidates": 6, "survivors": 1, "followups": 1, "rules_added": 0, "points": 0.0, "omitted_mechanism": false, "seconds": 5.416181800013874}
{"domain": "motion_2", "axis": "x0", "target": "v0", "question": "002cb00e0261658b07068b28bbe9ed367ec812a71349184eb13f24caadbf8f58", "generated": 175, "candidates": 175, "survivors": 1, "followups": 3, "rules_added": 0, "points": 0.0, "omitted_mechanism": true, "seconds": 46.42111140000634}
{"domain": "motion_1", "axis": "f", "target": "m", "question": "b86a579dcf20e314b561e98cf76e71b779d105fe2d50a338d4be6efaa0f549de", "generated": 63, "candidates": 63, "survivors": 1, "followups": 4, "rules_added": 0, "points": 0.0, "omitted_mechanism": false, "seconds": 20.287501199985854}
{"domain": "motion_0", "axis": "m", "target": "v0", "question": "a8e06ed52d945f0ae0d493ae7d957cb605ded9d2deb8cdec029e5005131c04aa", "generated": 51, "candidates": 51, "survivors": 1, "followups": 3, "rules_added": 0, "points": 0.0, "omitted_mechanism": false, "seconds": 11.238642700016499}
{"domain": "polynomials", "axis": "s", "target": "i", "question": "ea658851a6e9d4dc0420a84d4ca85e2b2875ca7f9c4073ac866437efe5705d97", "generated": 26, "candidates": 6, "survivors": 1, "followups": 1, "rules_added": 0, "points": 0.0, "omitted_mechanism": true, "seconds": 3.5294887000345625}
{"domain": "motion_2", "axis": "m", "target": "a1", "question": "eb6f3f89ddd6e639ffbf73f66c5f3589e903696a55e6cdaf55899b4b701d01c6", "generated": 150, "candidates": 150, "survivors": 1, "followups": 2, "rules_added": 0, "points": 0.0, "omitted_mechanism": true, "seconds": 61.63369489996694}
{"domain": "motion_1", "axis": "a1", "target": "f", "question": "b4efbe26a6ff1ecb6c09700a035ba6a57a814df249fee248bc71c2ce32c97968", "generated": 63, "candidates": 63, "survivors": 1, "followups": 2, "rules_added": 0, "points": 0.0, "omitted_mechanism": false, "seconds": 17.837989299965557}
{"domain": "motion_0", "axis": "m", "target": "x", "question": "6dab8c1956d946e4471c925bef98249a6a2306cf837e85032a3f84435b036978", "generated": 51, "candidates": 51, "survivors": 2, "followups": 1, "rules_added": 0, "points": 0.0, "omitted_mechanism": true, "seconds": 13.11784759996226}
{"domain": "polynomials", "axis": "s", "target": "c0", "question": "e8d5e0665a5e71b72df78c4de647ed85b68eb05b78a5980ab1e620bf196db9cf", "generated": 26, "candidates": 6, "survivors": 1, "followups": 2, "rules_added": 0, "points": 0.0, "omitted_mechanism": false, "seconds": 1.8610299000283703}
{"domain": "motion_2", "axis": "m", "target": "t", "question": "dc09c4693010d70a2cfc630c67d337cbc35dae5e105db80e5f38fb06960ed7d1", "generated": 150, "candidates": 150, "survivors": 6, "followups": 3, "rules_added": 0, "points": 0.0, "omitted_mechanism": false, "seconds": 46.16480369999772}
{"domain": "motion_1", "axis": "a0", "target": "m", "question": "b17ef9f5dce801029d9b610fbea6f556e32d5a19515a1394c41a2cb866df9a1a", "generated": 63, "candidates": 63, "survivors": 1, "followups": 3, "rules_added": 0, "points": 0.0, "omitted_mechanism": false, "seconds": 15.516919400019106}
{"domain": "motion_0", "axis": "m", "target": "a0", "question": "66a5d353c18a22fa3aa6072db02ab9424ac3a5d982cbe06e6f1c047d7117c01b", "generated": 51, "candidates": 51, "survivors": 1, "followups": 2, "rules_added": 0, "points": 0.0, "omitted_mechanism": false, "seconds": 12.169274999992922}
{"domain": "polynomials", "axis": "s", "target": "c2", "question": "c3d4576736ba89f77cc7a800b410b05297d2fc04c3f7e7010f585685f0fb6430", "generated": 26, "candidates": 6, "survivors": 1, "followups": 2, "rules_added": 0, "points": 0.0, "omitted_mechanism": true, "seconds": 2.8972184999729507}
{"domain": "motion_2", "axis": "m", "target": "a0", "question": "d1c348037c8042d61705e47f2914c2a707640a6a3d0ff8975da998b9ab20d0c8", "generated": 150, "candidates": 150, "survivors": 1, "followups": 3, "rules_added": 0, "points": 0.0, "omitted_mechanism": true, "seconds": 47.28738059999887}
{"domain": "motion_1", "axis": "a1", "target": "v", "question": "a4132c65fc209ea3667b118ed7d1eadf8d03797a01143669697d8eb242c8b4c7", "generated": 63, "candidates": 63, "survivors": 1, "followups": 1, "rules_added": 0, "points": 0.0, "omitted_mechanism": false, "seconds": 20.334255299996585}
{"domain": "motion_0", "axis": "m", "target": "t", "question": "457b69c57a2e7d55e1247fb0b900925dab5583075d08fe1b3b4ecec4eb3585f7", "generated": 51, "candidates": 51, "survivors": 1, "followups": 2, "rules_added": 0, "points": 0.0, "omitted_mechanism": true, "seconds": 11.808049299987033}
{"domain": "polynomials", "axis": "s", "target": "c1", "question": "783e88aea65eac9c3cd4f985149ab25de27e945e4645a912383db4c5ced795bf", "generated": 26, "candidates": 6, "survivors": 1, "followups": 1, "rules_added": 0, "points": 0.0, "omitted_mechanism": false, "seconds": 2.477814199985005}
{"domain": "motion_2", "axis": "m", "target": "v", "question": "ca500a9908d10b7235792bb629f686295a5489e98219b1675a418c2c4324685b", "generated": 150, "candidates": 150, "survivors": 1, "followups": 2, "rules_added": 0, "points": 0.0, "omitted_mechanism": false, "seconds": 55.38384520000545}
{"domain": "motion_1", "axis": "t", "target": "m", "question": "98dce166a6fb91d8d02b143ed658d7eb775d87775486444e4e84d4243e00b1ab", "generated": 63, "candidates": 63, "survivors": 1, "followups": 2, "rules_added": 0, "points": 0.0, "omitted_mechanism": true, "seconds": 14.600749300036114}
{"domain": "motion_0", "axis": "m", "target": "x0", "question": "3cdeffe5e7bb395fdfe6210f54911450248141ce31b7dd1095e33d5965e7825e", "generated": 51, "candidates": 51, "survivors": 2, "followups": 2, "rules_added": 0, "points": 0.0, "omitted_mechanism": false, "seconds": 11.053032700030599}
{"domain": "polynomials", "axis": "p", "target": "s", "question": "51e99afdee4a505d62c4e34a22ef549acef50e7407c314d393b7034e6e245e7f", "generated": 26, "candidates": 24, "survivors": 1, "followups": 1, "rules_added": 0, "points": 0.0, "omitted_mechanism": true, "seconds": 6.528347300016321}
{"domain": "motion_2", "axis": "m", "target": "f", "question": "c9bd9e1b1a4a0380c0e25b092f699b2d233a8a380e229b5eeb98e45cd1e74657", "generated": 150, "candidates": 150, "survivors": 1, "followups": 2, "rules_added": 0, "points": 0.0, "omitted_mechanism": false, "seconds": 48.48628299997654}
{"domain": "motion_1", "axis": "a0", "target": "t", "question": "8ef70b615c7b4bdf3aff0021d46fe98bce5fa897659c4936b44eb3ce9b0553e1", "generated": 63, "candidates": 63, "survivors": 1, "followups": 4, "rules_added": 0, "points": 0.0, "omitted_mechanism": false, "seconds": 16.625331899966113}
{"domain": "motion_0", "axis": "a0", "target": "t", "question": "f9eaf5a94d3b258905d102c3c8dfb192b89880de6abd4d178277d2dd43de0b89", "generated": 34, "candidates": 34, "survivors": 1, "followups": 3, "rules_added": 0, "points": 0.0, "omitted_mechanism": false, "seconds": 7.830224899982568}
{"domain": "polynomials", "axis": "p", "target": "c0", "question": "0a1c261dbcb838ef17be24672f9d6f6cd78dba67b816d3b2eb34632d1f5a3d9c", "generated": 26, "candidates": 24, "survivors": 1, "followups": 2, "rules_added": 0, "points": 0.0, "omitted_mechanism": true, "seconds": 4.495868900034111}
{"domain": "motion_2", "axis": "m", "target": "x", "question": "b66e4407bd4af9ef1a06fa53c31679c3aaaeb75b6a3178c9052536bce045f950", "generated": 150, "candidates": 150, "survivors": 1, "followups": 1, "rules_added": 0, "points": 0.0, "omitted_mechanism": false, "seconds": 52.44855849997839}
{"domain": "motion_1", "axis": "f", "target": "v0", "question": "8a07a1f31355fc9c4289c7f51ca814459781c99da9bef3167381911a16751a2c", "generated": 63, "candidates": 63, "survivors": 1, "followups": 3, "rules_added": 0, "points": 0.0, "omitted_mechanism": false, "seconds": 16.142126099963207}
{"domain": "motion_0", "axis": "a0", "target": "x", "question": "c08e752eed05a9621e2f99f0cf82a92f3c8ffc589588b4835a20579365c4e1f8", "generated": 34, "candidates": 34, "survivors": 1, "followups": 2, "rules_added": 0, "points": 0.0, "omitted_mechanism": false, "seconds": 8.54263229999924}
{"domain": "polynomials", "axis": "i", "target": "s", "question": "f832d4770d78230619e834cb5b7016c916e19fed6ecb49346fc33d04f1a5265c", "generated": 13, "candidates": 12, "survivors": 1, "followups": 2, "rules_added": 0, "points": 0.0, "omitted_mechanism": false, "seconds": 3.8987902000080794}
{"domain": "motion_2", "axis": "a2", "target": "x0", "question": "ad0438ab546624c03745b015bda55c74ee61d72d7a7476117921673e8171b206", "generated": 150, "candidates": 150, "survivors": 1, "followups": 3, "rules_added": 0, "points": 0.0, "omitted_mechanism": true, "seconds": 51.60536069999216}
{"domain": "motion_1", "axis": "f", "target": "x0", "question": "6ea80f131260f7279d16dcbf2059e50e639143f85e72d1e385b2f5be0bd957f7", "generated": 63, "candidates": 63, "survivors": 1, "followups": 2, "rules_added": 0, "points": 0.0, "omitted_mechanism": true, "seconds": 16.507437599997502}
{"domain": "motion_0", "axis": "f", "target": "t", "question": "a6fffde371d89a54ef0f9bd23a5704693bcf3ca2fef17354eb45d34d82e56088", "generated": 34, "candidates": 34, "survivors": 1, "followups": 3, "rules_added": 0, "points": 0.0, "omitted_mechanism": false, "seconds": 8.991075299971271}
{"domain": "polynomials", "axis": "i", "target": "c2", "question": "092350c2554d10ebc43f4a12029f10f7fe2f102f54a0a23c85bafc5283893cdd", "generated": 13, "candidates": 12, "survivors": 1, "followups": 1, "rules_added": 0, "points": 0.0, "omitted_mechanism": true, "seconds": 3.3275648999842815}
{"domain": "motion_2", "axis": "m", "target": "x0", "question": "a968f19792a09bfbcd1a88871c1b8952e8d4cf886e8ef4b86ca661751d557c6c", "generated": 150, "candidates": 150, "survivors": 1, "followups": 2, "rules_added": 0, "points": 0.0, "omitted_mechanism": true, "seconds": 46.128653099993244}
{"domain": "motion_1", "axis": "t", "target": "v", "question": "678ec7cae2ec3e12c47989c31503cf3f42b422fb3780faaf9321415efb2b8e0d", "generated": 63, "candidates": 63, "survivors": 1, "followups": 1, "rules_added": 0, "points": 0.0, "omitted_mechanism": true, "seconds": 17.835974799992982}
{"domain": "motion_0", "axis": "a0", "target": "m", "question": "992c4987ba5117e62701d0f56a8b09e8f9e038f2362ae54c7345b1c0585c6112", "generated": 34, "candidates": 34, "survivors": 2, "followups": 1, "rules_added": 1, "points": 1.0, "omitted_mechanism": true, "seconds": 7.746272100019269}
{"domain": "polynomials", "axis": "i", "target": "c0", "question": "08920ce34efe6339a1013b852c0de99adfea3e52f46336cf53a014c2369c88eb", "generated": 13, "candidates": 12, "survivors": 1, "followups": 2, "rules_added": 0, "points": 0.0, "omitted_mechanism": false, "seconds": 2.661336399964057}
{"domain": "motion_2", "axis": "a2", "target": "t", "question": "8401c1b7b4e0506a48b786b90b8d467823132d62bba16cd7c4f2054024eb37f5", "generated": 150, "candidates": 150, "survivors": 1, "followups": 3, "rules_added": 0, "points": 0.0, "omitted_mechanism": false, "seconds": 40.279741500038654}
{"domain": "motion_1", "axis": "t", "target": "f", "question": "65aaf1eae953b759baf9269182224c0d74ed5cdafec522f5dcebd5122a460f0c", "generated": 63, "candidates": 63, "survivors": 1, "followups": 1, "rules_added": 0, "points": 0.0, "omitted_mechanism": false, "seconds": 15.956252600008156}
{"domain": "motion_0", "axis": "a0", "target": "f", "question": "9752f0675ec3c68c7742b907aec1af624af98b4b7326d62e329f80375a3725c4", "generated": 34, "candidates": 34, "survivors": 1, "followups": 2, "rules_added": 0, "points": 0.0, "omitted_mechanism": false, "seconds": 7.62871710001491}
{"domain": "motion_2", "axis": "a2", "target": "v0", "question": "69afeab57c963fbf0f714d0e0730a2107a409915111ccc267bd99296b7f5108a", "generated": 150, "candidates": 150, "survivors": 1, "followups": 3, "rules_added": 0, "points": 0.0, "omitted_mechanism": false, "seconds": 41.991377600003034}
{"domain": "motion_1", "axis": "a1", "target": "v0", "question": "63657765a38438a673428fec764ded490521e86e1ca5b62474a31d7aa7fe3ce5", "generated": 63, "candidates": 63, "survivors": 1, "followups": 3, "rules_added": 0, "points": 0.0, "omitted_mechanism": false, "seconds": 16.599321599991526}
{"domain": "motion_0", "axis": "f", "target": "x", "question": "645d96f2c808c7d073bfe16b4ae7c95854ad70eef4c13faa1dafc30d9fcd5295", "generated": 34, "candidates": 34, "survivors": 1, "followups": 1, "rules_added": 0, "points": 0.0, "omitted_mechanism": false, "seconds": 8.636200000008103}
{"domain": "motion_2", "axis": "a2", "target": "v", "question": "444d32456a696a0def9a6ead39040156f48fb2cd330acbc3bd4cb898d47ab3b1", "generated": 150, "candidates": 150, "survivors": 1, "followups": 2, "rules_added": 0, "points": 0.0, "omitted_mechanism": false, "seconds": 50.09124470001552}
{"domain": "motion_1", "axis": "t", "target": "a0", "question": "5ccdffda0b4db422bb6f763e64933c60e6a678a00ad19bfa3c3cdec5138f1dc5", "generated": 63, "candidates": 63, "survivors": 1, "followups": 3, "rules_added": 1, "points": 0.0, "omitted_mechanism": false, "seconds": 16.153290099988226}
{"domain": "motion_0", "axis": "a0", "target": "x0", "question": "5f71f311cabcb071029cfccf04d454155f1d72de4ca7af2aaf6da84c3962801e", "generated": 34, "candidates": 34, "survivors": 1, "followups": 3, "rules_added": 0, "points": 0.0, "omitted_mechanism": true, "seconds": 7.154390999989118}
{"domain": "motion_2", "axis": "a2", "target": "m", "question": "2ce838673bbfbccee8f2db26984fbc5b1b6b6fd6c2bcfb84140eb1c189079346", "generated": 150, "candidates": 150, "survivors": 1, "followups": 1, "rules_added": 0, "points": 0.0, "omitted_mechanism": false, "seconds": 41.40447350003524}
{"domain": "motion_1", "axis": "a0", "target": "x", "question": "55f00ba68379765f8d98c568812d61835fed82c1c1e56dd3465236563529a290", "generated": 63, "candidates": 63, "survivors": 1, "followups": 1, "rules_added": 0, "points": 0.0, "omitted_mechanism": true, "seconds": 22.032972600020003}
{"domain": "motion_0", "axis": "f", "target": "v0", "question": "4ddab24d474eec199891cbc7aba85119b0a0fc528eeb794eb3fb72e1190792c2", "generated": 34, "candidates": 34, "survivors": 2, "followups": 2, "rules_added": 0, "points": 0.0, "omitted_mechanism": false, "seconds": 8.597311399993487}
{"domain": "motion_2", "axis": "a2", "target": "f", "question": "29c9b93e3d9a380a00de4acede500f165388d8960275f470a63e2bf6e92ecaab", "generated": 150, "candidates": 150, "survivors": 1, "followups": 2, "rules_added": 0, "points": 0.0, "omitted_mechanism": false, "seconds": 49.47124849999091}
{"domain": "motion_1", "axis": "t", "target": "x0", "question": "415ec2362137e2dfa218470a0e4ebe38398d74f017f38125209c6512a36ef97d", "generated": 63, "candidates": 63, "survivors": 1, "followups": 2, "rules_added": 0, "points": 0.0, "omitted_mechanism": false, "seconds": 15.374490799964406}
{"domain": "motion_0", "axis": "f", "target": "v", "question": "2714ef5eacfccad3a8c04d5369b745e3c306ff77b38cf841be9ee1a3e78d92fc", "generated": 34, "candidates": 34, "survivors": 1, "followups": 1, "rules_added": 0, "points": 0.0, "omitted_mechanism": false, "seconds": 8.173147599969525}
{"domain": "motion_2", "axis": "a2", "target": "a1", "question": "003e89af0a90c8cede48d18ebbac5c56ff229922fe44b7eb1c0d6588f2d52189", "generated": 150, "candidates": 150, "survivors": 1, "followups": 2, "rules_added": 0, "points": 0.0, "omitted_mechanism": false, "seconds": 44.77539980004076}
{"domain": "motion_1", "axis": "t", "target": "a1", "question": "380e32d5f6aae65244c633aa4552efdc400cc6f6887e7013ec1b7ebb0905289a", "generated": 63, "candidates": 63, "survivors": 1, "followups": 3, "rules_added": 1, "points": 1.0, "omitted_mechanism": false, "seconds": 16.652507999970112}
{"domain": "motion_0", "axis": "f", "target": "x0", "question": "2194f22164d44e66c5f1ebb55a7f61bdcbb9930f8217c48599d386f68e0b4540", "generated": 34, "candidates": 34, "survivors": 1, "followups": 2, "rules_added": 0, "points": 0.0, "omitted_mechanism": true, "seconds": 7.9594373999862}
{"domain": "motion_2", "axis": "a1", "target": "m", "question": "fc5e3727a617f54c9da8f7c514b9ffbf75af2999fa6347502107d8c7cbc04449", "generated": 125, "candidates": 125, "survivors": 1, "followups": 2, "rules_added": 0, "points": 0.0, "omitted_mechanism": true, "seconds": 46.72715190000599}
{"domain": "motion_1", "axis": "a1", "target": "x0", "question": "26a99a1735618964a4143575e707fc0b957dbecfa1701a1f33bdd70f863e8a26", "generated": 63, "candidates": 63, "survivors": 1, "followups": 2, "rules_added": 0, "points": 0.0, "omitted_mechanism": true, "seconds": 16.68998810002813}
{"domain": "motion_0", "axis": "x", "target": "v", "question": "c742fc9e932c65d8d6d06de83987621e691b3ef2d862ba409eda68a10adbf289", "generated": 17, "candidates": 17, "survivors": 1, "followups": 1, "rules_added": 0, "points": 0.0, "omitted_mechanism": false, "seconds": 5.6850135999848135}
{"domain": "motion_2", "axis": "a1", "target": "t", "question": "fac4fb62c140dc57dd5079475cd517b1cb3b3452c5ed85490eb7e5dd2cd713a6", "generated": 125, "candidates": 125, "survivors": 1, "followups": 2, "rules_added": 0, "points": 0.0, "omitted_mechanism": false, "seconds": 39.54426549997879}
{"domain": "motion_1", "axis": "f", "target": "a0", "question": "1ecfc1a5b4e54557d8cde0190b77e26e16b4fb6a07e95ef4d41dd99e3f053f64", "generated": 63, "candidates": 63, "survivors": 1, "followups": 2, "rules_added": 0, "points": 0.0, "omitted_mechanism": false, "seconds": 20.106249399948865}
{"domain": "motion_0", "axis": "x", "target": "f", "question": "c59f2fd759d419541b594bc97ec48e9451cc1e4bcef8747c47374f1ae93f1820", "generated": 17, "candidates": 17, "survivors": 1, "followups": 1, "rules_added": 0, "points": 0.0, "omitted_mechanism": false, "seconds": 5.504560200031847}
{"domain": "motion_2", "axis": "a0", "target": "v0", "question": "e35b806f4e42ee8a7324e0048cd989d0a466e5aba076cc437e59ccaf4070909c", "generated": 125, "candidates": 125, "survivors": 1, "followups": 3, "rules_added": 0, "points": 0.0, "omitted_mechanism": true, "seconds": 46.8601327999495}
{"domain": "motion_1", "axis": "a1", "target": "t", "question": "101680a192d86a523ec332e5df30e557066dd48a21df4ffaff45f9d8bd17ee96", "generated": 63, "candidates": 63, "survivors": 1, "followups": 2, "rules_added": 0, "points": 0.0, "omitted_mechanism": false, "seconds": 18.518501000013202}
{"domain": "motion_0", "axis": "x", "target": "v0", "question": "6d98758fb632e4325d48330b369e3a393772dc96def83180d90e4e06fc5d684b", "generated": 17, "candidates": 17, "survivors": 1, "followups": 2, "rules_added": 0, "points": 0.0, "omitted_mechanism": false, "seconds": 4.686391499999445}
{"domain": "motion_2", "axis": "a0", "target": "f", "question": "d7a669aa53d71aa2ac690e93a9f2d8fd603ad8aec8b332826439608d50f944fc", "generated": 125, "candidates": 125, "survivors": 1, "followups": 1, "rules_added": 0, "points": 0.0, "omitted_mechanism": false, "seconds": 39.34427349996986}
{"domain": "motion_1", "axis": "a0", "target": "a1", "question": "10004aaaeea7eff18bc55d0e84957ad3afcc508cff44a56891a45d24e0090356", "generated": 63, "candidates": 63, "survivors": 1, "followups": 2, "rules_added": 0, "points": 0.0, "omitted_mechanism": true, "seconds": 17.94040900003165}
{"domain": "motion_0", "axis": "x", "target": "t", "question": "4189d19ed463b96929d39e63661c943a2738e408bacb1dc9fbb29ed2d4f89e67", "generated": 17, "candidates": 17, "survivors": 1, "followups": 2, "rules_added": 0, "points": 0.0, "omitted_mechanism": false, "seconds": 4.356310500006657}
{"domain": "motion_2", "axis": "a1", "target": "f", "question": "c78fafc34d752b01066d0d6cb5b4cf3334003b8564994595d995bec99f38bc4b", "generated": 125, "candidates": 125, "survivors": 1, "followups": 1, "rules_added": 0, "points": 0.0, "omitted_mechanism": false, "seconds": 38.86193729995284}
{"domain": "motion_2", "axis": "a0", "target": "m", "question": "c22a22edd65cdb873060cc99f503b5b96754c164055b12f8d4dd6db3fb285232", "generated": 125, "candidates": 125, "survivors": 1, "followups": 3, "rules_added": 0, "points": 0.0, "omitted_mechanism": true, "seconds": 39.5495712000411}
{"domain": "motion_2", "axis": "a0", "target": "a1", "question": "b101547fc7275f4a2a3dd59e71c1b29bef80f25ed5d1d1d7fe9a323c611189d3", "generated": 125, "candidates": 125, "survivors": 1, "followups": 3, "rules_added": 0, "points": 0.0, "omitted_mechanism": false, "seconds": 41.04348250001203}
{"domain": "motion_2", "axis": "a0", "target": "x0", "question": "a46f905ac5d275643b28cd2813ef4387d1a5572b23e796614b6402ddd3457758", "generated": 125, "candidates": 125, "survivors": 1, "followups": 3, "rules_added": 0, "points": 0.0, "omitted_mechanism": false, "seconds": 41.225018900004216}
{"domain": "motion_2", "axis": "a1", "target": "x0", "question": "a0671513555d82b486f1735c6b93bd9e90f40707a543e4abe98de499cd7c404c", "generated": 125, "candidates": 125, "survivors": 1, "followups": 3, "rules_added": 0, "points": 0.0, "omitted_mechanism": false, "seconds": 36.31863979995251}
{"domain": "motion_2", "axis": "a1", "target": "v0", "question": "6e7c7ffb58b6041aceea520c59fc07b58097171fd626e3d00224d7169e7ea040", "generated": 125, "candidates": 125, "survivors": 1, "followups": 2, "rules_added": 0, "points": 0.0, "omitted_mechanism": true, "seconds": 34.82652900001267}
{"domain": "motion_2", "axis": "a0", "target": "t", "question": "67b5e4f3ce7980c4817ff6da55a02794264894b7aa9034c92c8f3b1641b397f6", "generated": 125, "candidates": 125, "survivors": 1, "followups": 4, "rules_added": 0, "points": 0.0, "omitted_mechanism": true, "seconds": 37.19567879999522}
{"domain": "motion_2", "axis": "a1", "target": "x", "question": "372f54721f0cecc4345358cb16ee4ac3a45629e62967ace707e59ef254e0f541", "generated": 125, "candidates": 125, "survivors": 1, "followups": 2, "rules_added": 0, "points": 0.0, "omitted_mechanism": false, "seconds": 42.520285599981435}
{"domain": "motion_2", "axis": "a0", "target": "x", "question": "286dc2ad947ed81725f51d48d4610c740464b533e4abe518517d871f7fc72a25", "generated": 125, "candidates": 125, "survivors": 1, "followups": 2, "rules_added": 0, "points": 0.0, "omitted_mechanism": false, "seconds": 45.24079740000889}
{"domain": "motion_2", "axis": "a1", "target": "a0", "question": "08c7f34ddbac4dc18a59ba77facfaa61e3b8a7c1b19547390a2264e04295f64d", "generated": 125, "candidates": 125, "survivors": 1, "followups": 3, "rules_added": 0, "points": 0.0, "omitted_mechanism": false, "seconds": 40.6437869000365}
{"domain": "motion_2", "axis": "f", "target": "a1", "question": "fe18a1e2b09a3dada8979b24b5516769f5ef93b4ee3b1c7e502a5b21d6a7f626", "generated": 100, "candidates": 100, "survivors": 1, "followups": 2, "rules_added": 0, "points": 0.0, "omitted_mechanism": true, "seconds": 37.4803812999744}
{"domain": "motion_2", "axis": "f", "target": "m", "question": "d5ccc0f7b0e272828daad9c8107a65130d1cf09a092ddba3f777170cd4699020", "generated": 100, "candidates": 100, "survivors": 1, "followups": 2, "rules_added": 0, "points": 0.0, "omitted_mechanism": true, "seconds": 32.048569999984466}
{"domain": "motion_2", "axis": "f", "target": "v0", "question": "c17b7dad90fe35341467577663f45d7bcb5856f777b87fbc75928f41dd623a9b", "generated": 100, "candidates": 100, "survivors": 1, "followups": 3, "rules_added": 0, "points": 0.0, "omitted_mechanism": false, "seconds": 28.632389300037175}
{"domain": "motion_2", "axis": "f", "target": "a2", "question": "85c6563ecfc799e2632da8cc3c481967091ad763110dd96e55da0e6b9f0ecd29", "generated": 100, "candidates": 100, "survivors": 1, "followups": 1, "rules_added": 0, "points": 0.0, "omitted_mechanism": false, "seconds": 29.0207231999957}
{"domain": "motion_2", "axis": "f", "target": "t", "question": "460cd25d20112a43eab4cd97ef8b6f7cde53ce430eb8d4221c605e31ab559d90", "generated": 100, "candidates": 100, "survivors": 1, "followups": 2, "rules_added": 0, "points": 0.0, "omitted_mechanism": false, "seconds": 29.176610700029414}
{"domain": "motion_2", "axis": "f", "target": "x", "question": "3e78c617b8e23ffa728acc1e7f9c3d2a0f3dba7f1e845c295f8f4bfb99265a16", "generated": 100, "candidates": 100, "survivors": 1, "followups": 1, "rules_added": 0, "points": 0.0, "omitted_mechanism": false, "seconds": 34.6723746000207}
{"domain": "motion_2", "axis": "f", "target": "v", "question": "25224a751cfd4cbab1bff6edd49675fc3bfd7304f71b3b228bddf8823c2164ad", "generated": 100, "candidates": 100, "survivors": 1, "followups": 1, "rules_added": 0, "points": 0.0, "omitted_mechanism": false, "seconds": 33.44685109995771}
{"domain": "motion_2", "axis": "x", "target": "t", "question": "c84b853f51d0cfed473246abea0ea54260713222033ef709b9cb2f40b90f3b4a", "generated": 50, "candidates": 50, "survivors": 1, "followups": 2, "rules_added": 0, "points": 0.0, "omitted_mechanism": false, "seconds": 20.589766399993096}
{"domain": "motion_2", "axis": "x", "target": "a2", "question": "a0eefbd1e6c965af4b3fad476f746ddc00e87990c3200f36b5362f120b0ba337", "generated": 50, "candidates": 50, "survivors": 1, "followups": 3, "rules_added": 0, "points": 0.0, "omitted_mechanism": false, "seconds": 14.583637800009456}
{"domain": "motion_2", "axis": "x", "target": "x0", "question": "9038314198291227741565942578989e34f2a4cb0ff96ef62a4d5841b01c8a62", "generated": 50, "candidates": 50, "survivors": 1, "followups": 3, "rules_added": 0, "points": 0.0, "omitted_mechanism": false, "seconds": 15.292529699974693}
{"domain": "motion_2", "axis": "x", "target": "a1", "question": "49501a0b04545fa25361f27f1d31084c7b4dedad3dd4d58cfdc6fc76724c12b8", "generated": 50, "candidates": 50, "survivors": 1, "followups": 1, "rules_added": 0, "points": 0.0, "omitted_mechanism": false, "seconds": 17.73779400001513}
{"domain": "motion_2", "axis": "x", "target": "a0", "question": "3290a7910937c9673c16da9b134edaffea9f3305c2b760d1693eface71f002ab", "generated": 50, "candidates": 50, "survivors": 1, "followups": 1, "rules_added": 0, "points": 0.0, "omitted_mechanism": false, "seconds": 17.403991499973927}
{"domain": "motion_2", "axis": "x", "target": "v0", "question": "1694d037fbb7401d0a196f9bb851ec5e9a799304464565b7c19a6e9fdcb05973", "generated": 50, "candidates": 50, "survivors": 1, "followups": 3, "rules_added": 0, "points": 0.0, "omitted_mechanism": false, "seconds": 14.871470899961423}
{"domain": "motion_2", "axis": "x", "target": "v", "question": "0519cda565cf94fd29a40f115cd92c6c438690bbfe5736bde5df005ee1c3699b", "generated": 50, "candidates": 50, "survivors": 1, "followups": 1, "rules_added": 0, "points": 0.0, "omitted_mechanism": false, "seconds": 20.270692299993243}
{"domain": "motion_2", "axis": "x", "target": "m", "question": "02f8799f8bc9bbf321ca75da544249a59fd0f911942b89f2ec7e25944edac146", "generated": 50, "candidates": 50, "survivors": 1, "followups": 2, "rules_added": 0, "points": 0.0, "omitted_mechanism": false, "seconds": 14.517056299955584}
{
  "phase": "final",
  "questions": 171,
  "owner": "a883c07bd128a5eafd3db3f16cd4a275133cda433a8b1db61bb7f1b3586795c6",
  "rules": 16,
  "points": 3.0,
  "comparison": {
    "balanced": {
      "questions": 171,
      "cases": 1227,
      "covered": 1227,
      "correct_consensus": 1227,
      "wrong_consensus": 0,
      "observations": 483,
      "expanded": 171,
      "unresolved": 0,
      "mean_normalized_error": 0.0
    },
    "entropy": {
      "questions": 171,
      "cases": 1227,
      "covered": 1227,
      "correct_consensus": 1227,
      "wrong_consensus": 0,
      "observations": 433,
      "expanded": 171,
      "unresolved": 0,
      "mean_normalized_error": 0.0
    },
    "learned": {
      "questions": 171,
      "cases": 1227,
      "covered": 1227,
      "correct_consensus": 1227,
      "wrong_consensus": 0,
      "observations": 442,
      "expanded": 171,
      "unresolved": 0,
      "mean_normalized_error": 0.0
    },
    "random": {
      "questions": 171,
      "cases": 1227,
      "covered": 1227,
      "correct_consensus": 1227,
      "wrong_consensus": 0,
      "observations": 464,
      "expanded": 171,
      "unresolved": 0,
      "mean_normalized_error": 0.0
    },
    "spread": {
      "questions": 171,
      "cases": 1227,
      "covered": 1227,
      "correct_consensus": 1227,
      "wrong_consensus": 0,
      "observations": 401,
      "expanded": 171,
      "unresolved": 0,
      "mean_normalized_error": 0.0
    }
  },
  "policy_weights": [
    0.04350792486201149,
    0.4495839979384383,
    -0.21214222897975327,
    -0.9460698401803795,
    1.5197174569992715,
    -0.07995638582591721,
    -0.10079940268011536,
    -1.0125183551569157
  ],
  "source": "abc403bcadb89ff861bb707bb87c2f77b3c7e35fbee2915647c8d487dfd2e734"
}
