{"domain": "motion_2", "axis": "x0", "target": "a1", "question": "e36f304fb7cc3a422d0ee7c66d8a1412bd4ddc1949c7685ae2ce770e9c07af01", "generated": 175, "candidates": 175, "survivors": 1, "followups": 5, "rules_added": 0, "points": 0.0, "omitted_mechanism": true, "seconds": 62.26736900000833}
{"domain": "polynomials", "axis": "t", "target": "i", "question": "e25dd73f8d622dc949eb6a3ccd173c6b7f1d44c3d11781030d8bbc5ff2eb8d66", "generated": 78, "candidates": 78, "survivors": 1, "followups": 1, "rules_added": 0, "points": 0.0, "omitted_mechanism": false, "seconds": 22.059983799990732}
{"domain": "motion_0", "axis": "x0", "target": "m", "question": "f68a2619a78f0c6b8945b8c748ec3d7eb9435c24d6013c5dccc85dde63515ea7", "generated": 68, "candidates": 68, "survivors": 3, "followups": 2, "rules_added": 1, "points": 0.0, "omitted_mechanism": false, "seconds": 15.067372400022577}
{"domain": "motion_1", "axis": "m", "target": "x0", "question": "ec592383d1d973507c907b2859b7626a16730c75975feb41bd522a61561494de", "generated": 84, "candidates": 84, "survivors": 1, "followups": 2, "rules_added": 0, "points": 0.0, "omitted_mechanism": true, "seconds": 25.899415599997155}
{"domain": "motion_2", "axis": "t", "target": "m", "question": "e0d1657bc4cf7b3769e8936227832a3fe9fcdbbf719f2912c06406ee9fe8a5be", "generated": 175, "candidates": 175, "survivors": 1, "followups": 3, "rules_added": 0, "points": 0.0, "omitted_mechanism": false, "seconds": 68.02738370001316}
{"domain": "polynomials", "axis": "c0", "target": "t", "question": "d711fc413a99ec36f8a8380cee484c783ed3e8a9ff5833c2606eff3835a368c1", "generated": 78, "candidates": 52, "survivors": 1, "followups": 2, "rules_added": 0, "points": 0.0, "omitted_mechanism": false, "seconds": 13.747016499983147}
{"domain": "motion_0", "axis": "x0", "target": "a0", "question": "eca4669a713e51e1281a2f84e861f8aae61178c0ecfea3892ad0230952670339", "generated": 68, "candidates": 68, "survivors": 3, "followups": 2, "rules_added": 1, "points": 0.0, "omitted_mechanism": false, "seconds": 13.458978500042576}
{"domain": "motion_1", "axis": "x0", "target": "v", "question": "dc729b3ea03fc5ee1e92fb48a604384a10e4596bb998e9554c6fb6260860c8bf", "generated": 84, "candidates": 84, "survivors": 1, "followups": 2, "rules_added": 0, "points": 0.0, "omitted_mechanism": false, "seconds": 25.829885000013746}
{"domain": "motion_2", "axis": "v0", "target": "x0", "question": "d800574dae0a933ff22e850aade5340f07b0d48f4b996e6163f32b475c5b8de4", "generated": 175, "candidates": 175, "survivors": 5, "followups": 2, "rules_added": 0, "points": 0.0, "omitted_mechanism": false, "seconds": 53.514042900002096}
{"domain": "polynomials", "axis": "t", "target": "p", "question": "c402ca9db6ec635bfcd197f0221d82c1d43a576efab1ee4dfe031153489371ac", "generated": 78, "candidates": 78, "survivors": 1, "followups": 1, "rules_added": 0, "points": 0.0, "omitted_mechanism": false, "seconds": 16.8631744000013}
{"domain": "motion_0", "axis": "v0", "target": "x0", "question": "ea872ba6372b71a8370059ef2974b8a8a2f19207987d5bc28a8c343d122a7e95", "generated": 68, "candidates": 68, "survivors": 3, "followups": 3, "rules_added": 0, "points": 0.0, "omitted_mechanism": false, "seconds": 15.479764399991836}
{"domain": "motion_1", "axis": "m", "target": "v", "question": "baa3f43129b0120438c72e0a344a6a082fcc3c8aa0f185dd3367e9806b66eed3", "generated": 84, "candidates": 84, "survivors": 1, "followups": 1, "rules_added": 0, "points": 0.0, "omitted_mechanism": false, "seconds": 26.482728700037114}
{"domain": "motion_2", "axis": "t", "target": "a1", "question": "c7fe294e921b1e56085633503152f3764c14542e45a79965e06caf9eb95b76f8", "generated": 175, "candidates": 175, "survivors": 1, "followups": 3, "rules_added": 0, "points": 0.0, "omitted_mechanism": false, "seconds": 59.08512599999085}
{"domain": "polynomials", "axis": "t", "target": "c0", "question": "bf6dc95e5e50c80d9568b46893ab3cfbbac0102ed2a1e8fa1eb25b4bb3d18adb", "generated": 78, "candidates": 78, "survivors": 1, "followups": 2, "rules_added": 0, "points": 0.0, "omitted_mechanism": true, "seconds": 11.664855199982412}
{"domain": "motion_0", "axis": "t", "target": "m", "question": "ea191762462323bcd901473ad8c0971f61f87ae4974ff22b98b700cb730559b3", "generated": 68, "candidates": 68, "survivors": 2, "followups": 2, "rules_added": 1, "points": 1.0, "omitted_mechanism": true, "seconds": 16.183876499999315}
{"domain": "motion_1", "axis": "v0", "target": "a1", "question": "b4bf6f819c3eb3e08cf3b6150c3d9726a7fe3f427f20072edf86c3fa104ed178", "generated": 84, "candidates": 84, "survivors": 2, "followups": 2, "rules_added": 1, "points": 0.0, "omitted_mechanism": false, "seconds": 23.63507830002345}
{"domain": "motion_2", "axis": "x0", "target": "a0", "question": "c7d08b433cb847c4de459a1feba7a28533239383f6975600eb1e1448f4b0ae47", "generated": 175, "candidates": 175, "survivors": 1, "followups": 2, "rules_added": 0, "points": 0.0, "omitted_mechanism": false, "seconds": 49.731088700005785}
{"domain": "polynomials", "axis": "c0", "target": "s", "question": "54f81c69ba999cd0cbf25bfadf42f4412ada81426e23058ffa67baf1498f1612", "generated": 78, "candidates": 52, "survivors": 1, "followups": 3, "rules_added": 0, "points": 0.0, "omitted_mechanism": true, "seconds": 12.04911700001685}
{"domain": "motion_0", "axis": "v0", "target": "x", "question": "e934d54b9d547b7dbf269fd59a4fbcb48cedc56d166652817ad305c5b720bb8f", "generated": 68, "candidates": 68, "survivors": 1, "followups": 2, "rules_added": 0, "points": 0.0, "omitted_mechanism": false, "seconds": 14.889659799984656}
{"domain": "motion_1", "axis": "v0", "target": "f", "question": "90d80f2317efbd9c631f8c228162c68d925aa2d681ccf8aeafe389c9e763600c", "generated": 84, "candidates": 84, "survivors": 1, "followups": 2, "rules_added": 0, "points": 0.0, "omitted_mechanism": false, "seconds": 20.486142300011124}
{"domain": "motion_2", "axis": "t", "target": "a0", "question": "c57e689daff335936b9c3071c10838e48a6a688f02241e1e9456d2a242bc1054", "generated": 175, "candidates": 175, "survivors": 1, "followups": 2, "rules_added": 0, "points": 0.0, "omitted_mechanism": false, "seconds": 56.31312030000845}
{"domain": "polynomials", "axis": "t", "target": "c1", "question": "52fc0daee4cf1437d2d7af0fb35a778caeabf37a2a303f8c6859554b8a4d9e99", "generated": 78, "candidates": 78, "survivors": 1, "followups": 2, "rules_added": 0, "points": 0.0, "omitted_mechanism": true, "seconds": 14.575912599975709}
{"domain": "motion_0", "axis": "x0", "target": "v0", "question": "ddd3073fda41d94779b1f7cae4e456b419895d890521aaf7663398e7c1345132", "generated": 68, "candidates": 68, "survivors": 1, "followups": 2, "rules_added": 0, "points": 0.0, "omitted_mechanism": false, "seconds": 14.312196400016546}
{"domain": "motion_1", "axis": "m", "target": "f", "question": "74999185c7bd38dad549c868de92b447db6c0d1fb21ef42372cdaa194947645c", "generated": 84, "candidates": 84, "survivors": 1, "followups": 2, "rules_added": 0, "points": 0.0, "omitted_mechanism": false, "seconds": 22.618766999978106}
{"domain": "motion_2", "axis": "v0", "target": "t", "question": "bd39e5e31e33c968a5b4d98debb04aa2c5ec520354380b6e4153ff1d94040fb5", "generated": 175, "candidates": 175, "survivors": 2, "followups": 4, "rules_added": 0, "points": 0.0, "omitted_mechanism": true, "seconds": 46.6319943999988}
{"domain": "polynomials", "axis": "c0", "target": "c2", "question": "28b3be4b4ad503023662fe60b8e31ed02eefdd5f4cbacbb59e61f42574383fea", "generated": 78, "candidates": 52, "survivors": 1, "followups": 1, "rules_added": 0, "points": 0.0, "omitted_mechanism": false, "seconds": 11.738503100001253}
{"domain": "motion_0", "axis": "x0", "target": "x", "question": "daf221e588768da4d2259b96aae50791be1d6ac80cec9482bf798bb6086bc6cd", "generated": 68, "candidates": 68, "survivors": 2, "followups": 2, "rules_added": 0, "points": 0.0, "omitted_mechanism": false, "seconds": 16.046699500002433}
{"domain": "motion_1", "axis": "m", "target": "t", "question": "6cd795815ac597f64b260a924096aa29c1cfcd8cb036b140ea6a8a3f4b9a6da2", "generated": 84, "candidates": 84, "survivors": 1, "followups": 2, "rules_added": 0, "points": 0.0, "omitted_mechanism": false, "seconds": 22.51875280000968}
{"domain": "motion_2", "axis": "x0", "target": "v", "question": "a02efa214441685553405ef9eb38a240cc5b0efb3029ee335aa160657d98c0b1", "generated": 175, "candidates": 175, "survivors": 1, "followups": 1, "rules_added": 0, "points": 0.0, "omitted_mechanism": false, "seconds": 57.81299790000776}
{"domain": "polynomials", "axis": "c0", "target": "p", "question": "281e3b2eb8ccc37c40a6aead54e075d16c8e54ebbc40b96b255d735b8d23f916", "generated": 78, "candidates": 52, "survivors": 1, "followups": 1, "rules_added": 0, "points": 0.0, "omitted_mechanism": false, "seconds": 12.416409600002225}
{"domain": "motion_0", "axis": "t", "target": "v0", "question": "d195a06effb9d8830a7dc04cdba195f02f1a3a71811ccc4bf2abc0b231cebb10", "generated": 68, "candidates": 68, "survivors": 3, "followups": 3, "rules_added": 0, "points": 0.0, "omitted_mechanism": false, "seconds": 14.896680199948605}
{"domain": "motion_1", "axis": "v0", "target": "x0", "question": "6973c2af7e9024e414671c334cffb6d1bb10378ca0173a3995fb0871d75f17d4", "generated": 84, "candidates": 84, "survivors": 1, "followups": 2, "rules_added": 0, "points": 0.0, "omitted_mechanism": true, "seconds": 19.820009400020353}
{"domain": "motion_2", "axis": "t", "target": "x", "question": "9d56226b4a03fcdef170001d3623b691862ffb0c24906994fbc7d85d6a0bbcf4", "generated": 175, "candidates": 175, "survivors": 1, "followups": 1, "rules_added": 0, "points": 0.0, "omitted_mechanism": false, "seconds": 69.09406950004632}
{"domain": "polynomials", "axis": "c0", "target": "c1", "question": "0dc885093c170d37203c9bc86d16bcccff6bfcb524ac6c211af81103131a5566", "generated": 78, "candidates": 52, "survivors": 1, "followups": 1, "rules_added": 0, "points": 0.0, "omitted_mechanism": false, "seconds": 12.050783600017894}
{"domain": "motion_0", "axis": "t", "target": "x0", "question": "cc58082917dff6c64ce89e735718d4c102728ba1666834e0c080e4b84515892a", "generated": 68, "candidates": 68, "survivors": 3, "followups": 2, "rules_added": 0, "points": 0.0, "omitted_mechanism": true, "seconds": 15.579145000025164}
{"domain": "motion_1", "axis": "v0", "target": "x", "question": "679709fd89e63ff1edc59933b30880c55755ad2a6b38cdbbbad24f0447583e5b", "generated": 84, "candidates": 84, "survivors": 1, "followups": 2, "rules_added": 0, "points": 0.0, "omitted_mechanism": false, "seconds": 26.63254900003085}
{"domain": "motion_2", "axis": "t", "target": "v", "question": "6f2f7ddad5e6358afcd1c7a522afad5924ed48fb93d92e67f8dd185a37262a90", "generated": 175, "candidates": 175, "survivors": 1, "followups": 1, "rules_added": 0, "points": 0.0, "omitted_mechanism": false, "seconds": 75.52296929998556}
{"domain": "polynomials", "axis": "c1", "target": "p", "question": "f22108b538c19f87eb89d802fb4cac7cd16849382b51d671874e4fcd8f694eab", "generated": 52, "candidates": 39, "survivors": 1, "followups": 1, "rules_added": 0, "points": 0.0, "omitted_mechanism": true, "seconds": 11.060738199972548}
{"domain": "motion_0", "axis": "v0", "target": "f", "question": "b3bd39567236430075b175d9938607b5e9cfc22931ebd271db727e7060d68b5b", "generated": 68, "candidates": 68, "survivors": 1, "followups": 2, "rules_added": 0, "points": 0.0, "omitted_mechanism": true, "seconds": 15.772753899975214}
{"domain": "motion_1", "axis": "v0", "target": "m", "question": "434c1bcb4f11ee93591c4455d4f37fde57ed801f1af07ab9e4c454e6fba0231f", "generated": 84, "candidates": 84, "survivors": 1, "followups": 4, "rules_added": 0, "points": 0.0, "omitted_mechanism": true, "seconds": 23.227539199986495}
{"domain": "motion_2", "axis": "x0", "target": "f", "question": "654a7c52bdbd26f9dcaa9ad3e6834e4233558a416c615393c18b61a4ba26a46b", "generated": 175, "candidates": 175, "survivors": 1, "followups": 3, "rules_added": 0, "points": 0.0, "omitted_mechanism": true, "seconds": 54.805028299975675}
{"domain": "polynomials", "axis": "c1", "target": "s", "question": "e311aa3bee519439f3ca5f8d7b439186d1c0b444227a76c983e8acd5c76a0b00", "generated": 52, "candidates": 39, "survivors": 1, "followups": 1, "rules_added": 0, "points": 0.0, "omitted_mechanism": false, "seconds": 10.21314639999764}
{"domain": "motion_0", "axis": "t", "target": "v", "question": "b31462ed5fa5ce9c8c5b65a6179ffcea90ed961bb30144bd5b94b8c7c2a8a3e8", "generated": 68, "candidates": 68, "survivors": 2, "followups": 2, "rules_added": 0, "points": 0.0, "omitted_mechanism": false, "seconds": 17.457511099986732}
{"domain": "motion_1", "axis": "x0", "target": "a0", "question": "3d6fa1cf980fadbd6ca7208bc478dac22c1b0249e8c0aae5e98fb19cfc648041", "generated": 84, "candidates": 84, "survivors": 1, "followups": 2, "rules_added": 0, "points": 0.0, "omitted_mechanism": false, "seconds": 20.8575294999755}
{"domain": "motion_2", "axis": "v0", "target": "f", "question": "64bc8013dbd3af6dd87dd7b54e17e4e9880ad5d10cb784a3e1bbd3913ae40e00", "generated": 175, "candidates": 175, "survivors": 1, "followups": 1, "rules_added": 0, "points": 0.0, "omitted_mechanism": false, "seconds": 55.36963959998684}
{"domain": "polynomials", "axis": "c1", "target": "c0", "question": "bdbdff8b149631cd5d202ad2c5b9894668761486ce0b6c080745bf80197d2614", "generated": 52, "candidates": 39, "survivors": 1, "followups": 2, "rules_added": 0, "points": 0.0, "omitted_mechanism": false, "seconds": 7.4530254999990575}
{"domain": "motion_0", "axis": "v0", "target": "v", "question": "afd620a10294a557bb158e76c828dccefe1a7b5f7ad40ee5abf583b9663abc1d", "generated": 68, "candidates": 68, "survivors": 2, "followups": 3, "rules_added": 0, "points": 0.0, "omitted_mechanism": true, "seconds": 17.090509100002237}
{"domain": "motion_1", "axis": "x0", "target": "a1", "question": "321e6c95d96abad875665e5e46d877979eb3f9b328a1d4ba7f7c00f2dd0db38c", "generated": 84, "candidates": 84, "survivors": 1, "followups": 3, "rules_added": 0, "points": 0.0, "omitted_mechanism": false, "seconds": 20.656393100041896}
{"domain": "motion_2", "axis": "x0", "target": "m", "question": "4583cf769c0aaedc872ec64a5e4140f50a3c7b5d4e37b4e40faa0ff373b7b460", "generated": 175, "candidates": 175, "survivors": 5, "followups": 3, "rules_added": 1, "points": 0.0, "omitted_mechanism": false, "seconds": 50.544300900015514}
{"domain": "motion_0", "axis": "v0", "target": "t", "question": "ac2004a345b607e6728e638da6578a7950f356ba99683d4a91614df26b7be1bc", "generated": 68, "candidates": 68, "survivors": 1, "followups": 2, "rules_added": 0, "points": 0.0, "omitted_mechanism": false, "seconds": 15.03961660002824}
