{"domain": "motion_2", "axis": "x0", "target": "x", "question": "f08048c09dd1f4600e076223fbecddad791f2cc096ed21c9db12ae73d4924215", "generated": 175, "candidates": 175, "survivors": 1, "followups": 0, "rules_added": 0, "points": 0.0, "omitted_mechanism": true, "seconds": 20.66114420001395}
{"domain": "motion_1", "axis": "m", "target": "v0", "question": "dfe46668c0eda4f3c568e90b33ad865546605fb4ce8387af0d4544044358da9d", "generated": 84, "candidates": 84, "survivors": 1, "followups": 2, "rules_added": 0, "points": 0.0, "omitted_mechanism": true, "seconds": 15.963144100038335}
{"domain": "motion_0", "axis": "t", "target": "a0", "question": "90b22820544839dbdcfad6b3d3629432d4751cb1e980e96754bfb9ecb5df062c", "generated": 68, "candidates": 68, "survivors": 3, "followups": 3, "rules_added": 1, "points": 0.0, "omitted_mechanism": true, "seconds": 5.164833099988755}
{"domain": "polynomials", "axis": "c1", "target": "t", "question": "009390107191671f3977b92cf918a4ba5577917c19d514fd05c61c0724df9cfb", "generated": 52, "candidates": 39, "survivors": 1, "followups": 2, "rules_added": 0, "points": 0.0, "omitted_mechanism": true, "seconds": 6.328830600017682}
{"domain": "motion_2", "axis": "t", "target": "v0", "question": "b4a10ef0d2a456767557dbadd352b067cfc08092ba174f61960cf12645784fa5", "generated": 175, "candidates": 175, "survivors": 1, "followups": 2, "rules_added": 0, "points": 0.0, "omitted_mechanism": false, "seconds": 20.957947899994906}
{"domain": "motion_1", "axis": "x0", "target": "v0", "question": "a5f28048403c6dac86b4c31438f03f63cc82346a44a7ca10ed8d90bf345abadb", "generated": 84, "candidates": 84, "survivors": 1, "followups": 2, "rules_added": 0, "points": 0.0, "omitted_mechanism": false, "seconds": 6.70396020001499}
{"domain": "motion_0", "axis": "v0", "target": "m", "question": "12ccfb202d071ff50cdc071e1cfa21f10842047452e744f28bb86b0a5fb32c1a", "generated": 68, "candidates": 68, "survivors": 2, "followups": 1, "rules_added": 1, "points": 1.0, "omitted_mechanism": false, "seconds": 3.956199000007473}
{"domain": "polynomials", "axis": "p", "target": "i", "question": "ba5ec7781950c5ad1f3dac502ada7c251ad2cbf95b107dab00e9626bf4186403", "generated": 26, "candidates": 24, "survivors": 1, "followups": 1, "rules_added": 0, "points": 0.0, "omitted_mechanism": true, "seconds": 4.32981289998861}
{"domain": "motion_2", "axis": "t", "target": "x0", "question": "898ac6d08e491945bb6d59ad0e409340d0efb09ae5b332f4a17b4e968a3e6228", "generated": 175, "candidates": 175, "survivors": 1, "followups": 3, "rules_added": 0, "points": 0.0, "omitted_mechanism": false, "seconds": 9.229740300041158}
{"domain": "motion_1", "axis": "x0", "target": "x", "question": "879bca30bcb989252a6bdc12a3dffec51252da7eb91c5273f0d8986410337bc6", "generated": 84, "candidates": 84, "survivors": 1, "followups": 0, "rules_added": 0, "points": 0.0, "omitted_mechanism": false, "seconds": 7.496049300010782}
{"domain": "motion_0", "axis": "a0", "target": "v", "question": "c8bbdc889cab1da5afab4c4c2acf2413db984d99024d6a83afa0ef94ea0cada5", "generated": 34, "candidates": 34, "survivors": 1, "followups": 2, "rules_added": 0, "points": 0.0, "omitted_mechanism": true, "seconds": 4.894268100033514}
{"domain": "polynomials", "axis": "p", "target": "c1", "question": "79216e005d2263a30bc6ed3a21e17ecdcc6344a97595406bccb8bb481ecd751d", "generated": 26, "candidates": 24, "survivors": 1, "followups": 0, "rules_added": 0, "points": 0.0, "omitted_mechanism": false, "seconds": 1.2673496999777853}
{"domain": "motion_2", "axis": "x0", "target": "t", "question": "496118f8a2e9be1749ab2c0db4d615793ee2b0b151eb0113958de6c2962c70f8", "generated": 175, "candidates": 175, "survivors": 1, "followups": 2, "rules_added": 0, "points": 0.0, "omitted_mechanism": false, "seconds": 7.4832643999834545}
{"domain": "motion_1", "axis": "v0", "target": "t", "question": "716e14304d054c6c65fb75a6972857e58bec261aecb7832bd6bdb29c2138e5a4", "generated": 84, "candidates": 84, "survivors": 1, "followups": 1, "rules_added": 0, "points": 0.0, "omitted_mechanism": false, "seconds": 7.032215399958659}
{"domain": "motion_0", "axis": "x", "target": "m", "question": "e95dec60e00ec63eae54dce82b8c280a676fbbdaeb109619e2ccefada375949b", "generated": 17, "candidates": 17, "survivors": 1, "followups": 2, "rules_added": 0, "points": 0.0, "omitted_mechanism": false, "seconds": 1.4376424999791197}
{"domain": "polynomials", "axis": "i", "target": "t", "question": "c26e22f87441fb9a968bc54bbc858ceb476e5e9488c4e37ddf1b3913c2c6ad48", "generated": 13, "candidates": 12, "survivors": 1, "followups": 1, "rules_added": 0, "points": 0.0, "omitted_mechanism": false, "seconds": 1.1535427999915555}
{"domain": "motion_2", "axis": "m", "target": "v0", "question": "d964e5f847ba2e0abf76f0e5c72f5490ee36fb2f07123f8e4d432478e2b3d745", "generated": 150, "candidates": 150, "survivors": 1, "followups": 1, "rules_added": 0, "points": 0.0, "omitted_mechanism": false, "seconds": 18.00844570004847}
{"domain": "motion_1", "axis": "a1", "target": "x", "question": "fd5209306e0d956d46a389e3eed5674db723866cb1e0cbf0e436152c8f6e28ff", "generated": 63, "candidates": 63, "survivors": 1, "followups": 1, "rules_added": 0, "points": 0.0, "omitted_mechanism": true, "seconds": 15.24220229999628}
{"domain": "polynomials", "axis": "i", "target": "c1", "question": "39516f58763a8e0b2c61ff70c2cf805ce90d3a449e39864ad62df3efba3d363f", "generated": 13, "candidates": 12, "survivors": 1, "followups": 1, "rules_added": 0, "points": 0.0, "omitted_mechanism": false, "seconds": 0.5719497000100091}
{"domain": "motion_0", "axis": "x", "target": "a0", "question": "36bb98001d9e879a1aaf4ec9a4f60a827987207ca3fd7440b73bebd49acc8852", "generated": 17, "candidates": 17, "survivors": 1, "followups": 1, "rules_added": 0, "points": 0.0, "omitted_mechanism": false, "seconds": 1.238942199968733}
{"domain": "motion_2", "axis": "a2", "target": "x", "question": "1c9b1e7083f3a95c72629d02586ffbaf6deca84285f6d515c644a952ddd175d3", "generated": 150, "candidates": 150, "survivors": 1, "followups": 2, "rules_added": 0, "points": 0.0, "omitted_mechanism": false, "seconds": 17.808415499981493}
{"domain": "motion_1", "axis": "f", "target": "v", "question": "ed9aff58d27f63d8e751fdf03aeaab27f2f445cc74a319f32474540fd9dc092b", "generated": 63, "candidates": 63, "survivors": 1, "followups": 0, "rules_added": 0, "points": 0.0, "omitted_mechanism": false, "seconds": 7.164217299956363}
{"domain": "motion_0", "axis": "x", "target": "x0", "question": "1052fb98fad5e87047a75eedb6926776f137cd3cecde58d7d9d3f2a9e0f21626", "generated": 17, "candidates": 17, "survivors": 1, "followups": 1, "rules_added": 0, "points": 0.0, "omitted_mechanism": false, "seconds": 0.8902570000500418}
{"domain": "motion_2", "axis": "a1", "target": "a2", "question": "f719db584726664ff797c7cd8cd87cfbbb9da89a60a5e37f98584b7868019784", "generated": 125, "candidates": 125, "survivors": 1, "followups": 4, "rules_added": 0, "points": 0.0, "omitted_mechanism": false, "seconds": 13.096089900005609}
{"domain": "motion_1", "axis": "f", "target": "a1", "question": "645405289c456a94a642e378f44c4aafd4372fb780741a9b79d07d90083c857e", "generated": 63, "candidates": 63, "survivors": 1, "followups": 1, "rules_added": 0, "points": 0.0, "omitted_mechanism": true, "seconds": 9.18631409999216}
{"domain": "motion_2", "axis": "x", "target": "f", "question": "b4d21bf074984a7f0d3e8444ae4d2401357d5562282990da74e12e0c945b82ca", "generated": 50, "candidates": 50, "survivors": 1, "followups": 0, "rules_added": 0, "points": 0.0, "omitted_mechanism": false, "seconds": 10.391019399976358}
{
  "phase": "train",
  "questions": 26,
  "owner": "c9e12f48a91e10afdab784fcae19fa26523b8022479a2d6dd6973e5d2e59fc7c",
  "rules": 2,
  "points": 1.0,
  "comparison": {},
  "policy_weights": [
    0.3407216056027716,
    0.3920944942688981,
    -0.18568751340554498,
    -0.7872636761970089,
    1.3393104368132325,
    -0.05595856721458159,
    -0.19052976615812647,
    -1.1632687055439228
  ],
  "source": "47e7fb387d00c4711360b21787c1090e835e1fc7ef0a0cb54258e54b94bfcda1"
}
