tests/test_acquisition_dependence.py: 2
tests/test_applicability.py: 11
tests/test_applicability_audit_contract.py: 7
tests/test_artifact_restore.py: 8
tests/test_audit_compatibility.py: 1
tests/test_autonomous_discovery.py: 4
tests/test_book_learning.py: 3
tests/test_concept_refinement.py: 18
tests/test_connected_learning.py: 12
tests/test_constraint_acquisition.py: 1
tests/test_constraint_inquiry.py: 19
tests/test_constraint_rounding.py: 25
tests/test_continuing_control.py: 7
tests/test_continuing_growth.py: 5
tests/test_continuing_integration.py: 2
tests/test_continuing_use.py: 3
tests/test_cross_route_transfer.py: 5
tests/test_evaluation_engine.py: 5
tests/test_generative_memory.py: 18
tests/test_generator_acquisition.py: 14
tests/test_grounded_books.py: 18
tests/test_grounded_language.py: 4
tests/test_guarded_consolidation.py: 13
tests/test_human_reading.py: 6
tests/test_instance_transfer.py: 1
tests/test_interpretation_rounding.py: 13
tests/test_language_guard.py: 2
tests/test_language_inquiry.py: 18
tests/test_language_resume.py: 1
tests/test_learning_progress.py: 7
tests/test_math_contract.py: 2
tests/test_math_runtime.py: 1
tests/test_models_data.py: 11
tests/test_operator_discovery.py: 3
tests/test_parameter_cloud.py: 20
tests/test_programs_world.py: 3
tests/test_quantum.py: 7
tests/test_quest_portfolio.py: 10
tests/test_quest_retention_artifacts.py: 1
tests/test_refinement_artifacts.py: 2
tests/test_refinement_resolution.py: 2
tests/test_request_rounding.py: 13
tests/test_self_study.py: 21
tests/test_self_study_lifecycle.py: 7
tests/test_semantic_retention.py: 4
tests/test_shared_generative.py: 14
tests/test_shared_learner.py: 12
tests/test_solver_lifecycle.py: 2
tests/test_sparse_applications.py: 4
tests/test_sparse_costs.py: 1
tests/test_sparse_mechanisms.py: 4
tests/test_sparse_owner_metrics.py: 1
tests/test_sparse_repair.py: 3
tests/test_stage_three.py: 15
tests/test_stream_batch.py: 2
tests/test_stream_data.py: 9
tests/test_stream_evaluation.py: 2
tests/test_stream_interfaces.py: 12
tests/test_stream_report.py: 1
tests/test_stream_schedules.py: 3
tests/test_sustained_refinement.py: 3
tests/test_task_learning.py: 4
tests/test_task_transfer.py: 4
tests/test_task_transfer_runtime.py: 5
tests/test_transfer_integration.py: 2
tests/test_v3_resources.py: 1
tests/test_verified_completion.py: 12
tests/test_workbench.py: 9
tests/test_workbench_retention.py: 1
tests/test_world_calibration.py: 11
tests/test_world_graph.py: 19

